02-05 21:13:53.915 I/PackageWatchdog(  572): Saving observer state to file
02-05 21:13:53.915 I/ExplicitHealthCheckController(  572): Explicit health check supported packages [PackageConfig{com.google.android.networkstack, 86400000}]
02-05 21:13:53.922 D/PackageWatchdog(  572): Received supported packages [PackageConfig{com.google.android.networkstack, 86400000}]
02-05 21:13:53.922 D/ExplicitHealthCheckController(  572): Getting health check requested packages
02-05 21:13:53.923 I/ExplicitHealthCheckController(  572): Explicit health check requested packages []
02-05 21:13:53.923 I/ExplicitHealthCheckController(  572): No more health check requests, unbinding...
02-05 21:13:53.925 I/ExplicitHealthCheckController(  572): Explicit health check service is unbound
02-05 21:13:53.957 I/init    (    0): processing action (persist.device_config.lmkd_native.thrashing_limit_critical=*) from (/system/etc/init/lmkd.rc:44)
02-05 21:13:53.965 I/init    (    0): processing action (lmkd.reinit=1) from (/system/etc/init/lmkd.rc:10)
02-05 21:13:53.969 I/init    (    0): starting service 'exec 24 (/system/bin/lmkd --reinit)'...
02-05 21:13:54.001 I/init    (    0): ... started service 'exec 24 (/system/bin/lmkd --reinit)' has pid 5622
02-05 21:13:54.057 I/lowmemorykiller(  155): lmkd data connection established
02-05 21:13:54.063 I/RescueParty(  572): Starting to observe: [android], updated namespace: display_manager
02-05 21:13:54.065 I/PackageWatchdog(  572): Syncing state, reason: observing new packages
02-05 21:13:54.065 W/BrightnessThrottler(  572): DeviceConfig ThermalBrightnessThrottlingData is null
02-05 21:13:54.068 D/PackageWatchdog(  572): rescue-party-observer added the following packages to monitor [android]
02-05 21:13:54.069 I/PackageWatchdog(  572): Syncing state, reason: updated observers
02-05 21:13:54.070 I/PackageWatchdog(  572): Syncing health check requests for packages: {}
02-05 21:13:54.071 I/ExplicitHealthCheckController(  572): Service not ready to get health check supported packages. Binding...
02-05 21:13:54.075 I/ExplicitHealthCheckController(  572): Explicit health check service is bound
02-05 21:13:54.075 I/PackageWatchdog(  572): Syncing health check requests for packages: {}
02-05 21:13:54.076 I/ExplicitHealthCheckController(  572): Service not ready to get health check supported packages. Binding...
02-05 21:13:54.076 I/ExplicitHealthCheckController(  572): Not binding to service, service already connecting
02-05 21:13:54.078 I/PackageWatchdog(  572): Saving observer state to file
02-05 21:13:54.084 I/ExplicitHealthCheckController(  572): Explicit health check service is connected ComponentInfo{com.google.android.ext.services/android.ext.services.watchdog.ExplicitHealthCheckServiceImpl}
02-05 21:13:54.085 I/ExplicitHealthCheckController(  572): Service initialized, syncing requests
02-05 21:13:54.086 I/PackageWatchdog(  572): Syncing health check requests for packages: {}
02-05 21:13:54.087 D/ExplicitHealthCheckController(  572): Getting health check supported packages
02-05 21:13:54.089 I/ExplicitHealthCheckController(  572): Explicit health check supported packages [PackageConfig{com.google.android.networkstack, 86400000}]
02-05 21:13:54.090 D/PackageWatchdog(  572): Received supported packages [PackageConfig{com.google.android.networkstack, 86400000}]
02-05 21:13:54.091 D/ExplicitHealthCheckController(  572): Getting health check requested packages
02-05 21:13:54.093 I/ExplicitHealthCheckController(  572): Explicit health check requested packages []
02-05 21:13:54.093 I/ExplicitHealthCheckController(  572): No more health check requests, unbinding...
02-05 21:13:54.098 I/ExplicitHealthCheckController(  572): Explicit health check service is unbound
02-05 21:13:54.104 I/lowmemorykiller(  155): Using psi monitors for memory pressure detection
02-05 21:13:54.104 I/lowmemorykiller(  155): Properties reinitilized
02-05 21:13:54.104 I/lowmemorykiller( 5622): lmkd updated properties successfully
02-05 21:13:54.105 I/lowmemorykiller(  155): lmkd data connection dropped
02-05 21:13:54.105 I/lowmemorykiller(  155): closing lmkd data connection
02-05 21:13:54.089 I/init    (    0): Service 'exec 24 (/system/bin/lmkd --reinit)' (pid 5622) exited with status 0 oneshot service took 0.107000 seconds in background
02-05 21:13:54.092 I/init    (    0): Sending signal 9 to service 'exec 24 (/system/bin/lmkd --reinit)' (pid 5622) process group...
02-05 21:13:54.095 I/libprocessgroup(    0): Successfully killed process cgroup uid 0 pid 5622 in 0ms
02-05 21:13:54.137 I/RescueParty(  572): Starting to observe: [com.android.settings], updated namespace: activity_manager
02-05 21:13:54.137 I/PackageWatchdog(  572): Syncing state, reason: observing new packages
02-05 21:13:54.138 D/PackageWatchdog(  572): rescue-party-observer added the following packages to monitor [com.android.settings]
02-05 21:13:54.138 I/PackageWatchdog(  572): Syncing state, reason: updated observers
02-05 21:13:54.140 I/PackageWatchdog(  572): Saving observer state to file
02-05 21:13:54.147 I/PackageWatchdog(  572): Syncing health check requests for packages: {}
02-05 21:13:54.148 I/ExplicitHealthCheckController(  572): Service not ready to get health check supported packages. Binding...
02-05 21:13:54.151 I/ExplicitHealthCheckController(  572): Explicit health check service is bound
02-05 21:13:54.154 I/ExplicitHealthCheckController(  572): Explicit health check service is connected ComponentInfo{com.google.android.ext.services/android.ext.services.watchdog.ExplicitHealthCheckServiceImpl}
02-05 21:13:54.154 I/ExplicitHealthCheckController(  572): Service initialized, syncing requests
02-05 21:13:54.155 I/PackageWatchdog(  572): Syncing health check requests for packages: {}
02-05 21:13:54.155 D/ExplicitHealthCheckController(  572): Getting health check supported packages
02-05 21:13:54.157 I/ExplicitHealthCheckController(  572): Explicit health check supported packages [PackageConfig{com.google.android.networkstack, 86400000}]
02-05 21:13:54.157 D/PackageWatchdog(  572): Received supported packages [PackageConfig{com.google.android.networkstack, 86400000}]
02-05 21:13:54.158 D/ExplicitHealthCheckController(  572): Getting health check requested packages
02-05 21:13:54.159 I/ExplicitHealthCheckController(  572): Explicit health check requested packages []
02-05 21:13:54.159 I/ExplicitHealthCheckController(  572): No more health check requests, unbinding...
02-05 21:13:54.161 I/ExplicitHealthCheckController(  572): Explicit health check service is unbound
02-05 21:13:54.193 I/AutofillManagerService(  572): Ignoring change on package_deny_list_for_unimportant_view
02-05 21:13:54.199 D/AutofillUI(  572): destroySaveUiUiThread(): already destroyed
02-05 21:13:54.202 D/AutofillManagerServiceImpl(  572): Set component for user 0 as ComponentInfo{com.google.android.gms/com.google.android.gms.autofill.service.AutofillService} and info as ServiceInfo{e09a68a com.google.android.gms.autofill.service.AutofillService}
02-05 21:13:54.204 I/AutofillManagerService(  572): Ignoring change on trigger_fill_request_on_filtered_important_views
02-05 21:13:54.205 I/AutofillManagerService(  572): Ignoring change on package_and_activity_allowlist_for_triggering_fill_request
02-05 21:13:54.205 I/AutofillManagerService(  572): Ignoring change on multiline_filter_enabled
02-05 21:13:54.205 I/AutofillManagerService(  572): Ignoring change on augmented_autofill_mode
02-05 21:13:54.205 I/AutofillManagerService(  572): Ignoring change on autofill_dialog_hints
02-05 21:13:54.205 I/AutofillManagerService(  572): Ignoring change on include_all_views_in_assist_structure
02-05 21:13:54.206 I/AutofillManagerService(  572): Ignoring change on should_enable_autofill_on_all_view_types
02-05 21:13:54.206 I/AutofillManagerService(  572): Ignoring change on autofill_save_dialog_landscape_body_height_max_percent
02-05 21:13:54.206 I/AutofillManagerService(  572): Ignoring change on non_autofillable_ime_action_ids
02-05 21:13:54.207 I/AutofillManagerService(  572): Ignoring change on autofill_save_dialog_portrait_body_height_max_percent
02-05 21:13:54.207 I/AutofillManagerService(  572): Ignoring change on include_all_autofill_type_not_none_views_in_assist_structure
02-05 21:13:54.208 I/AutofillManagerService(  572): Ignoring change on trigger_fill_request_on_unimportant_view
02-05 21:13:54.208 I/AutofillManagerService(  572): Ignoring change on autofill_dialog_enabled
02-05 21:13:54.213 D/AugmentedAutofillService( 1604): onUnbind(): no proxy to destroy
02-05 21:13:54.216 W/ServiceConnector.Impl(  572): mayInterruptIfRunning not supported - ignoring
02-05 21:13:54.223 I/AiAiAutofill( 1604): Disconnected AiAiAugmentedAutofillService.
02-05 21:13:54.235 I/AiAiAutofill( 1604): Created AiAiAugmentedAutofillService.
02-05 21:13:54.238 D/AugmentedAutofillService( 1604): handleOnConnected(): debug=true, verbose=false
02-05 21:13:54.251 I/AiAiAutofill( 1604): Connected AiAiAugmentedAutofillService.
02-05 21:13:54.390 I/RescueParty(  572): Starting to observe: [com.google.android.as, com.google.android.as.oss], updated namespace: device_personalization_services
02-05 21:13:54.390 I/PackageWatchdog(  572): Syncing state, reason: observing new packages
02-05 21:13:54.391 D/PackageWatchdog(  572): rescue-party-observer added the following packages to monitor [com.google.android.as, com.google.android.as.oss]
02-05 21:13:54.393 I/PackageWatchdog(  572): Syncing state, reason: updated observers
02-05 21:13:54.394 I/PackageWatchdog(  572): Saving observer state to file
02-05 21:13:54.394 I/PackageWatchdog(  572): Syncing health check requests for packages: {}
02-05 21:13:54.395 I/ExplicitHealthCheckController(  572): Service not ready to get health check supported packages. Binding...
02-05 21:13:54.400 I/ExplicitHealthCheckController(  572): Explicit health check service is bound
02-05 21:13:54.404 I/ExplicitHealthCheckController(  572): Explicit health check service is connected ComponentInfo{com.google.android.ext.services/android.ext.services.watchdog.ExplicitHealthCheckServiceImpl}
02-05 21:13:54.406 I/ExplicitHealthCheckController(  572): Service initialized, syncing requests
02-05 21:13:54.406 I/PackageWatchdog(  572): Syncing health check requests for packages: {}
02-05 21:13:54.407 D/ExplicitHealthCheckController(  572): Getting health check supported packages
02-05 21:13:54.409 I/ExplicitHealthCheckController(  572): Explicit health check supported packages [PackageConfig{com.google.android.networkstack, 86400000}]
02-05 21:13:54.409 D/PackageWatchdog(  572): Received supported packages [PackageConfig{com.google.android.networkstack, 86400000}]
02-05 21:13:54.410 D/ExplicitHealthCheckController(  572): Getting health check requested packages
02-05 21:13:54.411 I/ExplicitHealthCheckController(  572): Explicit health check requested packages []
02-05 21:13:54.412 I/ExplicitHealthCheckController(  572): No more health check requests, unbinding...
02-05 21:13:54.417 I/ExplicitHealthCheckController(  572): Explicit health check service is unbound
02-05 21:13:54.446 W/Zygote  (  354): forkRepeatedly terminated due to non-simple command
02-05 21:13:54.447 D/Zygote  (  354): mbuffer starts with 1 , nice name is , mEnd = 35, mNext = 35, mLinesLeft = 0, mFd = 6
02-05 21:13:54.548 I/ogle.android.as( 1604): Background concurrent copying GC freed 143761(6312KB) AllocSpace objects, 2(104KB) LOS objects, 49% free, 6127KB/11MB, paused 1.368ms,223us total 112.952ms
02-05 21:13:54.581 E/native  ( 1604): E0000 00:00:1770326034.576170    1622 mmap.cc:233] Error during Unmap / munmap: Invalid argument
02-05 21:13:54.656 I/RescueParty(  572): Starting to observe: [android], updated namespace: credential_manager
02-05 21:13:54.656 I/PackageWatchdog(  572): Syncing state, reason: observing new packages
02-05 21:13:54.657 D/PackageWatchdog(  572): rescue-party-observer added the following packages to monitor [android]
02-05 21:13:54.659 I/PackageWatchdog(  572): Syncing state, reason: updated observers
02-05 21:13:54.659 I/PackageWatchdog(  572): Saving observer state to file
02-05 21:13:54.660 I/PackageWatchdog(  572): Syncing health check requests for packages: {}
02-05 21:13:54.661 I/ExplicitHealthCheckController(  572): Service not ready to get health check supported packages. Binding...
02-05 21:13:54.666 I/ExplicitHealthCheckController(  572): Explicit health check service is bound
02-05 21:13:54.669 I/PackageWatchdog(  572): Syncing health check requests for packages: {}
02-05 21:13:54.669 I/ExplicitHealthCheckController(  572): Service not ready to get health check supported packages. Binding...
02-05 21:13:54.670 I/ExplicitHealthCheckController(  572): Not binding to service, service already connecting
02-05 21:13:54.671 I/ExplicitHealthCheckController(  572): Explicit health check service is connected ComponentInfo{com.google.android.ext.services/android.ext.services.watchdog.ExplicitHealthCheckServiceImpl}
02-05 21:13:54.671 I/ExplicitHealthCheckController(  572): Service initialized, syncing requests
02-05 21:13:54.673 I/PackageWatchdog(  572): Syncing health check requests for packages: {}
02-05 21:13:54.673 D/ExplicitHealthCheckController(  572): Getting health check supported packages
02-05 21:13:54.675 I/ExplicitHealthCheckController(  572): Explicit health check supported packages [PackageConfig{com.google.android.networkstack, 86400000}]
02-05 21:13:54.675 D/PackageWatchdog(  572): Received supported packages [PackageConfig{com.google.android.networkstack, 86400000}]
02-05 21:13:54.676 D/ExplicitHealthCheckController(  572): Getting health check requested packages
02-05 21:13:54.678 I/ExplicitHealthCheckController(  572): Explicit health check requested packages []
02-05 21:13:54.679 I/ExplicitHealthCheckController(  572): No more health check requests, unbinding...
02-05 21:13:54.682 I/ExplicitHealthCheckController(  572): Explicit health check service is unbound
02-05 21:13:54.723 I/RescueParty(  572): Starting to observe: [android, com.android.phone], updated namespace: telephony
02-05 21:13:54.723 I/PackageWatchdog(  572): Syncing state, reason: observing new packages
02-05 21:13:54.727 D/PackageWatchdog(  572): rescue-party-observer added the following packages to monitor [android, com.android.phone]
02-05 21:13:54.727 I/PackageWatchdog(  572): Syncing state, reason: updated observers
02-05 21:13:54.728 I/PackageWatchdog(  572): Syncing health check requests for packages: {}
02-05 21:13:54.729 I/ExplicitHealthCheckController(  572): Service not ready to get health check supported packages. Binding...
02-05 21:13:54.731 I/PackageWatchdog(  572): Saving observer state to file
02-05 21:13:54.740 I/ExplicitHealthCheckController(  572): Explicit health check service is bound
02-05 21:13:54.741 I/PackageWatchdog(  572): Syncing health check requests for packages: {}
02-05 21:13:54.742 I/ExplicitHealthCheckController(  572): Service not ready to get health check supported packages. Binding...
02-05 21:13:54.743 I/ExplicitHealthCheckController(  572): Not binding to service, service already connecting
02-05 21:13:54.744 I/ExplicitHealthCheckController(  572): Explicit health check service is connected ComponentInfo{com.google.android.ext.services/android.ext.services.watchdog.ExplicitHealthCheckServiceImpl}
02-05 21:13:54.747 I/ExplicitHealthCheckController(  572): Service initialized, syncing requests
02-05 21:13:54.747 I/PackageWatchdog(  572): Syncing health check requests for packages: {}
02-05 21:13:54.750 D/ExplicitHealthCheckController(  572): Getting health check supported packages
02-05 21:13:54.753 I/ExplicitHealthCheckController(  572): Explicit health check supported packages [PackageConfig{com.google.android.networkstack, 86400000}]
02-05 21:13:54.753 D/PackageWatchdog(  572): Received supported packages [PackageConfig{com.google.android.networkstack, 86400000}]
02-05 21:13:54.753 D/ExplicitHealthCheckController(  572): Getting health check requested packages
02-05 21:13:54.754 I/ExplicitHealthCheckController(  572): Explicit health check requested packages []
02-05 21:13:54.755 I/ExplicitHealthCheckController(  572): No more health check requests, unbinding...
02-05 21:13:54.760 I/ExplicitHealthCheckController(  572): Explicit health check service is unbound
02-05 21:13:54.804 I/RescueParty(  572): Starting to observe: [android], updated namespace: media_better_together
02-05 21:13:54.804 I/PackageWatchdog(  572): Syncing state, reason: observing new packages
02-05 21:13:54.805 D/PackageWatchdog(  572): rescue-party-observer added the following packages to monitor [android]
02-05 21:13:54.805 I/PackageWatchdog(  572): Syncing state, reason: updated observers
02-05 21:13:54.806 I/PackageWatchdog(  572): Saving observer state to file
02-05 21:13:54.816 I/PackageWatchdog(  572): Syncing health check requests for packages: {}
02-05 21:13:54.816 I/ExplicitHealthCheckController(  572): Service not ready to get health check supported packages. Binding...
02-05 21:13:54.819 I/ExplicitHealthCheckController(  572): Explicit health check service is bound
02-05 21:13:54.820 I/RescueParty(  572): Starting to observe: [android], updated namespace: health_fitness
02-05 21:13:54.821 I/PackageWatchdog(  572): Syncing state, reason: observing new packages
02-05 21:13:54.822 D/PackageWatchdog(  572): rescue-party-observer added the following packages to monitor [android]
02-05 21:13:54.823 I/PackageWatchdog(  572): Syncing state, reason: updated observers
02-05 21:13:54.824 I/PackageWatchdog(  572): Saving observer state to file
02-05 21:13:54.829 I/PackageWatchdog(  572): Syncing health check requests for packages: {}
02-05 21:13:54.830 I/ExplicitHealthCheckController(  572): Service not ready to get health check supported packages. Binding...
02-05 21:13:54.830 I/ExplicitHealthCheckController(  572): Not binding to service, service already connecting
02-05 21:13:54.833 I/ExplicitHealthCheckController(  572): Explicit health check service is connected ComponentInfo{com.google.android.ext.services/android.ext.services.watchdog.ExplicitHealthCheckServiceImpl}
02-05 21:13:54.834 I/ExplicitHealthCheckController(  572): Service initialized, syncing requests
02-05 21:13:54.835 I/PackageWatchdog(  572): Syncing health check requests for packages: {}
02-05 21:13:54.835 D/ExplicitHealthCheckController(  572): Getting health check supported packages
02-05 21:13:54.837 I/ExplicitHealthCheckController(  572): Explicit health check supported packages [PackageConfig{com.google.android.networkstack, 86400000}]
02-05 21:13:54.837 D/PackageWatchdog(  572): Received supported packages [PackageConfig{com.google.android.networkstack, 86400000}]
02-05 21:13:54.837 D/ExplicitHealthCheckController(  572): Getting health check requested packages
02-05 21:13:54.841 I/ExplicitHealthCheckController(  572): Explicit health check requested packages []
02-05 21:13:54.842 I/ExplicitHealthCheckController(  572): No more health check requests, unbinding...
02-05 21:13:54.844 I/ExplicitHealthCheckController(  572): Explicit health check service is unbound
02-05 21:13:54.856 I/RescueParty(  572): Starting to observe: [android], updated namespace: app_standby
02-05 21:13:54.856 I/PackageWatchdog(  572): Syncing state, reason: observing new packages
02-05 21:13:54.857 D/PackageWatchdog(  572): rescue-party-observer added the following packages to monitor [android]
02-05 21:13:54.857 I/PackageWatchdog(  572): Syncing state, reason: updated observers
02-05 21:13:54.860 I/PackageWatchdog(  572): Syncing health check requests for packages: {}
02-05 21:13:54.861 I/ExplicitHealthCheckController(  572): Service not ready to get health check supported packages. Binding...
02-05 21:13:54.861 I/PackageWatchdog(  572): Saving observer state to file
02-05 21:13:54.863 I/ExplicitHealthCheckController(  572): Explicit health check service is bound
02-05 21:13:54.870 I/PackageWatchdog(  572): Syncing health check requests for packages: {}
02-05 21:13:54.870 I/ExplicitHealthCheckController(  572): Service not ready to get health check supported packages. Binding...
02-05 21:13:54.871 I/ExplicitHealthCheckController(  572): Not binding to service, service already connecting
02-05 21:13:54.871 I/ExplicitHealthCheckController(  572): Explicit health check service is connected ComponentInfo{com.google.android.ext.services/android.ext.services.watchdog.ExplicitHealthCheckServiceImpl}
02-05 21:13:54.873 I/ExplicitHealthCheckController(  572): Service initialized, syncing requests
02-05 21:13:54.873 I/PackageWatchdog(  572): Syncing health check requests for packages: {}
02-05 21:13:54.873 D/ExplicitHealthCheckController(  572): Getting health check supported packages
02-05 21:13:54.875 I/ExplicitHealthCheckController(  572): Explicit health check supported packages [PackageConfig{com.google.android.networkstack, 86400000}]
02-05 21:13:54.875 D/PackageWatchdog(  572): Received supported packages [PackageConfig{com.google.android.networkstack, 86400000}]
02-05 21:13:54.876 D/ExplicitHealthCheckController(  572): Getting health check requested packages
02-05 21:13:54.877 I/ExplicitHealthCheckController(  572): Explicit health check requested packages []
02-05 21:13:54.877 I/ExplicitHealthCheckController(  572): No more health check requests, unbinding...
02-05 21:13:54.880 I/ExplicitHealthCheckController(  572): Explicit health check service is unbound
02-05 21:13:54.887 D/CompatibilityChangeReporter(  572): Compat change id reported: 218533173; UID 10132; state: DISABLED
02-05 21:13:54.890 D/CompatibilityChangeReporter(  572): Compat change id reported: 262645982; UID 10132; state: DISABLED
02-05 21:13:54.891 D/CompatibilityChangeReporter(  572): Compat change id reported: 171306433; UID 10132; state: ENABLED
02-05 21:13:54.893 D/CompatibilityChangeReporter(  572): Compat change id reported: 226439802; UID 10132; state: DISABLED
02-05 21:13:54.894 D/CompatibilityChangeReporter(  572): Compat change id reported: 218533173; UID 10087; state: ENABLED
02-05 21:13:54.895 D/CompatibilityChangeReporter(  572): Compat change id reported: 262645982; UID 10087; state: ENABLED
02-05 21:13:54.896 D/CompatibilityChangeReporter(  572): Compat change id reported: 218533173; UID 10125; state: ENABLED
02-05 21:13:54.897 D/CompatibilityChangeReporter(  572): Compat change id reported: 262645982; UID 10125; state: ENABLED
02-05 21:13:54.899 D/CompatibilityChangeReporter(  572): Compat change id reported: 218533173; UID 10085; state: ENABLED
02-05 21:13:54.900 D/CompatibilityChangeReporter(  572): Compat change id reported: 262645982; UID 10085; state: ENABLED
02-05 21:13:54.903 D/CompatibilityChangeReporter(  572): Compat change id reported: 218533173; UID 10131; state: ENABLED
02-05 21:13:54.903 D/CompatibilityChangeReporter(  572): Compat change id reported: 262645982; UID 10131; state: ENABLED
02-05 21:13:54.905 D/CompatibilityChangeReporter(  572): Compat change id reported: 218533173; UID 10137; state: ENABLED
02-05 21:13:54.907 D/CompatibilityChangeReporter(  572): Compat change id reported: 262645982; UID 10137; state: DISABLED
02-05 21:13:54.909 D/CompatibilityChangeReporter(  572): Compat change id reported: 218533173; UID 10129; state: ENABLED
02-05 21:13:54.909 D/CompatibilityChangeReporter(  572): Compat change id reported: 262645982; UID 10129; state: DISABLED
02-05 21:13:54.912 D/CompatibilityChangeReporter(  572): Compat change id reported: 218533173; UID 10185; state: ENABLED
02-05 21:13:54.912 D/CompatibilityChangeReporter(  572): Compat change id reported: 262645982; UID 10185; state: ENABLED
02-05 21:13:54.914 D/CompatibilityChangeReporter(  572): Compat change id reported: 218533173; UID 10139; state: ENABLED
02-05 21:13:54.915 D/CompatibilityChangeReporter(  572): Compat change id reported: 262645982; UID 10139; state: ENABLED
02-05 21:13:54.917 I/RescueParty(  572): Starting to observe: [com.google.android.apps.nexuslauncher], updated namespace: launcher
02-05 21:13:54.918 D/CompatibilityChangeReporter(  572): Compat change id reported: 218533173; UID 10153; state: ENABLED
02-05 21:13:54.919 D/CompatibilityChangeReporter(  572): Compat change id reported: 218533173; UID 10145; state: ENABLED
02-05 21:13:54.919 D/CompatibilityChangeReporter(  572): Compat change id reported: 262645982; UID 10145; state: DISABLED
02-05 21:13:54.922 D/CompatibilityChangeReporter(  572): Compat change id reported: 218533173; UID 10194; state: ENABLED
02-05 21:13:54.922 I/PackageWatchdog(  572): Syncing state, reason: observing new packages
02-05 21:13:54.923 D/CompatibilityChangeReporter(  572): Compat change id reported: 262645982; UID 10194; state: ENABLED
02-05 21:13:54.924 D/PackageWatchdog(  572): rescue-party-observer added the following packages to monitor [com.google.android.apps.nexuslauncher]
02-05 21:13:54.924 I/PackageWatchdog(  572): Syncing state, reason: updated observers
02-05 21:13:54.925 I/PackageWatchdog(  572): Saving observer state to file
02-05 21:13:54.927 D/CompatibilityChangeReporter(  572): Compat change id reported: 218533173; UID 10104; state: ENABLED
02-05 21:13:54.928 D/CompatibilityChangeReporter(  572): Compat change id reported: 262645982; UID 10104; state: ENABLED
02-05 21:13:54.928 I/ActivityThread( 1094): Schedule relaunch activity: com.google.android.apps.nexuslauncher.NexusLauncherActivity
02-05 21:13:54.931 D/CompatibilityChangeReporter(  572): Compat change id reported: 218533173; UID 10121; state: ENABLED
02-05 21:13:54.931 D/CompatibilityChangeReporter(  572): Compat change id reported: 262645982; UID 10121; state: ENABLED
02-05 21:13:54.936 D/CompatibilityChangeReporter(  572): Compat change id reported: 218533173; UID 10133; state: ENABLED
02-05 21:13:54.937 D/CompatibilityChangeReporter(  572): Compat change id reported: 262645982; UID 10133; state: ENABLED
02-05 21:13:54.938 D/CompatibilityChangeReporter(  572): Compat change id reported: 218533173; UID 10182; state: ENABLED
02-05 21:13:54.939 D/CompatibilityChangeReporter(  572): Compat change id reported: 262645982; UID 10182; state: ENABLED
02-05 21:13:54.942 D/b/254119092( 1094): clearActivity
02-05 21:13:54.942 D/b/254119092( 1094): mActivity and mContext agree taskbarIsPresent=false
02-05 21:13:54.943 D/CompatibilityChangeReporter(  572): Compat change id reported: 218533173; UID 10150; state: ENABLED
02-05 21:13:54.944 D/CompatibilityChangeReporter(  572): Compat change id reported: 262645982; UID 10150; state: ENABLED
02-05 21:13:54.946 D/CompatibilityChangeReporter(  572): Compat change id reported: 218533173; UID 10094; state: ENABLED
02-05 21:13:54.947 D/CompatibilityChangeReporter(  572): Compat change id reported: 262645982; UID 10094; state: ENABLED
02-05 21:13:54.948 D/CompatibilityChangeReporter(  572): Compat change id reported: 262645982; UID 10128; state: ENABLED
02-05 21:13:54.949 D/CompatibilityChangeReporter(  572): Compat change id reported: 218533173; UID 10149; state: ENABLED
02-05 21:13:54.949 D/CompatibilityChangeReporter(  572): Compat change id reported: 262645982; UID 10149; state: DISABLED
02-05 21:13:54.950 D/CompatibilityChangeReporter(  572): Compat change id reported: 218533173; UID 10124; state: ENABLED
02-05 21:13:54.951 D/CompatibilityChangeReporter(  572): Compat change id reported: 262645982; UID 10124; state: DISABLED
02-05 21:13:54.955 D/CompatibilityChangeReporter(  572): Compat change id reported: 218533173; UID 10098; state: ENABLED
02-05 21:13:54.955 D/CompatibilityChangeReporter(  572): Compat change id reported: 262645982; UID 10098; state: ENABLED
02-05 21:13:54.956 D/CompatibilityChangeReporter(  572): Compat change id reported: 218533173; UID 10099; state: ENABLED
02-05 21:13:54.957 D/CompatibilityChangeReporter(  572): Compat change id reported: 262645982; UID 10099; state: ENABLED
02-05 21:13:54.959 D/CompatibilityChangeReporter(  572): Compat change id reported: 218533173; UID 10179; state: ENABLED
02-05 21:13:54.960 D/CompatibilityChangeReporter(  572): Compat change id reported: 262645982; UID 10179; state: ENABLED
02-05 21:13:54.962 D/CompatibilityChangeReporter(  572): Compat change id reported: 218533173; UID 10118; state: ENABLED
02-05 21:13:54.963 D/CompatibilityChangeReporter(  572): Compat change id reported: 262645982; UID 10118; state: ENABLED
02-05 21:13:54.965 I/PackageWatchdog(  572): Syncing health check requests for packages: {}
02-05 21:13:54.965 I/ExplicitHealthCheckController(  572): Service not ready to get health check supported packages. Binding...
02-05 21:13:54.966 D/CompatibilityChangeReporter(  572): Compat change id reported: 218533173; UID 10161; state: ENABLED
02-05 21:13:54.967 D/CompatibilityChangeReporter(  572): Compat change id reported: 262645982; UID 10161; state: ENABLED
02-05 21:13:54.971 W/WindowOnBackDispatcher( 1094): sendCancelIfRunning: isInProgress=falsecallback=android.view.ViewRootImpl$$ExternalSyntheticLambda17@20e362d
02-05 21:13:54.970 D/CompatibilityChangeReporter(  572): Compat change id reported: 218533173; UID 10116; state: ENABLED
02-05 21:13:54.974 I/ExplicitHealthCheckController(  572): Explicit health check service is bound
02-05 21:13:54.974 D/CompatibilityChangeReporter(  572): Compat change id reported: 262645982; UID 10116; state: DISABLED
02-05 21:13:54.975 I/PackageWatchdog(  572): Syncing health check requests for packages: {}
02-05 21:13:54.975 I/ExplicitHealthCheckController(  572): Service not ready to get health check supported packages. Binding...
02-05 21:13:54.975 I/ExplicitHealthCheckController(  572): Not binding to service, service already connecting
02-05 21:13:54.975 I/ExplicitHealthCheckController(  572): Explicit health check service is connected ComponentInfo{com.google.android.ext.services/android.ext.services.watchdog.ExplicitHealthCheckServiceImpl}
02-05 21:13:54.975 I/ExplicitHealthCheckController(  572): Service initialized, syncing requests
02-05 21:13:54.977 I/PackageWatchdog(  572): Syncing health check requests for packages: {}
02-05 21:13:54.977 D/ExplicitHealthCheckController(  572): Getting health check supported packages
02-05 21:13:54.978 I/ExplicitHealthCheckController(  572): Explicit health check supported packages [PackageConfig{com.google.android.networkstack, 86400000}]
02-05 21:13:54.978 D/PackageWatchdog(  572): Received supported packages [PackageConfig{com.google.android.networkstack, 86400000}]
02-05 21:13:54.979 D/ExplicitHealthCheckController(  572): Getting health check requested packages
02-05 21:13:54.979 D/CompatibilityChangeReporter(  572): Compat change id reported: 218533173; UID 10120; state: ENABLED
02-05 21:13:54.981 I/ExplicitHealthCheckController(  572): Explicit health check requested packages []
02-05 21:13:54.981 I/ExplicitHealthCheckController(  572): No more health check requests, unbinding...
02-05 21:13:54.982 D/CompatibilityChangeReporter(  572): Compat change id reported: 262645982; UID 10120; state: DISABLED
02-05 21:13:54.985 I/ExplicitHealthCheckController(  572): Explicit health check service is unbound
02-05 21:13:54.988 D/SearchUiPerUserService(  572): Removing callback for session Id=com.google.android.apps.nexuslauncher:5b65de8d-ff97-47da-8c31-706a3cb194a5,0 and callback=android.os.BinderProxy@e79e1a6
02-05 21:13:54.991 D/CoreBackPreview(  572): Window{eb44387 u0 com.google.android.apps.nexuslauncher/com.google.android.apps.nexuslauncher.NexusLauncherActivity}: Setting back callback null
02-05 21:13:55.000 D/SearchUiPerUserService(  572): Removing all callbacks for session Id=com.google.android.apps.nexuslauncher:5b65de8d-ff97-47da-8c31-706a3cb194a5,0 and 0 callbacks.
02-05 21:13:55.003 D/AutofillManager( 1094): view is not autofillable - activity denied for autofill
02-05 21:13:55.004 I/RescueParty(  572): Starting to observe: [android], updated namespace: configuration
02-05 21:13:55.005 I/PackageWatchdog(  572): Syncing state, reason: observing new packages
02-05 21:13:55.007 D/PackageWatchdog(  572): rescue-party-observer added the following packages to monitor [android]
02-05 21:13:55.010 I/PackageWatchdog(  572): Syncing state, reason: updated observers
02-05 21:13:55.014 I/PackageWatchdog(  572): Saving observer state to file
02-05 21:13:55.017 I/PackageWatchdog(  572): Syncing health check requests for packages: {}
02-05 21:13:55.017 I/ExplicitHealthCheckController(  572): Service not ready to get health check supported packages. Binding...
02-05 21:13:55.019 I/ExplicitHealthCheckController(  572): Explicit health check service is bound
02-05 21:13:55.020 I/RescueParty(  572): Starting to observe: [android], updated namespace: companion
02-05 21:13:55.022 W/InputManager-JNI(  572): Input channel object 'eb44387 com.google.android.apps.nexuslauncher/com.google.android.apps.nexuslauncher.NexusLauncherActivity (client)' was disposed without first being removed with the input manager!
02-05 21:13:55.039 I/RescueParty(  572): Starting to observe: [android], updated namespace: package_manager_service
02-05 21:13:55.039 W/WindowOnBackDispatcher( 1094): OnBackInvokedCallback is not enabled for the application.
02-05 21:13:55.039 W/WindowOnBackDispatcher( 1094): Set 'android:enableOnBackInvokedCallback="true"' in the application manifest.
02-05 21:13:55.042 I/PackageWatchdog(  572): Syncing health check requests for packages: {}
02-05 21:13:55.042 I/ExplicitHealthCheckController(  572): Service not ready to get health check supported packages. Binding...
02-05 21:13:55.042 I/ExplicitHealthCheckController(  572): Not binding to service, service already connecting
02-05 21:13:55.043 I/PackageWatchdog(  572): Syncing state, reason: observing new packages
02-05 21:13:55.044 I/ExplicitHealthCheckController(  572): Explicit health check service is connected ComponentInfo{com.google.android.ext.services/android.ext.services.watchdog.ExplicitHealthCheckServiceImpl}
02-05 21:13:55.045 I/ExplicitHealthCheckController(  572): Service initialized, syncing requests
02-05 21:13:55.050 D/PackageWatchdog(  572): rescue-party-observer added the following packages to monitor [android]
02-05 21:13:55.050 I/PackageWatchdog(  572): Syncing state, reason: updated observers
02-05 21:13:55.053 I/PackageWatchdog(  572): Syncing state, reason: observing new packages
02-05 21:13:55.053 D/PackageWatchdog(  572): rescue-party-observer added the following packages to monitor [android]
02-05 21:13:55.054 I/PackageWatchdog(  572): Syncing state, reason: updated observers
02-05 21:13:55.059 I/PackageWatchdog(  572): Saving observer state to file
02-05 21:13:55.060 I/PackageWatchdog(  572): Syncing health check requests for packages: {}
02-05 21:13:55.061 D/ExplicitHealthCheckController(  572): Getting health check supported packages
02-05 21:13:55.062 I/ExplicitHealthCheckController(  572): Explicit health check supported packages [PackageConfig{com.google.android.networkstack, 86400000}]
02-05 21:13:55.069 D/PackageWatchdog(  572): Received supported packages [PackageConfig{com.google.android.networkstack, 86400000}]
02-05 21:13:55.069 D/ExplicitHealthCheckController(  572): Getting health check requested packages
02-05 21:13:55.070 I/ExplicitHealthCheckController(  572): Explicit health check requested packages []
02-05 21:13:55.071 I/ExplicitHealthCheckController(  572): No more health check requests, unbinding...
02-05 21:13:55.074 I/ExplicitHealthCheckController(  572): Explicit health check service is unbound
02-05 21:13:55.086 I/RescueParty(  572): Starting to observe: [android, com.google.android.permissioncontroller, com.android.settings, com.android.systemui], updated namespace: privacy
02-05 21:13:55.088 I/PackageWatchdog(  572): Syncing state, reason: observing new packages
02-05 21:13:55.097 D/PackageWatchdog(  572): rescue-party-observer added the following packages to monitor [android, com.google.android.permissioncontroller, com.android.settings, com.android.systemui]
02-05 21:13:55.098 I/PackageWatchdog(  572): Syncing state, reason: updated observers
02-05 21:13:55.099 I/PackageWatchdog(  572): Saving observer state to file
02-05 21:13:55.101 I/PackageWatchdog(  572): Syncing health check requests for packages: {}
02-05 21:13:55.102 I/ExplicitHealthCheckController(  572): Service not ready to get health check supported packages. Binding...
02-05 21:13:55.106 I/ExplicitHealthCheckController(  572): Explicit health check service is bound
02-05 21:13:55.113 I/PackageWatchdog(  572): Syncing health check requests for packages: {}
02-05 21:13:55.113 I/ExplicitHealthCheckController(  572): Service not ready to get health check supported packages. Binding...
02-05 21:13:55.113 I/ExplicitHealthCheckController(  572): Not binding to service, service already connecting
02-05 21:13:55.113 I/ExplicitHealthCheckController(  572): Explicit health check service is connected ComponentInfo{com.google.android.ext.services/android.ext.services.watchdog.ExplicitHealthCheckServiceImpl}
02-05 21:13:55.113 I/ExplicitHealthCheckController(  572): Service initialized, syncing requests
02-05 21:13:55.115 I/PackageWatchdog(  572): Syncing health check requests for packages: {}
02-05 21:13:55.115 D/ExplicitHealthCheckController(  572): Getting health check supported packages
02-05 21:13:55.117 I/ExplicitHealthCheckController(  572): Explicit health check supported packages [PackageConfig{com.google.android.networkstack, 86400000}]
02-05 21:13:55.119 D/PackageWatchdog(  572): Received supported packages [PackageConfig{com.google.android.networkstack, 86400000}]
02-05 21:13:55.120 D/ExplicitHealthCheckController(  572): Getting health check requested packages
02-05 21:13:55.122 I/ExplicitHealthCheckController(  572): Explicit health check requested packages []
02-05 21:13:55.122 I/ExplicitHealthCheckController(  572): No more health check requests, unbinding...
02-05 21:13:55.129 I/ExplicitHealthCheckController(  572): Explicit health check service is unbound
02-05 21:13:55.136 E/SettingsToPropertiesMapper(  572): key=persist.device_config.configuration.AdbWritableFlags__adb_writable_flags_list value=adservices/disable_sdk_sandbox,adservices/enforce_broadcast_receiver_restrictions,adservices/fledge_ad_selection_enforce_foreground_status_custom_audience,adservices/fledge_custom_audience_max_count,adservices/fledge_custom_audience_max_num_ads,adservices/fledge_custom_audience_max_owner_count,adservices/fledge_custom_audience_per_app_max_count,adservices/fledge_js_isolate_enforce_max_heap_size,adservices/fledge_js_isolate_max_heap_size_bytes,adservices/sdk_request_permits_per_second,adservices/sdksandbox_customized_sdk_context_enabled,configuration/namespace_to_package_mapping,constrain_display_apis/always_constrain_display_apis,constrain_display_apis/never_constrain_display_apis,constrain_display_apis/never_constrain_display_apis_all_packages,device_policy_manager/disable_resources_updatability,flipendo/default_savings_mode_launch,flipendo/essential_apps,flipendo/flipendo_enabled_launch,flipendo/grayscale_enabled_launch,flipendo/lever_ble_scanning_enabled_launch,flipendo/lever_hotspot_enabled_launch,flipendo/lever_work_profile_enabled_launch,flipendo/resuspend_delay_minutes,namespace/key,namespace1/key1,namespace1/key2,namespace2/key1,namespace2/key2,package_manager_service/incfs_default_timeouts,package_manager_service/known_digesters_list,privacy/location_access_check_periodic_interval_millis,rollback/enable_rollback_timeout,rollback/watchdog_explicit_health_check_enabled,rollback/watchdog_request_timeout_millis,rollback/watchdog_trigger_failure_count,rollback/watchdog_trigger_failure_duration_millis,rollback_boot/rollback_lifetime_in_millis,systemui/nas_generate_actions,systemui/nas_generate_replies,systemui/nas_max_messages_to_extract,systemui/nas_max_suggestions,testspace/another,testspace/flagname,textclassifier/config_updater_model_enabled,textclassifier/key,textclassifier/key2,textclassifier/manifest_url_annotator_en,textclassifier/manifest_url_annotator_ru,textclassifier/model_download_backoff_delay_in_millis,textclassifier/model_download_manager_enabled,textclassifier/multi_language_support_enabled,textclassifier/testing_locale_list_override,textclassifier/textclassifier_service_package_override,window_manager/enable_default_rescind_bal_privileges_from_pending_intent_sender,wrong/nas_generate_replies, exceeds system property max length.
02-05 21:13:55.170 I/AiAiSuggestUi( 1094): Connecting to system intelligence module.
02-05 21:13:55.180 I/RescueParty(  572): Starting to observe: [android, com.google.android.as, com.android.systemui], updated namespace: systemui
02-05 21:13:55.181 I/PackageWatchdog(  572): Syncing state, reason: observing new packages
02-05 21:13:55.188 D/PackageWatchdog(  572): rescue-party-observer added the following packages to monitor [android, com.google.android.as, com.android.systemui]
02-05 21:13:55.188 I/PackageWatchdog(  572): Syncing state, reason: updated observers
02-05 21:13:55.189 I/PackageWatchdog(  572): Saving observer state to file
02-05 21:13:55.201 I/AiAiSuggestUi( 1094): Successfully connected to system intelligence: 
02-05 21:13:55.213 I/PackageWatchdog(  572): Syncing health check requests for packages: {}
02-05 21:13:55.213 I/ExplicitHealthCheckController(  572): Service not ready to get health check supported packages. Binding...
02-05 21:13:55.218 I/ExplicitHealthCheckController(  572): Explicit health check service is bound
02-05 21:13:55.221 I/ExplicitHealthCheckController(  572): Explicit health check service is connected ComponentInfo{com.google.android.ext.services/android.ext.services.watchdog.ExplicitHealthCheckServiceImpl}
02-05 21:13:55.223 I/ExplicitHealthCheckController(  572): Service initialized, syncing requests
02-05 21:13:55.223 I/PackageWatchdog(  572): Syncing health check requests for packages: {}
02-05 21:13:55.225 D/ExplicitHealthCheckController(  572): Getting health check supported packages
02-05 21:13:55.226 I/ExplicitHealthCheckController(  572): Explicit health check supported packages [PackageConfig{com.google.android.networkstack, 86400000}]
02-05 21:13:55.226 D/NavigationModeController(  813): getCurrentUserContext: contextUser=0 currentUser=0
02-05 21:13:55.227 D/PackageWatchdog(  572): Received supported packages [PackageConfig{com.google.android.networkstack, 86400000}]
02-05 21:13:55.228 D/AutofillManager( 1094): Fill dialog is enabled:false, hints=[password, passwordAuto, creditCardNumber, creditCardSecurityCode, creditCardExpirationDate]
02-05 21:13:55.227 D/ExplicitHealthCheckController(  572): Getting health check requested packages
02-05 21:13:55.230 I/ExplicitHealthCheckController(  572): Explicit health check requested packages []
02-05 21:13:55.231 I/ExplicitHealthCheckController(  572): No more health check requests, unbinding...
02-05 21:13:55.232 D/DeviceSearchAlg( 1094): search timeout = %d200
02-05 21:13:55.234 I/RescueParty(  572): Starting to observe: [android], updated namespace: media
02-05 21:13:55.235 I/ExplicitHealthCheckController(  572): Explicit health check service is unbound
02-05 21:13:55.236 I/PackageWatchdog(  572): Syncing state, reason: observing new packages
02-05 21:13:55.236 D/PackageWatchdog(  572): rescue-party-observer added the following packages to monitor [android]
02-05 21:13:55.237 I/PackageWatchdog(  572): Syncing state, reason: updated observers
02-05 21:13:55.237 W/PageIndicator( 1094): Total number of pages invalid: 0. Assuming 1 page.
02-05 21:13:55.238 W/BcSmartspaceView( 1094): Current card is not present in the Adapter; cannot log.
02-05 21:13:55.239 I/PackageWatchdog(  572): Saving observer state to file
02-05 21:13:55.247 I/PackageWatchdog(  572): Syncing health check requests for packages: {}
02-05 21:13:55.247 I/ExplicitHealthCheckController(  572): Service not ready to get health check supported packages. Binding...
02-05 21:13:55.255 I/ExplicitHealthCheckController(  572): Explicit health check service is bound
02-05 21:13:55.256 I/OverviewComponentObserver( 1094): updateOverviewTargets: mIsHomeDisabled=false, isDefaultHomeNull=false, mIsDefaultHome=true
02-05 21:13:55.262 I/ExplicitHealthCheckController(  572): Explicit health check service is connected ComponentInfo{com.google.android.ext.services/android.ext.services.watchdog.ExplicitHealthCheckServiceImpl}
02-05 21:13:55.262 I/ExplicitHealthCheckController(  572): Service initialized, syncing requests
02-05 21:13:55.263 I/PackageWatchdog(  572): Syncing health check requests for packages: {}
02-05 21:13:55.265 D/ExplicitHealthCheckController(  572): Getting health check supported packages
02-05 21:13:55.267 I/ExplicitHealthCheckController(  572): Explicit health check supported packages [PackageConfig{com.google.android.networkstack, 86400000}]
02-05 21:13:55.269 D/PackageWatchdog(  572): Received supported packages [PackageConfig{com.google.android.networkstack, 86400000}]
02-05 21:13:55.269 D/ExplicitHealthCheckController(  572): Getting health check requested packages
02-05 21:13:55.270 I/ExplicitHealthCheckController(  572): Explicit health check requested packages []
02-05 21:13:55.271 I/ExplicitHealthCheckController(  572): No more health check requests, unbinding...
02-05 21:13:55.274 I/ExplicitHealthCheckController(  572): Explicit health check service is unbound
02-05 21:13:55.291 I/bwir    ( 1336): updateFromConfigurations using legacy put method [CONTEXT service_id=204 ]
02-05 21:13:55.295 D/SearchUiPerUserService(  572): Creating SearchSessionInfo for session Id=com.google.android.apps.nexuslauncher:77f8c615-5ba1-48a1-9f57-0223b773e507,0
02-05 21:13:55.299 I/AiAiEcho( 1604): SearchContextManagerImpl::setSearchContext resultTypes=[141151] extras=[Bundle[mParcelledData.dataSize=684]] sessionId=[com.google.android.apps.nexuslauncher:77f8c615-5ba1-48a1-9f57-0223b773e507,0]
02-05 21:13:55.300 D/SearchUiPerUserService(  572): Storing callback for session Id=com.google.android.apps.nexuslauncher:77f8c615-5ba1-48a1-9f57-0223b773e507,0 and callback=android.os.BinderProxy@d0cd71d
02-05 21:13:55.302 D/SearchTargetUtil( 1094):  query= size=1
02-05 21:13:55.303 D/SearchTargetUtil( 1094): layoutType=icon_row resultType=4096 packageName= extras=Bundle{icon_container_enabled=true,zero_state_all_apps_web_suggest_count=3,rank=1.0,key_ipc_start=313302,hide_subtitle=true,zero_state_qsb_web_suggest_count=10,}ParentID: null targetID: SESSION_INFO:0::zero_state_flags
02-05 21:13:55.317 I/ContentCaptureHelper( 1094): Setting logging level to DEBUG
02-05 21:13:55.317 D/ContentCaptureManager( 1094): setFlushViewTreeAppearingEventDisabled(): setting to false
02-05 21:13:55.318 D/ContentCaptureManager( 1094): updateWindowAttributes(): window flags=-2137980672
02-05 21:13:55.377 D/AutofillManager( 1094): view is not autofillable - activity denied for autofill
02-05 21:13:55.383 D/CoreBackPreview(  572): Window{40959b5 u0 com.google.android.apps.nexuslauncher/com.google.android.apps.nexuslauncher.NexusLauncherActivity}: Setting back callback OnBackInvokedCallbackInfo{mCallback=android.window.IOnBackInvokedCallback$Stub$Proxy@87d68dd, mPriority=0, mIsAnimationCallback=false}
02-05 21:13:55.384 I/ImeTracker( 1094): com.google.android.apps.nexuslauncher:7a6a7b4: onRequestHide at ORIGIN_CLIENT_HIDE_SOFT_INPUT reason HIDE_SOFT_INPUT
02-05 21:13:55.385 I/ImeTracker( 1094): com.google.android.apps.nexuslauncher:7a6a7b4: onFailed at PHASE_CLIENT_VIEW_SERVED
02-05 21:13:55.385 I/RescueParty(  572): Starting to observe: [android], updated namespace: alarm_manager
02-05 21:13:55.386 I/PackageWatchdog(  572): Syncing state, reason: observing new packages
02-05 21:13:55.387 D/PackageWatchdog(  572): rescue-party-observer added the following packages to monitor [android]
02-05 21:13:55.391 I/PackageWatchdog(  572): Syncing state, reason: updated observers
02-05 21:13:55.394 D/android.hardware.audio@7.1-impl.ranchu(  359): threadLoop: entering standby, frames: 739840
02-05 21:13:55.401 I/PackageWatchdog(  572): Saving observer state to file
02-05 21:13:55.406 D/TISBindHelper( 1094): TIS service connected
02-05 21:13:55.412 D/b/254119092( 1094): Set mActivity=com.google.android.apps.nexuslauncher.NexusLauncherActivity@2b743a
02-05 21:13:55.412 D/b/254119092( 1094): mActivity and mContext agree taskbarIsPresent=false
02-05 21:13:55.413 D/MainContentCaptureSession( 1094): handleScheduleFlush(act:com.google.android.apps.nexuslauncher/.NexusLauncherActivity [state=1 (WAITING_FOR_SERVER), disabled=false], reason=FORCE_FLUSH): not a timeout reason because mDirectServiceInterface is not ready yet
02-05 21:13:55.417 I/ActivityTaskManager(  572): Activity reported stop, but no longer stopping: ActivityRecord{e2e2b4f u0 com.google.android.apps.nexuslauncher/.NexusLauncherActivity t67} STOPPED
02-05 21:13:55.422 I/PackageWatchdog(  572): Syncing health check requests for packages: {}
02-05 21:13:55.422 I/ExplicitHealthCheckController(  572): Service not ready to get health check supported packages. Binding...
02-05 21:13:55.447 I/ExplicitHealthCheckController(  572): Explicit health check service is bound
02-05 21:13:55.452 I/ExplicitHealthCheckController(  572): Explicit health check service is connected ComponentInfo{com.google.android.ext.services/android.ext.services.watchdog.ExplicitHealthCheckServiceImpl}
02-05 21:13:55.453 I/ExplicitHealthCheckController(  572): Service initialized, syncing requests
02-05 21:13:55.456 I/PackageWatchdog(  572): Syncing health check requests for packages: {}
02-05 21:13:55.456 D/ExplicitHealthCheckController(  572): Getting health check supported packages
02-05 21:13:55.457 I/ExplicitHealthCheckController(  572): Explicit health check supported packages [PackageConfig{com.google.android.networkstack, 86400000}]
02-05 21:13:55.458 D/PackageWatchdog(  572): Received supported packages [PackageConfig{com.google.android.networkstack, 86400000}]
02-05 21:13:55.458 D/ExplicitHealthCheckController(  572): Getting health check requested packages
02-05 21:13:55.460 I/ExplicitHealthCheckController(  572): Explicit health check requested packages []
