02-05 21:13:55.461 I/ExplicitHealthCheckController(  572): No more health check requests, unbinding...
02-05 21:13:55.463 I/AiAiStatsd( 1604): Successfully logged feature usage for VISUAL_CORTEX.
02-05 21:13:55.464 I/ExplicitHealthCheckController(  572): Explicit health check service is unbound
02-05 21:13:55.521 I/RescueParty(  572): Starting to observe: [android, com.android.settings], updated namespace: app_hibernation
02-05 21:13:55.522 I/PackageWatchdog(  572): Syncing state, reason: observing new packages
02-05 21:13:55.523 D/PackageWatchdog(  572): rescue-party-observer added the following packages to monitor [android, com.android.settings]
02-05 21:13:55.523 I/PackageWatchdog(  572): Syncing state, reason: updated observers
02-05 21:13:55.523 I/PackageWatchdog(  572): Not pruning observers, elapsed time: 0ms
02-05 21:13:55.524 I/PackageWatchdog(  572): Saving observer state to file
02-05 21:13:55.537 I/ResourceTimer(  572): GetResourceValue count=6283 pvalues=19000,64000,100000,560000
02-05 21:13:55.538 I/ResourceTimer(  572): RetrieveAttributes count=2644 pvalues=16000,63000,92000,660000
02-05 21:13:55.542 I/PackageWatchdog(  572): Syncing health check requests for packages: {}
02-05 21:13:55.542 I/ExplicitHealthCheckController(  572): Service not ready to get health check supported packages. Binding...
02-05 21:13:55.550 I/ExplicitHealthCheckController(  572): Explicit health check service is bound
02-05 21:13:55.551 D/AppHibernationService(  572): App hibernation changed to enabled=true
02-05 21:13:55.551 I/ExplicitHealthCheckController(  572): Explicit health check service is connected ComponentInfo{com.google.android.ext.services/android.ext.services.watchdog.ExplicitHealthCheckServiceImpl}
02-05 21:13:55.551 I/ExplicitHealthCheckController(  572): Service initialized, syncing requests
02-05 21:13:55.552 I/PackageWatchdog(  572): Syncing health check requests for packages: {}
02-05 21:13:55.552 D/ExplicitHealthCheckController(  572): Getting health check supported packages
02-05 21:13:55.553 I/ExplicitHealthCheckController(  572): Explicit health check supported packages [PackageConfig{com.google.android.networkstack, 86400000}]
02-05 21:13:55.553 D/PackageWatchdog(  572): Received supported packages [PackageConfig{com.google.android.networkstack, 86400000}]
02-05 21:13:55.553 D/ExplicitHealthCheckController(  572): Getting health check requested packages
02-05 21:13:55.558 I/ExplicitHealthCheckController(  572): Explicit health check requested packages []
02-05 21:13:55.558 I/ExplicitHealthCheckController(  572): No more health check requests, unbinding...
02-05 21:13:55.566 I/ExplicitHealthCheckController(  572): Explicit health check service is unbound
02-05 21:13:55.682 I/RescueParty(  572): Starting to observe: [android, com.android.systemui], updated namespace: window_manager
02-05 21:13:55.688 I/PackageWatchdog(  572): Syncing state, reason: observing new packages
02-05 21:13:55.688 D/PackageWatchdog(  572): rescue-party-observer added the following packages to monitor [android, com.android.systemui]
02-05 21:13:55.688 I/PackageWatchdog(  572): Syncing state, reason: updated observers
02-05 21:13:55.691 I/PackageWatchdog(  572): Saving observer state to file
02-05 21:13:55.705 I/PackageWatchdog(  572): Syncing health check requests for packages: {}
02-05 21:13:55.705 I/ExplicitHealthCheckController(  572): Service not ready to get health check supported packages. Binding...
02-05 21:13:55.709 I/ExplicitHealthCheckController(  572): Explicit health check service is bound
02-05 21:13:55.710 I/PackageWatchdog(  572): Syncing health check requests for packages: {}
02-05 21:13:55.710 I/ExplicitHealthCheckController(  572): Service not ready to get health check supported packages. Binding...
02-05 21:13:55.710 I/ExplicitHealthCheckController(  572): Not binding to service, service already connecting
02-05 21:13:55.716 I/ExplicitHealthCheckController(  572): Explicit health check service is connected ComponentInfo{com.google.android.ext.services/android.ext.services.watchdog.ExplicitHealthCheckServiceImpl}
02-05 21:13:55.717 I/ExplicitHealthCheckController(  572): Service initialized, syncing requests
02-05 21:13:55.718 I/PackageWatchdog(  572): Syncing health check requests for packages: {}
02-05 21:13:55.718 D/ExplicitHealthCheckController(  572): Getting health check supported packages
02-05 21:13:55.725 I/ExplicitHealthCheckController(  572): Explicit health check supported packages [PackageConfig{com.google.android.networkstack, 86400000}]
02-05 21:13:55.725 D/PackageWatchdog(  572): Received supported packages [PackageConfig{com.google.android.networkstack, 86400000}]
02-05 21:13:55.725 D/ExplicitHealthCheckController(  572): Getting health check requested packages
02-05 21:13:55.728 I/ExplicitHealthCheckController(  572): Explicit health check requested packages []
02-05 21:13:55.730 I/ExplicitHealthCheckController(  572): No more health check requests, unbinding...
02-05 21:13:55.737 I/ExplicitHealthCheckController(  572): Explicit health check service is unbound
02-05 21:13:55.751 D/StatusBarIconController(  813): ignoring old pipeline callbacks, because the new mobile icons are enabled
02-05 21:13:55.822 W/WindowOnBackDispatcher( 2030): sendCancelIfRunning: isInProgress=falsecallback=android.view.ViewRootImpl$$ExternalSyntheticLambda17@9a5dd7f
02-05 21:13:55.822 D/CoreBackPreview(  572): Window{bf58a3c u0 com.google.android.apps.nexuslauncher/com.google.android.apps.nexuslauncher.NexusLauncherActivity}: Setting back callback null
02-05 21:13:55.823 W/InputManager-JNI(  572): Input channel object 'bf58a3c com.google.android.apps.nexuslauncher/com.google.android.apps.nexuslauncher.NexusLauncherActivity (client)' was disposed without first being removed with the input manager!
02-05 21:13:55.829 D/CoreBackPreview(  572): Window{138116d u0 com.google.android.apps.nexuslauncher/com.google.android.apps.nexuslauncher.NexusLauncherActivity}: Setting back callback OnBackInvokedCallbackInfo{mCallback=android.window.IOnBackInvokedCallback$Stub$Proxy@3c1c568, mPriority=0, mIsAnimationCallback=false}
02-05 21:13:55.915 I/.gms.persistent( 1336): Background concurrent copying GC freed 488593(20MB) AllocSpace objects, 13(488KB) LOS objects, 49% free, 14MB/29MB, paused 8.722ms,66us total 217.884ms
02-05 21:13:55.940 I/RescueParty(  572): Starting to observe: [android, com.google.android.bluetooth], updated namespace: bluetooth
02-05 21:13:55.941 I/PackageWatchdog(  572): Syncing state, reason: observing new packages
02-05 21:13:55.942 D/PackageWatchdog(  572): rescue-party-observer added the following packages to monitor [android, com.google.android.bluetooth]
02-05 21:13:55.942 I/PackageWatchdog(  572): Syncing state, reason: updated observers
02-05 21:13:55.942 I/PackageWatchdog(  572): Not pruning observers, elapsed time: 0ms
02-05 21:13:55.944 I/PackageWatchdog(  572): Saving observer state to file
02-05 21:13:55.953 D/BluetoothDeviceConfigChangeTracker(  572): shouldRestartWhenPropertiesUpdated: INIT_gd_hal_snoop_logger_filtering='true',scan_timeout_millis='300000',location_denylist_name='',audio_policy_hf_enabled='true',INIT_gd_hal_snoop_logger_socket='true',location_denylist_advertising_data='0016AAFE40/00FFFFFFF0,0016AAFE/00FFFFFF,00FF4C0002/00FFFFFFFF',le_audio_enabled_by_default='false',location_denylist_mac='',audio_policy_ag_enabled='true'
02-05 21:13:55.955 D/BluetoothDeviceConfigListener(  572): All properties unchanged, skipping restart
02-05 21:13:55.957 I/PackageWatchdog(  572): Syncing health check requests for packages: {}
02-05 21:13:55.957 I/ExplicitHealthCheckController(  572): Service not ready to get health check supported packages. Binding...
02-05 21:13:55.960 I/ExplicitHealthCheckController(  572): Explicit health check service is bound
02-05 21:13:55.961 I/ExplicitHealthCheckController(  572): Explicit health check service is connected ComponentInfo{com.google.android.ext.services/android.ext.services.watchdog.ExplicitHealthCheckServiceImpl}
02-05 21:13:55.961 I/ExplicitHealthCheckController(  572): Service initialized, syncing requests
02-05 21:13:55.962 I/PackageWatchdog(  572): Syncing health check requests for packages: {}
02-05 21:13:55.962 D/ExplicitHealthCheckController(  572): Getting health check supported packages
02-05 21:13:55.963 I/ExplicitHealthCheckController(  572): Explicit health check supported packages [PackageConfig{com.google.android.networkstack, 86400000}]
02-05 21:13:55.964 D/PackageWatchdog(  572): Received supported packages [PackageConfig{com.google.android.networkstack, 86400000}]
02-05 21:13:55.964 D/ExplicitHealthCheckController(  572): Getting health check requested packages
02-05 21:13:55.967 I/ExplicitHealthCheckController(  572): Explicit health check requested packages []
02-05 21:13:55.967 I/ExplicitHealthCheckController(  572): No more health check requests, unbinding...
02-05 21:13:55.969 I/ExplicitHealthCheckController(  572): Explicit health check service is unbound
02-05 21:13:56.444 I/HeterodyneSyncer( 1336): Removed 0 invalid users [CONTEXT service_id=51 ]
02-05 21:13:56.452 I/RescueParty(  572): Starting to observe: [android, com.google.android.apps.nexuslauncher, com.android.systemui], updated namespace: latency_tracker
02-05 21:13:56.454 I/PackageWatchdog(  572): Syncing state, reason: observing new packages
02-05 21:13:56.457 I/PackageWatchdog(  572): Syncing health check requests for packages: {}
02-05 21:13:56.457 I/ExplicitHealthCheckController(  572): Service not ready to get health check supported packages. Binding...
02-05 21:13:56.457 D/PackageWatchdog(  572): rescue-party-observer added the following packages to monitor [android, com.google.android.apps.nexuslauncher, com.android.systemui]
02-05 21:13:56.458 I/PackageWatchdog(  572): Syncing state, reason: updated observers
02-05 21:13:56.460 I/PackageWatchdog(  572): Saving observer state to file
02-05 21:13:56.461 I/ExplicitHealthCheckController(  572): Explicit health check service is bound
02-05 21:13:56.467 I/PackageWatchdog(  572): Syncing health check requests for packages: {}
02-05 21:13:56.467 I/ExplicitHealthCheckController(  572): Service not ready to get health check supported packages. Binding...
02-05 21:13:56.468 I/ExplicitHealthCheckController(  572): Not binding to service, service already connecting
02-05 21:13:56.469 I/ExplicitHealthCheckController(  572): Explicit health check service is connected ComponentInfo{com.google.android.ext.services/android.ext.services.watchdog.ExplicitHealthCheckServiceImpl}
02-05 21:13:56.471 I/ExplicitHealthCheckController(  572): Service initialized, syncing requests
02-05 21:13:56.473 I/PackageWatchdog(  572): Syncing health check requests for packages: {}
02-05 21:13:56.473 D/ExplicitHealthCheckController(  572): Getting health check supported packages
02-05 21:13:56.474 I/ExplicitHealthCheckController(  572): Explicit health check supported packages [PackageConfig{com.google.android.networkstack, 86400000}]
02-05 21:13:56.475 D/PackageWatchdog(  572): Received supported packages [PackageConfig{com.google.android.networkstack, 86400000}]
02-05 21:13:56.475 D/ExplicitHealthCheckController(  572): Getting health check requested packages
02-05 21:13:56.476 I/ExplicitHealthCheckController(  572): Explicit health check requested packages []
02-05 21:13:56.477 I/ExplicitHealthCheckController(  572): No more health check requests, unbinding...
02-05 21:13:56.480 I/ExplicitHealthCheckController(  572): Explicit health check service is unbound
02-05 21:13:56.541 I/.gms.persistent( 1336): Compiler allocated 4914KB to compile void bwhy.D(java.util.Set, java.util.List, dmtw, java.lang.String, boolean, dzew, bwhx, java.util.LinkedHashMap, dhlq, boolean, edam)
02-05 21:13:56.569 D/OomAdjuster(  572): Not killing cached processes
02-05 21:13:56.602 I/.gms.persistent( 1336): Compiler allocated 5850KB to compile void bwhy.D(java.util.Set, java.util.List, dmtw, java.lang.String, boolean, dzew, bwhx, java.util.LinkedHashMap, dhlq, boolean, edam)
02-05 21:13:56.648 I/RescueParty(  572): Starting to observe: [android], updated namespace: battery_saver
02-05 21:13:56.652 I/PackageWatchdog(  572): Syncing state, reason: observing new packages
02-05 21:13:56.653 D/PackageWatchdog(  572): rescue-party-observer added the following packages to monitor [android]
02-05 21:13:56.653 I/PackageWatchdog(  572): Syncing state, reason: updated observers
02-05 21:13:56.653 I/PackageWatchdog(  572): Not pruning observers, elapsed time: 0ms
02-05 21:13:56.653 I/PackageWatchdog(  572): Saving observer state to file
02-05 21:13:56.654 E/DeviceConfig(  572): Parsing int failed for location_mode
02-05 21:13:56.665 I/PackageWatchdog(  572): Syncing health check requests for packages: {}
02-05 21:13:56.665 I/ExplicitHealthCheckController(  572): Service not ready to get health check supported packages. Binding...
02-05 21:13:56.669 I/ExplicitHealthCheckController(  572): Explicit health check service is bound
02-05 21:13:56.671 I/RescueParty(  572): Starting to observe: [android], updated namespace: constrain_display_apis
02-05 21:13:56.672 I/ExplicitHealthCheckController(  572): Explicit health check service is connected ComponentInfo{com.google.android.ext.services/android.ext.services.watchdog.ExplicitHealthCheckServiceImpl}
02-05 21:13:56.673 I/ExplicitHealthCheckController(  572): Service initialized, syncing requests
02-05 21:13:56.673 I/PackageWatchdog(  572): Syncing health check requests for packages: {}
02-05 21:13:56.673 D/ExplicitHealthCheckController(  572): Getting health check supported packages
02-05 21:13:56.673 I/ExplicitHealthCheckController(  572): Explicit health check supported packages [PackageConfig{com.google.android.networkstack, 86400000}]
02-05 21:13:56.674 D/PackageWatchdog(  572): Received supported packages [PackageConfig{com.google.android.networkstack, 86400000}]
02-05 21:13:56.674 D/ExplicitHealthCheckController(  572): Getting health check requested packages
02-05 21:13:56.675 I/ExplicitHealthCheckController(  572): Explicit health check requested packages []
02-05 21:13:56.675 I/ExplicitHealthCheckController(  572): No more health check requests, unbinding...
02-05 21:13:56.677 I/ExplicitHealthCheckController(  572): Explicit health check service is unbound
02-05 21:13:56.679 I/PackageWatchdog(  572): Syncing state, reason: observing new packages
02-05 21:13:56.681 D/PackageWatchdog(  572): rescue-party-observer added the following packages to monitor [android]
02-05 21:13:56.683 I/PackageWatchdog(  572): Syncing health check requests for packages: {}
02-05 21:13:56.683 I/ExplicitHealthCheckController(  572): Service not ready to get health check supported packages. Binding...
02-05 21:13:56.686 I/PackageWatchdog(  572): Syncing state, reason: updated observers
02-05 21:13:56.688 I/ExplicitHealthCheckController(  572): Explicit health check service is bound
02-05 21:13:56.688 I/PackageWatchdog(  572): Syncing health check requests for packages: {}
02-05 21:13:56.689 I/PackageWatchdog(  572): Saving observer state to file
02-05 21:13:56.690 I/ExplicitHealthCheckController(  572): Service not ready to get health check supported packages. Binding...
02-05 21:13:56.690 I/ExplicitHealthCheckController(  572): Not binding to service, service already connecting
02-05 21:13:56.691 I/ExplicitHealthCheckController(  572): Explicit health check service is connected ComponentInfo{com.google.android.ext.services/android.ext.services.watchdog.ExplicitHealthCheckServiceImpl}
02-05 21:13:56.692 I/ExplicitHealthCheckController(  572): Service initialized, syncing requests
02-05 21:13:56.698 I/RescueParty(  572): Starting to observe: [android], updated namespace: backup_and_restore
02-05 21:13:56.700 I/PackageWatchdog(  572): Syncing state, reason: observing new packages
02-05 21:13:56.701 D/PackageWatchdog(  572): rescue-party-observer added the following packages to monitor [android]
02-05 21:13:56.701 I/PackageWatchdog(  572): Syncing state, reason: updated observers
02-05 21:13:56.702 I/PackageWatchdog(  572): Syncing health check requests for packages: {}
02-05 21:13:56.703 D/ExplicitHealthCheckController(  572): Getting health check supported packages
02-05 21:13:56.703 I/PackageWatchdog(  572): Saving observer state to file
02-05 21:13:56.705 I/ExplicitHealthCheckController(  572): Explicit health check supported packages [PackageConfig{com.google.android.networkstack, 86400000}]
02-05 21:13:56.710 I/resolv  (  353): GetAddrInfoHandler::run: {101 786533 101 983141 10128 0}
02-05 21:13:56.711 I/PackageWatchdog(  572): Syncing health check requests for packages: {}
02-05 21:13:56.712 D/ExplicitHealthCheckController(  572): Getting health check supported packages
02-05 21:13:56.713 D/PackageWatchdog(  572): Received supported packages [PackageConfig{com.google.android.networkstack, 86400000}]
02-05 21:13:56.713 D/ExplicitHealthCheckController(  572): Getting health check requested packages
02-05 21:13:56.714 I/ExplicitHealthCheckController(  572): Explicit health check supported packages [PackageConfig{com.google.android.networkstack, 86400000}]
02-05 21:13:56.715 D/PackageWatchdog(  572): Received supported packages [PackageConfig{com.google.android.networkstack, 86400000}]
02-05 21:13:56.715 D/ExplicitHealthCheckController(  572): Getting health check requested packages
02-05 21:13:56.715 I/ExplicitHealthCheckController(  572): Explicit health check requested packages []
02-05 21:13:56.716 I/ExplicitHealthCheckController(  572): No more health check requests, unbinding...
02-05 21:13:56.717 I/resolv  (  353): res_nmkquery: (QUERY, IN, A)
02-05 21:13:56.717 I/ExplicitHealthCheckController(  572): Explicit health check service is unbound
02-05 21:13:56.718 I/resolv  (  353): res_nmkquery: (QUERY, IN, AAAA)
02-05 21:13:56.719 I/ExplicitHealthCheckController(  572): Explicit health check requested packages []
02-05 21:13:56.719 I/ExplicitHealthCheckController(  572): No more health check requests, unbinding...
02-05 21:13:56.719 I/ExplicitHealthCheckController(  572): Explicit health check service is unbound
02-05 21:13:56.725 I/resolv  (  353): res_nsend: used send_dg 148 terrno: 0
02-05 21:13:56.726 I/resolv  (  353): doQuery: rcode=0, ancount=4, return value=148
02-05 21:13:56.728 I/resolv  (  353): res_nsend: used send_dg 292 terrno: 0
02-05 21:13:56.729 I/resolv  (  353): doQuery: rcode=0, ancount=16, return value=292
02-05 21:13:56.733 D/TrafficStats( 1336): tagSocket(223) with statsTag=0x1203, statsUid=10128
02-05 21:13:56.750 I/RescueParty(  572): Starting to observe: [android, com.google.android.networkstack], updated namespace: tethering
02-05 21:13:56.751 I/PackageWatchdog(  572): Syncing state, reason: observing new packages
02-05 21:13:56.753 D/PackageWatchdog(  572): rescue-party-observer added the following packages to monitor [android, com.google.android.networkstack]
02-05 21:13:56.753 I/PackageWatchdog(  572): Syncing state, reason: updated observers
02-05 21:13:56.753 I/PackageWatchdog(  572): Not pruning observers, elapsed time: 0ms
02-05 21:13:56.754 I/PackageWatchdog(  572): Saving observer state to file
02-05 21:13:56.761 I/PackageWatchdog(  572): Syncing health check requests for packages: {}
02-05 21:13:56.761 I/ExplicitHealthCheckController(  572): Service not ready to get health check supported packages. Binding...
02-05 21:13:56.765 I/ExplicitHealthCheckController(  572): Explicit health check service is bound
02-05 21:13:56.767 I/ExplicitHealthCheckController(  572): Explicit health check service is connected ComponentInfo{com.google.android.ext.services/android.ext.services.watchdog.ExplicitHealthCheckServiceImpl}
02-05 21:13:56.767 I/ExplicitHealthCheckController(  572): Service initialized, syncing requests
02-05 21:13:56.767 I/PackageWatchdog(  572): Syncing health check requests for packages: {}
02-05 21:13:56.768 D/ExplicitHealthCheckController(  572): Getting health check supported packages
02-05 21:13:56.770 I/ExplicitHealthCheckController(  572): Explicit health check supported packages [PackageConfig{com.google.android.networkstack, 86400000}]
02-05 21:13:56.770 D/PackageWatchdog(  572): Received supported packages [PackageConfig{com.google.android.networkstack, 86400000}]
02-05 21:13:56.770 D/ExplicitHealthCheckController(  572): Getting health check requested packages
02-05 21:13:56.771 I/ExplicitHealthCheckController(  572): Explicit health check requested packages []
02-05 21:13:56.772 I/ExplicitHealthCheckController(  572): No more health check requests, unbinding...
02-05 21:13:56.774 I/ExplicitHealthCheckController(  572): Explicit health check service is unbound
02-05 21:13:56.951 D/StatusBarIconController(  813): ignoring old pipeline callbacks, because the new mobile icons are enabled
02-05 21:13:57.280 I/GoogleInputMethodService( 1556): GoogleInputMethodService.onKeyDown():2444 Received KEYCODE_BACK. isAllViewsInvisible=true
02-05 21:13:57.295 W/oid.documentsui( 5474): Cleared Reference was only reachable from finalizer (only reported once)
02-05 21:13:57.300 W/System  ( 5474): A resource failed to call AbstractCursor.close. 
02-05 21:13:57.300 W/System  ( 5474): A resource failed to call AbstractCursor.close. 
02-05 21:13:57.360 D/AutofillManagerService(  572): onBackKeyPressed()
02-05 21:13:57.374 V/WindowManagerShell(  813): Transition requested: android.os.BinderProxy@eb6257f TransitionRequestInfo { type = CLOSE, triggerTask = null, remoteTransition = null, displayChange = null }
02-05 21:13:57.386 D/CompatibilityChangeReporter( 5304): Compat change id reported: 78294732; UID 10194; state: ENABLED
02-05 21:13:57.387 D/Capacitor( 5304): App restarted
02-05 21:13:57.388 D/Capacitor( 5304): App started
02-05 21:13:57.390 W/WindowOnBackDispatcher( 5304): OnBackInvokedCallback is not enabled for the application.
02-05 21:13:57.390 W/WindowOnBackDispatcher( 5304): Set 'android:enableOnBackInvokedCallback="true"' in the application manifest.
02-05 21:13:57.392 D/Capacitor( 5304): Unable to find a Capacitor plugin to handle requestCode, trying Cordova plugins 1203958971
02-05 21:13:57.394 D/Capacitor/AppPlugin( 5304): Firing change: true
02-05 21:13:57.395 V/Capacitor/AppPlugin( 5304): Notifying listeners for event appStateChange
02-05 21:13:57.395 D/Capacitor/AppPlugin( 5304): No listeners found for event appStateChange
02-05 21:13:57.395 V/Capacitor/AppPlugin( 5304): Notifying listeners for event resume
02-05 21:13:57.395 D/Capacitor/AppPlugin( 5304): No listeners found for event resume
02-05 21:13:57.398 I/BpBinder(  420): onLastStrongRef automatically unlinking death recipients: 
02-05 21:13:57.417 D/Capacitor( 5304): App resumed
02-05 21:13:57.419 D/EGL_emulation( 5474): app_time_stats: avg=159.39ms min=2.82ms max=4668.68ms count=31
02-05 21:13:57.423 W/InputDispatcher(  572): Waiting because no window has focus but ActivityRecord{178325e u0 com.sheldrapps.epubcoverchanger/.MainActivity t68} may eventually add a window when it finishes starting up. Will wait for 5000ms
02-05 21:13:57.478 E/OpenGLRenderer( 5304): Unable to match the desired swap behavior.
02-05 21:13:57.579 V/WindowManager(  572): Sent Transition #7 createdAt=02-05 21:13:57.373 via request=TransitionRequestInfo { type = CLOSE, triggerTask = null, remoteTransition = null, displayChange = null }
02-05 21:13:57.579 V/WindowManager(  572):     startWCT=WindowContainerTransaction { changes = {} hops = [] errorCallbackToken=null taskFragmentOrganizer=null }
02-05 21:13:57.579 V/WindowManagerShell(  813): onTransitionReady android.os.BinderProxy@eb6257f: {id=7 t=CLOSE f=0x0 trk=0 r=[0@Point(0, 0)] c=[{null m=CLOSE f=FILLS_TASK leash=Surface(name=ActivityRecord{c30686c u0 com.google.android.documentsui/com.android.documentsui.picker.PickActivity)/@0xb1cdfd2 sb=Rect(0, 0 - 1080, 2400) eb=Rect(0, 0 - 1080, 2400) d=0},{null m=TO_FRONT f=FILLS_TASK leash=Surface(name=ActivityRecord{178325e u0 com.sheldrapps.epubcoverchanger/.MainActivity)/@0x5e978a3 sb=Rect(0, 0 - 1080, 2400) eb=Rect(0, 0 - 1080, 2400) d=0}]}
02-05 21:13:57.580 V/WindowManagerShell(  813): Playing animation for (#7)android.os.BinderProxy@eb6257f@0
02-05 21:13:57.580 V/WindowManagerShell(  813):  try handler com.android.wm.shell.transition.DefaultMixedHandler@f247b52
02-05 21:13:57.580 V/WindowManagerShell(  813):  try handler com.android.wm.shell.keyguard.KeyguardTransitionHandler@387ae23
02-05 21:13:57.580 V/WindowManagerShell(  813):  try handler com.android.wm.shell.activityembedding.ActivityEmbeddingController@9e5ff20
02-05 21:13:57.580 V/WindowManagerShell(  813):  try handler com.android.wm.shell.recents.RecentsTransitionHandler@d6990d9
02-05 21:13:57.580 V/ShellRecents(  813): RecentsTransitionHandler.startAnimation: no controller found
02-05 21:13:57.580 V/WindowManager(  572):     info={id=7 t=CLOSE f=0x0 trk=0 r=[0@Point(0, 0)] c=[{null m=CLOSE f=FILLS_TASK leash=Surface(name=ActivityRecord{c30686c u0 com.google.android.documentsui/com.android.documentsui.picker.PickActivity)/@0x69e927a sb=Rect(0, 0 - 1080, 2400) eb=Rect(0, 0 - 1080, 2400) d=0},{null m=TO_FRONT f=FILLS_TASK leash=Surface(name=ActivityRecord{178325e u0 com.sheldrapps.epubcoverchanger/.MainActivity)/@0xfa76ea5 sb=Rect(0, 0 - 1080, 2400) eb=Rect(0, 0 - 1080, 2400) d=0}]}
02-05 21:13:57.580 V/WindowManagerShell(  813):  try handler com.android.wm.shell.pip.PipTransition@eafa9e
02-05 21:13:57.580 V/WindowManagerShell(  813):  try handler com.android.wm.shell.splitscreen.StageCoordinator@9d097f
02-05 21:13:57.580 V/WindowManagerShell(  813):  try handler com.android.wm.shell.transition.RemoteTransitionHandler@2fbed4c
02-05 21:13:57.581 V/WindowManagerShell(  813): Transition doesn't have explicit remote, search filters for match for {id=7 t=CLOSE f=0x0 trk=0 r=[0@Point(0, 0)] c=[{null m=CLOSE f=FILLS_TASK leash=Surface(name=ActivityRecord{c30686c u0 com.google.android.documentsui/com.android.documentsui.picker.PickActivity)/@0xb1cdfd2 sb=Rect(0, 0 - 1080, 2400) eb=Rect(0, 0 - 1080, 2400) d=0},{null m=TO_FRONT f=FILLS_TASK leash=Surface(name=ActivityRecord{178325e u0 com.sheldrapps.epubcoverchanger/.MainActivity)/@0x5e978a3 sb=Rect(0, 0 - 1080, 2400) eb=Rect(0, 0 - 1080, 2400) d=0}]}
02-05 21:13:57.581 V/WindowManagerShell(  813):  Checking filter Pair{{types=[] flags=0x0] notFlags=0x0 checks=[{atype=dream independent=true modes=[OPEN,TO_FRONT] flags=NONE mustBeTask=false order=ANY topActivity=null},{atype=home independent=true modes=[CLOSE,TO_BACK] flags=NONE mustBeTask=false order=ANY topActivity=null}]} RemoteTransition { remoteTransition = android.window.IRemoteTransition$Stub$Proxy@569f59, appThread = android.app.IApplicationThread$Stub$Proxy@145271e, debugName = LauncherToDream }}
02-05 21:13:57.581 V/WindowManagerShell(  813):  Checking filter Pair{{types=[] flags=0x0] notFlags=0x100 checks=[{atype=home independent=true modes=[OPEN,TO_FRONT] flags=NONE mustBeTask=false order=TOP topActivity=ComponentInfo{com.google.android.apps.nexuslauncher/com.google.android.apps.nexuslauncher.NexusLauncherActivity}},{atype=standard independent=true modes=[CLOSE,TO_BACK] flags=NONE mustBeTask=false order=ANY topActivity=null}]} RemoteTransition { remoteTransition = android.window.IRemoteTransition$Stub$Proxy@b90fbff, appThread = android.app.IApplicationThread$Stub$Proxy@fbd2dcc, debugName = QuickstepLaunchHome }}
02-05 21:13:57.581 V/WindowManagerShell(  813):  Delegate animation for #7 to null
02-05 21:13:57.583 V/WindowManagerShell(  813):  try handler com.android.wm.shell.transition.DefaultTransitionHandler@81dbf76
02-05 21:13:57.584 V/WindowManagerShell(  813): start default transition animation, info = {id=7 t=CLOSE f=0x0 trk=0 r=[0@Point(0, 0)] c=[{null m=CLOSE f=FILLS_TASK leash=Surface(name=ActivityRecord{c30686c u0 com.google.android.documentsui/com.android.documentsui.picker.PickActivity)/@0xb1cdfd2 sb=Rect(0, 0 - 1080, 2400) eb=Rect(0, 0 - 1080, 2400) d=0},{null m=TO_FRONT f=FILLS_TASK leash=Surface(name=ActivityRecord{178325e u0 com.sheldrapps.epubcoverchanger/.MainActivity)/@0x5e978a3 sb=Rect(0, 0 - 1080, 2400) eb=Rect(0, 0 - 1080, 2400) d=0}]}
02-05 21:13:57.586 V/WindowManagerShell(  813): loadAnimation: anim=android.view.animation.AnimationSet@cbcef30 animAttr=0x6 type=CLOSE isEntrance=true
02-05 21:13:57.587 V/WindowManagerShell(  813): loadAnimation: anim=android.view.animation.AnimationSet@2b084cf animAttr=0x7 type=CLOSE isEntrance=false
02-05 21:13:57.593 D/AutofillManagerService(  572): onBackKeyPressed()
02-05 21:13:57.743 V/WindowManagerShell(  813):  animated by com.android.wm.shell.transition.DefaultTransitionHandler@81dbf76
02-05 21:13:57.743 W/Looper  (  813): Slow dispatch took 164ms wmshell.main h=android.os.Handler c=com.android.wm.shell.transition.Transitions$TransitionPlayerImpl$$ExternalSyntheticLambda0@c27a3fd m=0
02-05 21:13:57.765 D/TelephonyManager( 1022): requestModemActivityInfo: Sending result to app: ModemActivityInfo{ mTimestamp=315753 mSleepTimeMs=0 mIdleTimeMs=315734 mActivityStatsTechSpecificInfo=[{mRat=UNKNOWN,mFrequencyRange=UNKNOWN,mTxTimeMs[]=[0, 0, 0, 0, 0],mRxTimeMs=0}]}
02-05 21:13:57.840 I/ImeTracker(  572): com.sheldrapps.epubcoverchanger:536e00bc: onRequestHide at ORIGIN_SERVER_HIDE_INPUT reason HIDE_UNSPECIFIED_WINDOW
02-05 21:13:57.840 I/ImeTracker(  572): com.sheldrapps.epubcoverchanger:536e00bc: onCancelled at PHASE_SERVER_SHOULD_HIDE
02-05 21:13:57.843 I/GoogleInputMethodService( 1556): GoogleInputMethodService.onFinishInput():3227 
02-05 21:13:57.844 I/GoogleInputMethodService( 1556): GoogleInputMethodService.updateDeviceLockedStatus():2087 repeatCheckTimes = 0, unlocked = true
02-05 21:13:57.845 I/GoogleInputMethodService( 1556): GoogleInputMethodService.onStartInput():1877 onStartInput(EditorInfo{inputType=0x0(NULL) imeOptions=0x12000000 privateImeOptions=null actionName=UNSPECIFIED actionLabel=null actionId=0 initialSelStart=-1 initialSelEnd=-1 initialCapsMode=0x0 hintText=null label=null packageName=com.sheldrapps.epubcoverchanger fieldId=0 fieldName=null extras=null}, false)
02-05 21:13:57.845 I/GoogleInputMethodService( 1556): GoogleInputMethodService.shouldHideHeaderOnInitialState():4008 ShouldHideHeaderOnInitialState = false
02-05 21:13:57.847 I/GoogleInputMethodService( 1556): GoogleInputMethodService.updateDeviceLockedStatus():2087 repeatCheckTimes = 2, unlocked = true
02-05 21:13:57.854 I/GoogleInputMethodService( 1556): GoogleInputMethodService.onKeyDown():2444 Received KEYCODE_BACK. isAllViewsInvisible=true
02-05 21:13:57.865 V/Capacitor/AppPlugin( 5304): Notifying listeners for event backButton
02-05 21:13:57.878 I/Capacitor/Console( 5304): File:  - Line 333 - Msg: {"canGoBack":false}
02-05 21:13:57.925 D/CompatibilityChangeReporter(  572): Compat change id reported: 265195908; UID 10099; state: ENABLED
02-05 21:13:58.201 V/WindowManagerShell(  813): Transition animation finished (aborted=false), notifying core (#7)android.os.BinderProxy@eb6257f@0
02-05 21:13:58.204 V/WindowManager(  572): Finish Transition #7: created at 02-05 21:13:57.373 collect-started=0.049ms request-sent=0.149ms started=4.057ms ready=12.827ms sent=204.187ms finished=828.887ms
02-05 21:13:58.206 V/WindowManagerShell(  813): Track 0 became idle
02-05 21:13:58.207 V/WindowManagerShell(  813): All active transition animations finished
02-05 21:13:58.256 W/WindowOnBackDispatcher( 5474): sendCancelIfRunning: isInProgress=falsecallback=android.view.ViewRootImpl$$ExternalSyntheticLambda17@ed8c623
02-05 21:13:58.258 D/CoreBackPreview(  572): Window{116e96b u0 com.google.android.documentsui/com.android.documentsui.picker.PickActivity}: Setting back callback null
02-05 21:13:58.260 W/InputManager-JNI(  572): Input channel object '116e96b com.google.android.documentsui/com.android.documentsui.picker.PickActivity (client)' was disposed without first being removed with the input manager!
02-05 21:13:59.035 D/EGL_emulation( 5304): app_time_stats: avg=49.11ms min=3.36ms max=666.53ms count=26
02-05 21:14:00.050 D/EGL_emulation( 5304): app_time_stats: avg=35.98ms min=6.69ms max=572.82ms count=27
02-05 21:14:00.058 D/EGL_emulation(  813): app_time_stats: avg=11671.95ms min=11671.95ms max=11671.95ms count=1
02-05 21:14:00.059 I/AiAiEcho( 1604): Predicting[0]: 
02-05 21:14:00.059 I/AiAiEcho( 1604): EchoTargets: 
02-05 21:14:00.059 I/AiAiEcho( 1604): Filtered by AiAi flag check: 
02-05 21:14:00.060 I/AiAiEcho( 1604): Ranked targets strategy: SORT, count: 0, ranking metadata: 
02-05 21:14:00.071 I/AiAiEcho( 1604): #postPredictionTargets: Sending updates to UISurface lockscreen with targets# 0 (types=[])
02-05 21:14:00.089 W/PageIndicator(  813): Total number of pages invalid: 0. Assuming 1 page.
02-05 21:14:00.385 I/GoogleInputMethodService( 1556): GoogleInputMethodService.onKeyDown():2444 Received KEYCODE_BACK. isAllViewsInvisible=true
02-05 21:14:00.481 D/AutofillManagerService(  572): onBackKeyPressed()
02-05 21:14:00.483 V/Capacitor/AppPlugin( 5304): Notifying listeners for event backButton
02-05 21:14:00.488 I/Capacitor/Console( 5304): File:  - Line 333 - Msg: {"canGoBack":false}
02-05 21:14:00.561 W/ProcessStats(  572): Tracking association SourceState{78d402f com.sheldrapps.epubcoverchanger/10194 BTop #4583} whose proc state 2 is better than process ProcessState{6794bc4 com.google.android.gms.persistent/10128 pkg=com.google.android.gms} proc state 4 (752 skipped)
02-05 21:14:00.581 I/GoogleInputMethodService( 1556): GoogleInputMethodService.onKeyDown():2444 Received KEYCODE_BACK. isAllViewsInvisible=true
02-05 21:14:00.621 I/BgTaskExecutorImpl( 2030): Starting EXCLUSIVE background task UPLOAD_ASSISTANT_DEVICE_SETTINGS.
02-05 21:14:00.668 I/NetworkScheduler.Stats( 1336): Task com.google.android.gms/com.google.android.gms.tapandpay.gcmtask.TapAndPayGcmTaskService started execution. cause:4 exec_start_elapsed_seconds: 318 [CONTEXT service_id=218 ]
02-05 21:14:00.668 D/AutofillManagerService(  572): onBackKeyPressed()
02-05 21:14:00.690 V/Capacitor/AppPlugin( 5304): Notifying listeners for event backButton
02-05 21:14:00.697 I/Capacitor/Console( 5304): File:  - Line 333 - Msg: {"canGoBack":false}
02-05 21:14:00.708 V/NFC     ( 1336): this device does not have NFC support
02-05 21:14:00.718 W/TapAndPay( 1336): NfcAdapter is null while obtaining CardEmulation instance. [CONTEXT service_id=79 ]
02-05 21:14:00.718 W/TapAndPay( 1336): java.lang.NullPointerException: NfcAdapter is null
02-05 21:14:00.718 W/TapAndPay( 1336): 	at android.nfc.cardemulation.CardEmulation.getInstance(CardEmulation.java:152)
02-05 21:14:00.718 W/TapAndPay( 1336): 	at cdoy.<init>(:com.google.android.gms@231818047@23.18.18 (190800-535401451):0)
02-05 21:14:00.718 W/TapAndPay( 1336): 	at com.google.android.gms.tapandpay.hce.task.TapAndPayAidRegistrationTaskOperation.a(:com.google.android.gms@231818047@23.18.18 (190800-535401451):5)
02-05 21:14:00.718 W/TapAndPay( 1336): 	at com.google.android.gms.tapandpay.gcmtask.TapAndPayGcmTaskChimeraService.a(:com.google.android.gms@231818047@23.18.18 (190800-535401451):4)
02-05 21:14:00.718 W/TapAndPay( 1336): 	at avzs.call(:com.google.android.gms@231818047@23.18.18 (190800-535401451):4)
02-05 21:14:00.718 W/TapAndPay( 1336): 	at java.util.concurrent.FutureTask.run(FutureTask.java:264)
02-05 21:14:00.718 W/TapAndPay( 1336): 	at aced.c(:com.google.android.gms@231818047@23.18.18 (190800-535401451):6)
02-05 21:14:00.718 W/TapAndPay( 1336): 	at aced.run(:com.google.android.gms@231818047@23.18.18 (190800-535401451):7)
02-05 21:14:00.718 W/TapAndPay( 1336): 	at java.util.concurrent.ThreadPoolExecutor.runWorker(ThreadPoolExecutor.java:1145)
02-05 21:14:00.718 W/TapAndPay( 1336): 	at java.util.concurrent.ThreadPoolExecutor$Worker.run(ThreadPoolExecutor.java:644)
02-05 21:14:00.718 W/TapAndPay( 1336): 	at acjn.run(:com.google.android.gms@231818047@23.18.18 (190800-535401451):0)
02-05 21:14:00.718 W/TapAndPay( 1336): 	at java.lang.Thread.run(Thread.java:1012)
02-05 21:14:00.755 I/NetworkScheduler.Stats( 1336): Task com.google.android.gms/com.google.android.gms.tapandpay.gcmtask.TapAndPayGcmTaskService finished executing. cause:4 result: 3 elapsed_millis: 152 uptime_millis: 152 exec_start_elapsed_seconds: 318 [CONTEXT service_id=218 ]
02-05 21:14:00.761 W/LocationOracle( 2030): getBestLocation(): no location is available
02-05 21:14:00.762 I/NetworkRecognitionRnr( 2030): Using pair HTTP connection
02-05 21:14:00.771 I/A       ( 2030): Using proto config with mendel
02-05 21:14:00.771 I/A       ( 2030): Using proto config with mendel
02-05 21:14:00.772 I/A       ( 2030): Using proto config with mendel
02-05 21:14:00.773 I/A       ( 2030): Merging legacy hotword config map with new proto.
02-05 21:14:00.773 I/A       ( 2030): Adding from config to map. Locale: cmn-Hant-TW modelPrefix: x_google Location:4e7cae00daee30ec565c34e3aa67a51f isSpeakerIdSupported: true
02-05 21:14:00.773 I/A       ( 2030): Adding from config to map. Locale: id-ID modelPrefix: x_google Location:cfffcc1a4c1c084c003c8eb27f73d770 isSpeakerIdSupported: true
02-05 21:14:00.773 I/A       ( 2030): Adding from config to map. Locale: ko-KR modelPrefix: x_google Location:0b132163a2eb2c1194b202067475724b isSpeakerIdSupported: true
02-05 21:14:00.776 I/A       ( 2030): Skipping. Expected model: 2 Found: 1
02-05 21:14:00.777 I/A       ( 2030): Adding from config to map. Locale: zh-TW modelPrefix: x_google Location:4e7cae00daee30ec565c34e3aa67a51f isSpeakerIdSupported: true
02-05 21:14:00.779 I/A       ( 2030): Using proto config with mendel
02-05 21:14:00.780 I/A       ( 2030): Using proto config with mendel
02-05 21:14:00.780 I/A       ( 2030): Using proto config with mendel
02-05 21:14:00.784 I/MicroDetectionState( 2030): Should stop hotword detection immediately - true
02-05 21:14:00.787 I/GoogleInputMethodService( 1556): GoogleInputMethodService.onKeyDown():2444 Received KEYCODE_BACK. isAllViewsInvisible=true
02-05 21:14:00.799 I/A       ( 2030): [Upload] Connected
02-05 21:14:00.820 W/LocationOracle( 2030): No location returned by GMS core getLastLocation()
02-05 21:14:00.832 I/NetworkRecognitionRnr( 2030): Using pair HTTP connection
02-05 21:14:00.834 E/A       ( 2030): onError
02-05 21:14:00.834 E/A       ( 2030): com.google.android.apps.gsa.shared.speech.a.m: errorCode: 65561, engine: 2
02-05 21:14:00.834 E/A       ( 2030): 	at com.google.android.apps.gsa.staticplugins.dc.a.e.a(PG:3)
02-05 21:14:00.834 E/A       ( 2030): 	at com.google.android.apps.gsa.s3.n.hh(PG:1)
02-05 21:14:00.834 E/A       ( 2030): 	at com.google.cd.g.a.f.e(PG:2)
02-05 21:14:00.834 E/A       ( 2030): 	at com.google.android.apps.gsa.speech.k.a.g.d(PG:22)
02-05 21:14:00.834 E/A       ( 2030): 	at com.google.android.apps.gsa.speech.k.a.g.ks(PG:6)
02-05 21:14:00.834 E/A       ( 2030): 	at com.google.android.apps.gsa.s3.o.e(PG:14)
02-05 21:14:00.834 E/A       ( 2030): 	at com.google.android.apps.gsa.s3.p.run(PG:1)
02-05 21:14:00.834 E/A       ( 2030): 	at java.util.concurrent.Executors$RunnableAdapter.call(Executors.java:487)
02-05 21:14:00.834 E/A       ( 2030): 	at java.util.concurrent.FutureTask.run(FutureTask.java:264)
02-05 21:14:00.834 E/A       ( 2030): 	at com.google.android.apps.gsa.shared.util.c.a.e.run(PG:2)
02-05 21:14:00.834 E/A       ( 2030): 	at com.google.android.apps.gsa.shared.util.c.a.bi.run(PG:1)
02-05 21:14:00.834 E/A       ( 2030): 	at com.google.android.apps.gsa.shared.util.c.a.bi.run(PG:1)
02-05 21:14:00.834 E/A       ( 2030): 	at java.util.concurrent.ThreadPoolExecutor.runWorker(ThreadPoolExecutor.java:1145)
02-05 21:14:00.834 E/A       ( 2030): 	at java.util.concurrent.ThreadPoolExecutor$Worker.run(ThreadPoolExecutor.java:644)
02-05 21:14:00.834 E/A       ( 2030): 	at java.lang.Thread.run(Thread.java:1012)
02-05 21:14:00.834 E/A       ( 2030): 	at com.google.android.apps.gsa.shared.util.c.a.l.run(PG:5)
02-05 21:14:00.834 E/A       ( 2030): Caused by: com.google.android.apps.gsa.shared.speech.a.o: errorCode: 65586, engine: 2
02-05 21:14:00.834 E/A       ( 2030): 	... 15 more
02-05 21:14:00.834 E/A       ( 2030): Caused by: com.google.android.apps.gsa.shared.speech.a.k: errorCode: 401, engine: 2
02-05 21:14:00.834 E/A       ( 2030): 	at com.google.android.apps.gsa.assistant.shared.n.h.a(PG:5)
02-05 21:14:00.834 E/A       ( 2030): 	at com.google.android.apps.gsa.s3.producers.j.hE(PG:2)
02-05 21:14:00.834 E/A       ( 2030): 	at com.google.android.apps.gsa.speech.k.a.g.d(PG:16)
02-05 21:14:00.834 E/A       ( 2030): 	... 12 more
02-05 21:14:00.839 I/A       ( 2030): [Upload] Connected
02-05 21:14:00.841 I/ndroid.systemui(  813): Background young concurrent copying GC freed 351458(16MB) AllocSpace objects, 0(0B) LOS objects, 42% free, 20MB/36MB, paused 2.568ms,899us total 107.566ms
02-05 21:14:00.848 W/A       ( 2030): Failed to sync device settings.
02-05 21:14:00.849 I/A       ( 2030): Retrying to sync device settings.
02-05 21:14:00.862 D/AutofillManagerService(  572): onBackKeyPressed()
02-05 21:14:00.881 V/Capacitor/AppPlugin( 5304): Notifying listeners for event backButton
02-05 21:14:00.893 I/Capacitor/Console( 5304): File:  - Line 333 - Msg: {"canGoBack":false}
02-05 21:14:00.927 W/JobScheduler(  572): Job didn't exist in JobStore: bb922da #u0a132/-353 com.google.android.googlequicksearchbox/com.google.android.apps.gsa.tasks.BackgroundTasksJobService
02-05 21:14:00.929 I/NetworkScheduler.Stats( 1336): Task com.google.android.gms/com.google.android.gms.tapandpay.gcmtask.TapAndPayGcmTaskService started execution. cause:5 exec_start_elapsed_seconds: 318 [CONTEXT service_id=218 ]
02-05 21:14:00.957 I/NetworkScheduler.Stats( 1336): Task com.google.android.gms/com.google.android.gms.tapandpay.gcmtask.TapAndPayGcmTaskService finished executing. cause:5 result: 1 elapsed_millis: 79 uptime_millis: 79 exec_start_elapsed_seconds: 318 [CONTEXT service_id=218 ]
02-05 21:14:01.209 I/HeterodyneSyncScheduler( 1336): Scheduling adaptive one off task with window [14400, 604800] in seconds [CONTEXT service_id=51 ]
02-05 21:14:01.259 I/NetworkScheduler.Stats( 1336): Task com.google.android.gms/com.google.android.gms.phenotype.service.sync.PhenotypeConfigurator finished executing. cause:4 result: 1 elapsed_millis: 8616 uptime_millis: 8616 exec_start_elapsed_seconds: 310 [CONTEXT service_id=218 ]
02-05 21:14:01.274 E/TaskPersister(  572): File error accessing recents directory (directory doesn't exist?).
02-05 21:14:01.816 I/GoogleInputMethodService( 1556): GoogleInputMethodService.onKeyDown():2444 Received KEYCODE_BACK. isAllViewsInvisible=true
02-05 21:14:01.883 D/AutofillManagerService(  572): onBackKeyPressed()
02-05 21:14:01.887 V/Capacitor/AppPlugin( 5304): Notifying listeners for event backButton
02-05 21:14:01.890 I/Capacitor/Console( 5304): File:  - Line 333 - Msg: {"canGoBack":false}
02-05 21:14:01.925 D/EGL_emulation( 5304): app_time_stats: avg=54.39ms min=5.53ms max=948.95ms count=32
02-05 21:14:02.069 W/CpuMonitorService(  572): Current CPU frequency (2827479) is greater than maximum CPU frequency (2) for policy ID (1). Skipping CPU frequency policy
02-05 21:14:02.069 W/CpuMonitorService(  572): Current CPU frequency (3733315) is greater than maximum CPU frequency (2) for policy ID (2). Skipping CPU frequency policy
02-05 21:14:02.069 W/CpuMonitorService(  572): Current CPU frequency (3671492) is greater than maximum CPU frequency (2) for policy ID (3). Skipping CPU frequency policy
02-05 21:14:02.219 I/Capacitor/Console( 5304): File:  - Line 349 - Msg: [object Object]
02-05 21:14:02.221 V/Capacitor/Plugin( 5304): To native (Capacitor plugin): callbackId: 26895503, pluginId: App, methodName: exitApp
02-05 21:14:02.221 V/Capacitor( 5304): callback: 26895503, pluginId: App, methodName: exitApp, methodData: {}
02-05 21:14:02.226 V/WindowManagerShell(  813): Transition requested: android.os.BinderProxy@a31526b TransitionRequestInfo { type = CLOSE, triggerTask = TaskInfo{userId=0 taskId=68 displayId=0 isRunning=false baseIntent=Intent { act=android.intent.action.MAIN cat=[android.intent.category.LAUNCHER] flg=0x10200000 cmp=com.sheldrapps.epubcoverchanger/.MainActivity } baseActivity=null topActivity=null origActivity=null realActivity=ComponentInfo{com.sheldrapps.epubcoverchanger/com.sheldrapps.epubcoverchanger.MainActivity} numActivities=0 lastActiveTime=315381 supportsMultiWindow=true resizeMode=1 isResizeable=true minWidth=-1 minHeight=-1 defaultMinSize=220 token=WCT{android.window.IWindowContainerToken$Stub$Proxy@7dee1c8} topActivityType=1 pictureInPictureParams=null shouldDockBigOverlays=false launchIntoPipHostTaskId=-1 lastParentTaskIdBeforePip=-1 displayCutoutSafeInsets=Rect(0, 128 - 0, 0) topActivityInfo=null launchCookies=[android.os.BinderProxy@34a2d58] positionInParent=Point(0, 0) parentTaskId=-1 isFocused=false isVisible=true isVisibleRequested=true isSleeping=false topActivityInSizeCompat=false topActivityEligibleForLetterboxEducation= false topActivityLetterboxed= false isFromDoubleTap= false topActivityLetterboxVerticalPosition= -1 topActivityLetterboxHorizontalPosition= -1 topActivityLetterboxWidth=-1 topActivityLetterboxHeight=-1 locusId=null displayAreaFeatureId=1 cameraCompatControlState=hidden}, remoteTransition = null, displayChange = null }
02-05 21:14:02.231 I/Capacitor/Console( 5304): File:  - Line 333 - Msg: undefined
02-05 21:14:02.235 V/Capacitor/AppPlugin( 5304): Notifying listeners for event pause
02-05 21:14:02.235 D/Capacitor/AppPlugin( 5304): No listeners found for event pause
02-05 21:14:02.238 D/OomAdjuster(  572): Not killing cached processes
02-05 21:14:02.242 D/Capacitor( 5304): App paused
02-05 21:14:02.248 I/BpBinder(  420): onLastStrongRef automatically unlinking death recipients: 
02-05 21:14:02.308 E/OpenGLRenderer( 2030): Unable to match the desired swap behavior.
02-05 21:14:02.315 I/AiAiEcho( 1604): Predicting[0]: 
02-05 21:14:02.316 I/AiAiEcho( 1604): EchoTargets: 
02-05 21:14:02.316 I/AiAiEcho( 1604): Filtered by AiAi flag check: 
02-05 21:14:02.316 I/AiAiEcho( 1604): Ranked targets strategy: SORT, count: 0, ranking metadata: 
02-05 21:14:02.317 I/AiAiEcho( 1604): #postPredictionTargets: Sending updates to UISurface home with targets# 0 (types=[])
02-05 21:14:02.322 W/BcSmartspaceCard( 1094): No title view to update
02-05 21:14:02.322 I/BcSmartspaceCard( 1094): setFormattedContentDescription: text=null, iconDescription=null, contentDescription=null
02-05 21:14:02.373 W/AppSearchIcing(  572): icing-search-engine.cc:283: Error: 5, Message: Document (com.google.android.googlequicksearchbox$OneSearchZeroStateGoogleSuggestions/default, zp) not found.
02-05 21:14:02.392 E/OpenGLRenderer( 1094): Unable to match the desired swap behavior.
02-05 21:14:02.403 W/InputDispatcher(  572): Waiting because no window has focus but ActivityRecord{e2e2b4f u0 com.google.android.apps.nexuslauncher/.NexusLauncherActivity t67} may eventually add a window when it finishes starting up. Will wait for 5000ms
02-05 21:14:02.416 I/ContentCaptureHelper( 2030): Setting logging level to DEBUG
02-05 21:14:02.417 D/ContentCaptureManager( 2030): setFlushViewTreeAppearingEventDisabled(): setting to false
02-05 21:14:02.422 D/OneSearchSuggestProvider( 1094): Created the binder channel successfully for end point service =com.google.android.apps.search.googleapp.search.suggest.plugins.onesearch.server.OneSearchSuggestService , mChannel=z1{delegate=s1{logId=9, target=directaddress:///AndroidComponentAddress%5BIntent%20%7B%20act=grpc.io.action.BIND%20cmp=com.google.android.googlequicksearchbox/com.google.android.apps.search.googleapp.search.suggest.plugins.onesearch.server.OneSearchSuggestService%20%7D%5D}} , mOneSearchConnection=X1.T@14149e3
02-05 21:14:02.488 D/AutofillManagerService(  572): onBackKeyPressed()
02-05 21:14:02.501 D/CompatibilityChangeReporter( 1094): Compat change id reported: 163400105; UID 10169; state: ENABLED
02-05 21:14:02.501 W/TextView( 1094): onProvideContentCaptureStructure(): calling assumeLayout()
02-05 21:14:02.505 W/TextView( 1094): onProvideContentCaptureStructure(): calling assumeLayout()
02-05 21:14:02.505 W/TextView( 1094): onProvideContentCaptureStructure(): calling assumeLayout()
02-05 21:14:02.545 I/A       ( 2030): Constructor was called
02-05 21:14:02.547 I/A       ( 2030): No savedInstanceState.
02-05 21:14:02.548 I/A       ( 2030): makeRequest: subscribing to new source
02-05 21:14:02.550 V/WindowManagerShell(  813): onTransitionReady android.os.BinderProxy@a31526b: {id=8 t=CLOSE f=0x0 trk=0 r=[0@Point(0, 0)] c=[{WCT{android.window.IWindowContainerToken$Stub$Proxy@5b11991} m=TO_FRONT f=SHOW_WALLPAPER leash=Surface(name=Task=1)/@0xefc8115 sb=Rect(0, 0 - 1080, 2400) eb=Rect(0, 0 - 1080, 2400) d=0},{WCT{android.window.IWindowContainerToken$Stub$Proxy@95840f6} m=CLOSE f=NONE leash=Surface(name=Task=68)/@0xc158c2a sb=Rect(0, 0 - 1080, 2400) eb=Rect(0, 0 - 1080, 2400) d=0},{null m=TO_FRONT f=IS_WALLPAPER leash=Surface(name=WallpaperWindowToken{f47ddad token=android.os.Binder@454eac4})/@0x85daa1b sb=Rect(0, 0 - 1080, 2400) eb=Rect(0, 0 - 1080, 2400) d=0}]}
