02-05 21:13:39.882 I/AppsFilter(  572): interaction: PackageSetting{6db87e9 com.sheldrapps.epubcoverchanger/10194} -> PackageSetting{76d9766 com.android.internal.emulation.pixel_2_xl/10016} BLOCKED
02-05 21:13:39.882 I/AppsFilter(  572): interaction: PackageSetting{6db87e9 com.sheldrapps.epubcoverchanger/10194} -> PackageSetting{caebaa7 com.android.internal.emulation.pixel_3_xl/10056} BLOCKED
02-05 21:13:39.883 I/AppsFilter(  572): interaction: PackageSetting{6db87e9 com.sheldrapps.epubcoverchanger/10194} -> PackageSetting{76e8b54 com.android.internal.emulation.pixel_4_xl/10047} BLOCKED
02-05 21:13:39.883 I/AppsFilter(  572): interaction: PackageSetting{6db87e9 com.sheldrapps.epubcoverchanger/10194} -> PackageSetting{f7d1afd com.android.internal.emulation.pixel_fold/10006} BLOCKED
02-05 21:13:39.883 I/AppsFilter(  572): interaction: PackageSetting{6db87e9 com.sheldrapps.epubcoverchanger/10194} -> PackageSetting{32bc3f2 com.android.bookmarkprovider/10113} BLOCKED
02-05 21:13:39.884 I/AppsFilter(  572): interaction: PackageSetting{6db87e9 com.sheldrapps.epubcoverchanger/10194} -> PackageSetting{e825a43 com.google.android.overlay.pixelconfigcommon/10015} BLOCKED
02-05 21:13:39.884 I/AppsFilter(  572): interaction: PackageSetting{6db87e9 com.sheldrapps.epubcoverchanger/10194} -> PackageSetting{7d308c0 com.android.systemui.accessibility.accessibilitymenu.auto_generated_rro_product__/10053} BLOCKED
02-05 21:13:39.885 I/AppsFilter(  572): interaction: PackageSetting{6db87e9 com.sheldrapps.epubcoverchanger/10194} -> PackageSetting{60569f9 com.android.systemui.emulation.pixel_3a/10010} BLOCKED
02-05 21:13:39.885 I/AppsFilter(  572): interaction: PackageSetting{6db87e9 com.sheldrapps.epubcoverchanger/10194} -> PackageSetting{62e2d3e com.android.systemui.emulation.pixel_4a/10004} BLOCKED
02-05 21:13:39.885 I/AppsFilter(  572): interaction: PackageSetting{6db87e9 com.sheldrapps.epubcoverchanger/10194} -> PackageSetting{f66579f com.android.systemui.emulation.pixel_6a/10044} BLOCKED
02-05 21:13:39.885 I/AppsFilter(  572): interaction: PackageSetting{6db87e9 com.sheldrapps.epubcoverchanger/10194} -> PackageSetting{13ff0ec com.android.systemui.emulation.pixel_7a/10021} BLOCKED
02-05 21:13:39.885 I/AppsFilter(  572): interaction: PackageSetting{6db87e9 com.sheldrapps.epubcoverchanger/10194} -> PackageSetting{629acb5 com.google.android.settings.intelligence/10118} BLOCKED
02-05 21:13:39.885 I/AppsFilter(  572): interaction: PackageSetting{6db87e9 com.sheldrapps.epubcoverchanger/10194} -> PackageSetting{8be1012 com.google.android.projection.gearhead/10123} BLOCKED
02-05 21:13:39.885 I/AppsFilter(  572): interaction: PackageSetting{6db87e9 com.sheldrapps.epubcoverchanger/10194} -> PackageSetting{b5bdf4a com.google.android.uwb.resources/10184} BLOCKED
02-05 21:13:39.885 I/AppsFilter(  572): interaction: PackageSetting{6db87e9 com.sheldrapps.epubcoverchanger/10194} -> PackageSetting{1be83e3 com.android.cts.ctsshim/10178} BLOCKED
02-05 21:13:39.886 I/AppsFilter(  572): interaction: PackageSetting{6db87e9 com.sheldrapps.epubcoverchanger/10194} -> PackageSetting{162cebb com.google.android.wifi.resources/10187} BLOCKED
02-05 21:13:39.886 I/AppsFilter(  572): interaction: PackageSetting{6db87e9 com.sheldrapps.epubcoverchanger/10194} -> PackageSetting{1b12fd8 com.google.android.wifi.dialog/10189} BLOCKED
02-05 21:13:39.886 I/AppsFilter(  572): interaction: PackageSetting{6db87e9 com.sheldrapps.epubcoverchanger/10194} -> PackageSetting{e155f31 com.google.android.apps.wallpaper/10161} BLOCKED
02-05 21:13:39.886 I/AppsFilter(  572): interaction: PackageSetting{6db87e9 com.sheldrapps.epubcoverchanger/10194} -> PackageSetting{300a616 com.google.android.odad/10122} BLOCKED
02-05 21:13:39.887 I/AppsFilter(  572): interaction: PackageSetting{6db87e9 com.sheldrapps.epubcoverchanger/10194} -> PackageSetting{4e59b97 com.android.settings.auto_generated_rro_product__/10035} BLOCKED
02-05 21:13:39.887 I/AppsFilter(  572): interaction: PackageSetting{6db87e9 com.sheldrapps.epubcoverchanger/10194} -> PackageSetting{8f57184 com.android.internal.systemui.navbar.gestural/10052} BLOCKED
02-05 21:13:39.887 I/AppsFilter(  572): interaction: PackageSetting{6db87e9 com.sheldrapps.epubcoverchanger/10194} -> PackageSetting{92fbd6d com.google.android.apps.youtube.music/10156} BLOCKED
02-05 21:13:39.887 I/AppsFilter(  572): interaction: PackageSetting{6db87e9 com.sheldrapps.epubcoverchanger/10194} -> PackageSetting{4590da2 com.android.bluetoothmidiservice/10108} BLOCKED
02-05 21:13:39.888 I/AppsFilter(  572): interaction: PackageSetting{6db87e9 com.sheldrapps.epubcoverchanger/10194} -> PackageSetting{95e5a33 com.android.storagemanager.auto_generated_rro_product__/10029} BLOCKED
02-05 21:13:39.888 I/AppsFilter(  572): interaction: PackageSetting{6db87e9 com.sheldrapps.epubcoverchanger/10194} -> PackageSetting{31a21f0 com.google.android.cellbroadcastreceiver/10183} BLOCKED
02-05 21:13:39.889 I/AppsFilter(  572): interaction: PackageSetting{6db87e9 com.sheldrapps.epubcoverchanger/10194} -> PackageSetting{817c369 com.android.phone.auto_generated_rro_product__/10061} BLOCKED
02-05 21:13:39.889 I/AppsFilter(  572): interaction: PackageSetting{6db87e9 com.sheldrapps.epubcoverchanger/10194} -> PackageSetting{bde61ee android.auto_generated_rro_product__/10072} BLOCKED
02-05 21:13:39.890 I/AppsFilter(  572): interaction: PackageSetting{6db87e9 com.sheldrapps.epubcoverchanger/10194} -> PackageSetting{b9a668f com.android.internal.systemui.navbar.gestural_narrow_back/10051} BLOCKED
02-05 21:13:39.890 I/AppsFilter(  572): interaction: PackageSetting{6db87e9 com.sheldrapps.epubcoverchanger/10194} -> PackageSetting{d976d1c com.google.android.inputmethod.latin/10140} BLOCKED
02-05 21:13:39.891 I/AppsFilter(  572): interaction: PackageSetting{6db87e9 com.sheldrapps.epubcoverchanger/10194} -> PackageSetting{c602d25 android.auto_generated_rro_vendor__/10078} BLOCKED
02-05 21:13:39.891 I/AppsFilter(  572): interaction: PackageSetting{6db87e9 com.sheldrapps.epubcoverchanger/10194} -> PackageSetting{252aefa com.google.android.apps.restore/10120} BLOCKED
02-05 21:13:40.000 W/pubcoverchanger( 5304): Accessing hidden method Landroid/os/Trace;->isTagEnabled(J)Z (unsupported, reflection, allowed)
02-05 21:13:40.001 W/pubcoverchanger( 5304): Accessing hidden method Landroid/os/Trace;->traceBegin(JLjava/lang/String;)V (unsupported, reflection, allowed)
02-05 21:13:40.001 W/pubcoverchanger( 5304): Accessing hidden method Landroid/os/Trace;->traceEnd(J)V (unsupported, reflection, allowed)
02-05 21:13:40.001 W/pubcoverchanger( 5304): Accessing hidden method Landroid/os/Trace;->asyncTraceBegin(JLjava/lang/String;I)V (unsupported, reflection, allowed)
02-05 21:13:40.002 W/pubcoverchanger( 5304): Accessing hidden method Landroid/os/Trace;->asyncTraceEnd(JLjava/lang/String;I)V (unsupported, reflection, allowed)
02-05 21:13:40.026 I/cr_WVCFactoryProvider( 5304): Loaded version=113.0.5672.136 minSdkVersion=29 isBundle=false multiprocess=true packageId=2
02-05 21:13:40.063 I/cr_VariationsUtils( 5304): Failed reading seed file "/data/user/0/com.sheldrapps.epubcoverchanger/app_webview/variations_seed_new"
02-05 21:13:40.064 I/cr_VariationsUtils( 5304): Failed reading seed file "/data/user/0/com.sheldrapps.epubcoverchanger/app_webview/variations_seed"
02-05 21:13:40.064 I/cr_VariationsUtils( 5304): Requesting new seed from IVariationsSeedServer
02-05 21:13:40.071 D/ActivityManager(  572): sync unfroze 2763 com.google.android.webview:webview_service for 6
02-05 21:13:40.072 D/CompatibilityChangeReporter(  572): Compat change id reported: 261072174; UID 10194; state: ENABLED
02-05 21:13:40.115 I/cr_LibraryLoader( 5304): Successfully loaded native library
02-05 21:13:40.118 I/cr_CachingUmaRecorder( 5304): Flushed 8 samples from 8 histograms.
02-05 21:13:40.156 D/CompatibilityChangeReporter(  572): Compat change id reported: 161145287; UID 10194; state: ENABLED
02-05 21:13:40.176 D/CompatibilityChangeReporter(  572): Compat change id reported: 135634846; UID 99000; state: DISABLED
02-05 21:13:40.178 D/CompatibilityChangeReporter(  572): Compat change id reported: 143937733; UID 10194; state: ENABLED
02-05 21:13:40.190 I/Zygote  (  917): Entering forkRepeatedly native zygote loop
02-05 21:13:40.197 D/Zygote  (  917): Forked child process 5342
02-05 21:13:40.208 I/ocessService0:0( 5342): Using CollectorTypeCC GC.
02-05 21:13:40.209 W/ocessService0:0( 5342): Unexpected CPU variant for x86: x86_64.
02-05 21:13:40.209 W/ocessService0:0( 5342): Known variants: atom, sandybridge, silvermont, goldmont, goldmont-plus, tremont, kabylake, default
02-05 21:13:40.215 E/ocessService0:0( 5342): Not starting debugger since process cannot load the jdwp agent.
02-05 21:13:40.254 D/CompatibilityChangeReporter( 5304): Compat change id reported: 183155436; UID 10194; state: ENABLED
02-05 21:13:40.260 W/ActivityManager(  572): Slow operation: 84ms so far, now at startProcess: returned from zygote!
02-05 21:13:40.261 W/ActivityManager(  572): Slow operation: 84ms so far, now at startProcess: done updating battery stats
02-05 21:13:40.261 W/ActivityManager(  572): Slow operation: 85ms so far, now at startProcess: building log message
02-05 21:13:40.261 I/ActivityManager(  572): Start proc 5342:com.google.android.webview:sandboxed_process0:org.chromium.content.app.SandboxedProcessService0:0/u0ai9000 for  {com.sheldrapps.epubcoverchanger/org.chromium.content.app.SandboxedProcessService0:0}
02-05 21:13:40.261 W/ActivityManager(  572): Slow operation: 85ms so far, now at startProcess: starting to update pids map
02-05 21:13:40.262 W/ActivityManager(  572): Slow operation: 86ms so far, now at startProcess: done updating pids map
02-05 21:13:40.310 D/EGL_emulation(  813): app_time_stats: avg=13.51ms min=4.45ms max=27.13ms count=59
02-05 21:13:40.330 D/CompatibilityChangeReporter( 5342): Compat change id reported: 171979766; UID 99000; state: ENABLED
02-05 21:13:40.330 D/CompatibilityChangeReporter( 5342): Compat change id reported: 242716250; UID 99000; state: ENABLED
02-05 21:13:40.341 I/LoadedApk( 5342): No resource references to update in package com.google.android.trichromelibrary
02-05 21:13:40.343 I/cr_WebViewApkApp( 5342): Launched version=113.0.5672.136 minSdkVersion=29 isBundle=false processName=com.google.android.webview:sandboxed_process0:org.chromium.content.app.SandboxedProcessService0:0
02-05 21:13:40.345 I/ActivityManager(  572): Flag disabled. Ignoring finishAttachApplication from uid: 99000. pid: 5342
02-05 21:13:40.347 W/SystemServiceRegistry( 5342): No service published for: virtualdevice
02-05 21:13:40.349 I/cr_ChildProcessService( 5342): Creating new ChildProcessService pid=5342
02-05 21:13:40.429 I/AppsFilter(  572): interaction: PackageSetting{641f40f com.sheldrapps.presupuestoninos/10192} -> PackageSetting{6db87e9 com.sheldrapps.epubcoverchanger/10194} BLOCKED
02-05 21:13:40.429 I/AppsFilter(  572): interaction: PackageSetting{13836a5 com.sheldrapps.covercreatorforkindle/10193} -> PackageSetting{6db87e9 com.sheldrapps.epubcoverchanger/10194} BLOCKED
02-05 21:13:40.462 I/RoleService(  572): Granting default roles...
02-05 21:13:40.472 D/CarrierSvcBindHelper( 1022): onPackageModified: com.sheldrapps.epubcoverchanger
02-05 21:13:40.481 D/CarrierSvcBindHelper( 1022): No carrier app for: 0
02-05 21:13:40.487 D/ActivityManager(  572): sync unfroze 1355 com.google.android.permissioncontroller for 6
02-05 21:13:40.490 D/ControlsListingControllerImpl(  813): ServiceConfig reloaded, count: 0
02-05 21:13:40.538 D/ImsResolver( 1022): maybeAddedImsService, packageName: com.sheldrapps.epubcoverchanger
02-05 21:13:40.565 I/AiAiEcho( 1604): AppFetcherImpl onPackageChanged com.sheldrapps.epubcoverchanger.
02-05 21:13:40.567 I/AiAiEcho( 1604): AppIndexer Package:[com.sheldrapps.epubcoverchanger] UserProfile:[0] Enabled:[true].
02-05 21:13:40.570 I/AiAiEcho( 1604): AppFetcherImplV2 updateApps package:[com.sheldrapps.epubcoverchanger], userId:[0], reason:[package is updated.].
02-05 21:13:40.586 I/InputReader(  572): Reconfiguring input devices, changes=KEYBOARD_LAYOUTS
02-05 21:13:40.601 I/PermissionControllerServiceImpl( 1355): Updating user sensitive for uid 10194
02-05 21:13:40.614 D/CompatibilityChangeReporter( 5304): Compat change id reported: 214741472; UID 10194; state: ENABLED
02-05 21:13:40.615 D/CompatibilityChangeReporter(  572): Compat change id reported: 261072174; UID 10133; state: ENABLED
02-05 21:13:40.619 D/StylusManager(  813): Stylus InputDevice changed: 13 virtio_input_multi_touch_10
02-05 21:13:40.621 D/StylusManager(  813): Stylus InputDevice changed: 12 virtio_input_multi_touch_9
02-05 21:13:40.624 D/StylusManager(  813): Stylus InputDevice changed: 8 virtio_input_multi_touch_5
02-05 21:13:40.625 D/StylusManager(  813): Stylus InputDevice changed: 14 virtio_input_multi_touch_11
02-05 21:13:40.628 D/StylusManager(  813): Stylus InputDevice changed: 5 virtio_input_multi_touch_2
02-05 21:13:40.642 D/CompatibilityChangeReporter( 5304): Compat change id reported: 171228096; UID 10194; state: ENABLED
02-05 21:13:40.655 D/StylusManager(  813): Stylus InputDevice changed: 10 virtio_input_multi_touch_7
02-05 21:13:40.677 D/StylusManager(  813): Stylus InputDevice changed: 9 virtio_input_multi_touch_6
02-05 21:13:40.681 D/StylusManager(  813): Stylus InputDevice changed: 11 virtio_input_multi_touch_8
02-05 21:13:40.693 D/CompatibilityChangeReporter(  572): Compat change id reported: 271850009; UID 10133; state: ENABLED
02-05 21:13:40.693 D/CompatibilityChangeReporter(  572): Compat change id reported: 253665015; UID 10133; state: ENABLED
02-05 21:13:40.694 D/CompatibilityChangeReporter(  572): Compat change id reported: 194532703; UID 10133; state: ENABLED
02-05 21:13:40.702 D/StylusManager(  813): Stylus InputDevice changed: 7 virtio_input_multi_touch_4
02-05 21:13:40.710 D/StylusManager(  813): Stylus InputDevice changed: 6 virtio_input_multi_touch_3
02-05 21:13:40.713 D/StylusManager(  813): Stylus InputDevice changed: 4 virtio_input_multi_touch_1
02-05 21:13:40.730 D/ConnectivityService(  572): requestNetwork for uid/pid:10194/5304 activeRequest: null callbackRequest: 146 [NetworkRequest [ REQUEST id=147, [ Capabilities: INTERNET&NOT_RESTRICTED&TRUSTED&NOT_VCN_MANAGED Uid: 10194 RequestorUid: 10194 RequestorPkg: com.sheldrapps.epubcoverchanger UnderlyingNetworks: Null] ]] callback flags: 0 order: 2147483647
02-05 21:13:40.735 D/CompatibilityChangeReporter(  572): Compat change id reported: 135634846; UID 10133; state: DISABLED
02-05 21:13:40.737 D/CompatibilityChangeReporter(  572): Compat change id reported: 143937733; UID 10133; state: ENABLED
02-05 21:13:40.741 D/ConnectivityService(  572): NetReassign [147 : null  101] [c 0] [a 1] [i 9]
02-05 21:13:40.744 D/WifiNetworkFactory(  572): got request NetworkRequest [ REQUEST id=147, [ Capabilities: INTERNET&NOT_RESTRICTED&TRUSTED&NOT_VCN_MANAGED Uid: 10194 RequestorUid: 10194 RequestorPkg: com.sheldrapps.epubcoverchanger UnderlyingNetworks: Null] ]
02-05 21:13:40.746 D/UntrustedWifiNetworkFactory(  572): got request NetworkRequest [ REQUEST id=147, [ Capabilities: INTERNET&NOT_RESTRICTED&TRUSTED&NOT_VCN_MANAGED Uid: 10194 RequestorUid: 10194 RequestorPkg: com.sheldrapps.epubcoverchanger UnderlyingNetworks: Null] ]
02-05 21:13:40.747 D/OemPaidWifiNetworkFactory(  572): got request NetworkRequest [ REQUEST id=147, [ Capabilities: INTERNET&NOT_RESTRICTED&TRUSTED&NOT_VCN_MANAGED Uid: 10194 RequestorUid: 10194 RequestorPkg: com.sheldrapps.epubcoverchanger UnderlyingNetworks: Null] ]
02-05 21:13:40.748 D/MultiInternetWifiNetworkFactory(  572): got request NetworkRequest [ REQUEST id=147, [ Capabilities: INTERNET&NOT_RESTRICTED&TRUSTED&NOT_VCN_MANAGED Uid: 10194 RequestorUid: 10194 RequestorPkg: com.sheldrapps.epubcoverchanger UnderlyingNetworks: Null] ]
02-05 21:13:40.749 D/Zygote  (  354): Forked child process 5381
02-05 21:13:40.762 D/StatusBarIconController(  813): ignoring old pipeline callbacks, because the new mobile icons are enabled
02-05 21:13:40.769 D/ConnectivityService(  572): NetReassign [no changes] [c 0] [a 1] [i 2]
02-05 21:13:40.771 E/RoleControllerServiceImpl( 1355): Default/fallback role holder package doesn't qualify for the role, package: com.google.android.gms.supervision, role: android.app.role.SYSTEM_SUPERVISION
02-05 21:13:40.785 I/iew:webview_apk( 5381): Using CollectorTypeCC GC.
02-05 21:13:40.789 W/iew:webview_apk( 5381): Unexpected CPU variant for x86: x86_64.
02-05 21:13:40.789 W/iew:webview_apk( 5381): Known variants: atom, sandybridge, silvermont, goldmont, goldmont-plus, tremont, kabylake, default
02-05 21:13:40.794 E/iew:webview_apk( 5381): Not starting debugger since process cannot load the jdwp agent.
02-05 21:13:40.798 W/ActivityManager(  572): Slow operation: 61ms so far, now at startProcess: done updating battery stats
02-05 21:13:40.800 W/ActivityManager(  572): Slow operation: 66ms so far, now at startProcess: building log message
02-05 21:13:40.804 I/ActivityManager(  572): Start proc 5381:com.google.android.webview:webview_apk/u0a133 for service {com.google.android.webview/org.chromium.android_webview.nonembedded.AwComponentUpdateService}
02-05 21:13:40.804 W/ActivityManager(  572): Slow operation: 70ms so far, now at startProcess: starting to update pids map
02-05 21:13:40.811 W/ActivityManager(  572): Slow operation: 77ms so far, now at startProcess: done updating pids map
02-05 21:13:40.814 I/Role    ( 1355): com.google.android.gms not qualified for android.app.role.SYSTEM_CALL_STREAMING due to missing RequiredComponent{mIntentFilterData=IntentFilterData{mAction='android.telecom.CallStreamingService', mCategories='[]', mDataScheme='null', mDataType='null'}, mMinTargetSdkVersion=1, mFlags='0', mPermission='android.permission.BIND_CALL_STREAMING_SERVICE', mQueryFlags=0, mMetaData=[]}
02-05 21:13:40.814 E/RoleControllerServiceImpl( 1355): Default/fallback role holder package doesn't qualify for the role, package: com.google.android.gms, role: android.app.role.SYSTEM_CALL_STREAMING
02-05 21:13:40.816 W/Role    ( 1355): Default holder doesn't have required signing certificate: com.google.android.apps.work.clouddpc:23962F4B43B9857638EA66F4D419518EAE282491ACDA4B94707BD59003C45E58
02-05 21:13:40.828 D/CompatibilityChangeReporter(  572): Compat change id reported: 168419799; UID 10133; state: DISABLED
02-05 21:13:40.829 D/CompatibilityChangeReporter(  572): Compat change id reported: 273564678; UID 10133; state: DISABLED
02-05 21:13:40.857 D/CompatibilityChangeReporter( 5381): Compat change id reported: 171979766; UID 10133; state: ENABLED
02-05 21:13:40.857 D/CompatibilityChangeReporter( 5381): Compat change id reported: 242716250; UID 10133; state: ENABLED
02-05 21:13:40.864 D/CompatibilityChangeReporter(  572): Compat change id reported: 170503758; UID 10133; state: ENABLED
02-05 21:13:40.878 W/ziparchive( 5381): Unable to open '/data/app/~~vTwz_2ahy2KsMitoiGTDoA==/com.google.android.trichromelibrary_567263637-3W45Zc3IRVV5F1aGJC3dAg==/TrichromeLibrary.dm': No such file or directory
02-05 21:13:40.878 W/ziparchive( 5381): Unable to open '/data/app/~~vTwz_2ahy2KsMitoiGTDoA==/com.google.android.trichromelibrary_567263637-3W45Zc3IRVV5F1aGJC3dAg==/TrichromeLibrary.dm': No such file or directory
02-05 21:13:40.878 W/iew:webview_apk( 5381): Entry not found
02-05 21:13:40.880 D/nativeloader( 5381): Configuring clns-6 for other apk /data/app/~~vTwz_2ahy2KsMitoiGTDoA==/com.google.android.trichromelibrary_567263637-3W45Zc3IRVV5F1aGJC3dAg==/TrichromeLibrary.apk. target_sdk_version=34, uses_libraries=ALL, library_path=/data/app/~~F7M-R4cg740remwbnCXKFg==/com.google.android.webview-NkxBx-N8RLz-ej7IZi8ruA==/lib/x86_64:/data/app/~~F7M-R4cg740remwbnCXKFg==/com.google.android.webview-NkxBx-N8RLz-ej7IZi8ruA==/WebViewGoogle.apk!/lib/x86_64:/data/app/~~vTwz_2ahy2KsMitoiGTDoA==/com.google.android.trichromelibrary_567263637-3W45Zc3IRVV5F1aGJC3dAg==/TrichromeLibrary.apk!/lib/x86_64, permitted_path=/data:/mnt/expand:/data/user/0/com.google.android.webview
02-05 21:13:40.894 D/nativeloader( 5381): Configuring clns-7 for other apk /data/app/~~F7M-R4cg740remwbnCXKFg==/com.google.android.webview-NkxBx-N8RLz-ej7IZi8ruA==/WebViewGoogle.apk. target_sdk_version=34, uses_libraries=, library_path=/data/app/~~F7M-R4cg740remwbnCXKFg==/com.google.android.webview-NkxBx-N8RLz-ej7IZi8ruA==/lib/x86_64:/data/app/~~F7M-R4cg740remwbnCXKFg==/com.google.android.webview-NkxBx-N8RLz-ej7IZi8ruA==/WebViewGoogle.apk!/lib/x86_64:/data/app/~~vTwz_2ahy2KsMitoiGTDoA==/com.google.android.trichromelibrary_567263637-3W45Zc3IRVV5F1aGJC3dAg==/TrichromeLibrary.apk!/lib/x86_64, permitted_path=/data:/mnt/expand:/data/user/0/com.google.android.webview
02-05 21:13:40.897 D/AutofillManager( 5304): Fill dialog is enabled:false, hints=[password, passwordAuto, creditCardNumber, creditCardSecurityCode, creditCardExpirationDate]
02-05 21:13:40.918 V/GraphicsEnvironment( 5381): Currently set values for:
02-05 21:13:40.918 V/GraphicsEnvironment( 5381):   angle_gl_driver_selection_pkgs=[]
02-05 21:13:40.925 V/GraphicsEnvironment( 5381):   angle_gl_driver_selection_values=[]
02-05 21:13:40.926 V/GraphicsEnvironment( 5381): ANGLE GameManagerService for com.google.android.webview: false
02-05 21:13:40.926 V/GraphicsEnvironment( 5381): com.google.android.webview is not listed in per-application setting
02-05 21:13:40.927 V/GraphicsEnvironment( 5381): Neither updatable production driver nor prerelease driver is supported.
02-05 21:13:40.929 I/LoadedApk( 5381): No resource references to update in package com.google.android.trichromelibrary
02-05 21:13:40.938 I/cr_WebViewApkApp( 5381): Launched version=113.0.5672.136 minSdkVersion=29 isBundle=false processName=com.google.android.webview:webview_apk
02-05 21:13:40.951 I/ActivityManager(  572): Flag disabled. Ignoring finishAttachApplication from uid: 10133. pid: 5381
02-05 21:13:41.000 D/Capacitor( 5304): Starting BridgeActivity
02-05 21:13:41.005 I/cr_LibraryLoader( 5381): Successfully loaded native library
02-05 21:13:41.025 I/Fitness ( 1336): OnPackageChangedOperation got intent: Intent { act=android.intent.action.PACKAGE_CHANGED dat=package: flg=0x45000010 pkg=com.google.android.gms cmp=com.google.android.gms/.chimera.PersistentIntentOperationService (has extras) } [CONTEXT service_id=17 ]
02-05 21:13:41.053 D/CompatibilityChangeReporter(  572): Compat change id reported: 161252188; UID 10194; state: DISABLED
02-05 21:13:41.073 I/resolv  (  353): GetAddrInfoHandler::run: {101 101 101 983141 10133 0}
02-05 21:13:41.076 I/resolv  (  353): res_nmkquery: (QUERY, IN, AAAA)
02-05 21:13:41.077 I/resolv  (  353): res_nmkquery: (QUERY, IN, A)
02-05 21:13:41.083 I/resolv  (  353): res_nsend: used send_dg 67 terrno: 0
02-05 21:13:41.083 I/resolv  (  353): doQuery: rcode=0, ancount=1, return value=67
02-05 21:13:41.087 I/resolv  (  353): res_nsend: used send_dg 55 terrno: 0
02-05 21:13:41.087 I/resolv  (  353): doQuery: rcode=0, ancount=1, return value=55
02-05 21:13:41.094 D/TrafficStats( 5381): tagSocket(84) with statsTag=0xffffffff, statsUid=-1
02-05 21:13:41.122 I/Fitness ( 1336): FitCleanupIntentOperation received Intent android.intent.action.PACKAGE_CHANGED [CONTEXT service_id=17 ]
02-05 21:13:41.137 W/ChimeraUtils( 1336): Module com.google.android.gms.nearby_en missing resource null(0)
02-05 21:13:41.153 W/ChimeraUtils( 1336): Module com.google.android.gms.nearby_en missing resource null(0)
02-05 21:13:41.154 D/Capacitor( 5304): Registering plugin instance: CapacitorCookies
02-05 21:13:41.169 D/Capacitor( 5304): Registering plugin instance: WebView
02-05 21:13:41.176 D/Capacitor( 5304): Registering plugin instance: CapacitorHttp
02-05 21:13:41.180 D/Capacitor( 5304): Registering plugin instance: SystemBars
02-05 21:13:41.190 D/Capacitor( 5304): Registering plugin instance: AdMob
02-05 21:13:41.221 D/Capacitor( 5304): Registering plugin instance: App
02-05 21:13:41.226 I/Icing   ( 1905): IndexChimeraService.getServiceInterface callingPackage=com.google.android.gms componentName=AppsCorpus serviceId=36
02-05 21:13:41.227 D/Capacitor( 5304): Registering plugin instance: Browser
02-05 21:13:41.237 D/Capacitor( 5304): Registering plugin instance: Device
02-05 21:13:41.240 D/Capacitor( 5304): Registering plugin instance: Filesystem
02-05 21:13:41.250 D/Capacitor( 5304): Registering plugin instance: Haptics
02-05 21:13:41.255 I/ndroid.systemui(  813): Background young concurrent copying GC freed 145143(6832KB) AllocSpace objects, 1(20KB) LOS objects, 17% free, 28MB/34MB, paused 524us,254us total 118.368ms
02-05 21:13:41.262 D/Capacitor( 5304): Registering plugin instance: Keyboard
02-05 21:13:41.269 D/Capacitor( 5304): Registering plugin instance: Preferences
02-05 21:13:41.277 D/Capacitor( 5304): Registering plugin instance: Share
02-05 21:13:41.293 I/Icing   ( 1905): Usage reports ok 1, Failed Usage reports 0, indexed 0, rejected 0
02-05 21:13:41.305 I/Icing   ( 1905): Indexing com.google.android.gms-apps from com.google.android.gms
02-05 21:13:41.309 D/Capacitor( 5304): Registering plugin instance: StatusBar
02-05 21:13:41.330 V/Capacitor/StatusBarPlugin( 5304): Notifying listeners for event statusBarOverlayChanged
02-05 21:13:41.330 D/Capacitor/StatusBarPlugin( 5304): No listeners found for event statusBarOverlayChanged
02-05 21:13:41.333 I/Icing   ( 1905): Indexing done com.google.android.gms-apps
02-05 21:13:41.333 V/Capacitor/StatusBarPlugin( 5304): Notifying listeners for event statusBarOverlayChanged
02-05 21:13:41.333 D/Capacitor/StatusBarPlugin( 5304): No listeners found for event statusBarOverlayChanged
02-05 21:13:41.341 I/Icing   ( 1905): IndexChimeraService.getServiceInterface callingPackage=com.google.android.gms componentName=null serviceId=30
02-05 21:13:41.369 I/Icing   ( 1905): Usage reports ok 0, Failed Usage reports 0, indexed 0, rejected 0
02-05 21:13:41.379 D/android.hardware.audio@7.1-impl.ranchu(  359): threadLoop: entering standby, frames: 529856
02-05 21:13:41.394 W/Capacitor( 5304): Unable to read file at path public/plugins
02-05 21:13:41.403 D/Capacitor( 5304): Loading app at https://localhost
02-05 21:13:41.434 I/cr_LibraryLoader( 5342): Successfully loaded native library
02-05 21:13:41.438 I/cr_CachingUmaRecorder( 5342): Flushed 2 samples from 2 histograms.
02-05 21:13:41.445 W/cr_media( 5304): BLUETOOTH_CONNECT permission is missing.
02-05 21:13:41.457 W/SystemServiceRegistry( 5342): No service published for: uimode
02-05 21:13:41.460 W/cr_media( 5304): registerBluetoothIntentsIfNeeded: Requires BLUETOOTH permission
02-05 21:13:41.463 E/TaskPersister(  572): File error accessing recents directory (directory doesn't exist?).
02-05 21:13:41.514 D/Capacitor( 5304): App started
02-05 21:13:41.523 W/WindowOnBackDispatcher( 5304): OnBackInvokedCallback is not enabled for the application.
02-05 21:13:41.523 W/WindowOnBackDispatcher( 5304): Set 'android:enableOnBackInvokedCallback="true"' in the application manifest.
02-05 21:13:41.528 D/Capacitor/AppPlugin( 5304): Firing change: true
02-05 21:13:41.529 V/Capacitor/AppPlugin( 5304): Notifying listeners for event appStateChange
02-05 21:13:41.529 D/Capacitor/AppPlugin( 5304): No listeners found for event appStateChange
02-05 21:13:41.544 I/FontLog ( 1336): Received query name=Google Sans&weight=700&besteffort=false, URI content://com.google.android.gms.fonts [CONTEXT service_id=132 ]
02-05 21:13:41.545 I/FontLog ( 1336): Query [name=Google Sans&weight=700&besteffort=false] resolved to {Google Sans, wdth 100.0, wght 700, ital 0.0, bestEffort false} [CONTEXT service_id=132 ]
02-05 21:13:41.547 I/FontLog ( 1336): Fetch {Google Sans, wdth 100.0, wght 700, ital 0.0, bestEffort false} end status Status{statusCode=SUCCESS, resolution=null} [CONTEXT service_id=132 ]
02-05 21:13:41.555 V/Capacitor/BrowserPlugin( 5304): Notifying listeners for event browserFinished
02-05 21:13:41.555 D/Capacitor/BrowserPlugin( 5304): No listeners found for event browserFinished
02-05 21:13:41.556 D/Capacitor( 5304): App resumed
02-05 21:13:41.567 D/CompatibilityChangeReporter( 5304): Compat change id reported: 237531167; UID 10194; state: DISABLED
02-05 21:13:41.572 I/FontLog ( 1336): Pulling font file for id = 16, cache size = 11 [CONTEXT service_id=132 ]
02-05 21:13:41.573 W/OpenGLRenderer( 5304): Unknown dataspace 0
02-05 21:13:41.581 I/FontLog ( 1336): Received query name=Noto Color Emoji Compat&weight=400&besteffort=false, URI content://com.google.android.gms.fonts [CONTEXT service_id=132 ]
02-05 21:13:41.582 I/FontLog ( 1336): Query [name=Noto Color Emoji Compat&weight=400&besteffort=false] resolved to {Noto Color Emoji Compat, wdth 100.0, wght 400, ital 0.0, bestEffort false} [CONTEXT service_id=132 ]
02-05 21:13:41.592 I/FontLog ( 1336): Fetch {Noto Color Emoji Compat, wdth 100.0, wght 400, ital 0.0, bestEffort false} end status Status{statusCode=SUCCESS, resolution=null} [CONTEXT service_id=132 ]
02-05 21:13:41.603 I/FontLog ( 1336): Pulling font file for id = 17, cache size = 12 [CONTEXT service_id=132 ]
02-05 21:13:41.611 D/Capacitor( 5304): Handling local request: https://localhost/
02-05 21:13:41.614 I/FontLog ( 1336): Received query name=Google Sans&weight=400&besteffort=false, URI content://com.google.android.gms.fonts [CONTEXT service_id=132 ]
02-05 21:13:41.614 I/FontLog ( 1336): Query [name=Google Sans&weight=400&besteffort=false] resolved to {Google Sans, wdth 100.0, wght 400, ital 0.0, bestEffort false} [CONTEXT service_id=132 ]
02-05 21:13:41.620 I/FontLog ( 1336): Font PFD returned from cache for {Google Sans, wdth 100.0, wght 400, ital 0.0, bestEffort false} [CONTEXT service_id=132 ]
02-05 21:13:41.620 I/FontLog ( 1336): Fetch {Google Sans, wdth 100.0, wght 400, ital 0.0, bestEffort false} end status Status{statusCode=SUCCESS, resolution=null} [CONTEXT service_id=132 ]
02-05 21:13:41.643 I/FontLog ( 1336): Pulling font file for id = 18, cache size = 11 [CONTEXT service_id=132 ]
02-05 21:13:41.647 I/Choreographer( 5304): Skipped 139 frames!  The application may be doing too much work on its main thread.
02-05 21:13:41.654 I/FontLog ( 1336): Received query name=Google Sans&weight=500&besteffort=false, URI content://com.google.android.gms.fonts [CONTEXT service_id=132 ]
02-05 21:13:41.654 I/FontLog ( 1336): Query [name=Google Sans&weight=500&besteffort=false] resolved to {Google Sans, wdth 100.0, wght 500, ital 0.0, bestEffort false} [CONTEXT service_id=132 ]
02-05 21:13:41.656 I/FontLog ( 1336): Font PFD returned from cache for {Google Sans, wdth 100.0, wght 500, ital 0.0, bestEffort false} [CONTEXT service_id=132 ]
02-05 21:13:41.656 I/FontLog ( 1336): Fetch {Google Sans, wdth 100.0, wght 500, ital 0.0, bestEffort false} end status Status{statusCode=SUCCESS, resolution=null} [CONTEXT service_id=132 ]
02-05 21:13:41.656 D/CompatibilityChangeReporter( 5304): Compat change id reported: 193247900; UID 10194; state: ENABLED
02-05 21:13:41.669 I/FontLog ( 1336): Pulling font file for id = 19, cache size = 8 [CONTEXT service_id=132 ]
02-05 21:13:41.677 D/CoreBackPreview(  572): Window{135b214 u0 com.sheldrapps.epubcoverchanger/com.sheldrapps.epubcoverchanger.MainActivity}: Setting back callback OnBackInvokedCallbackInfo{mCallback=android.window.IOnBackInvokedCallback$Stub$Proxy@f9a2262, mPriority=0, mIsAnimationCallback=false}
02-05 21:13:41.695 W/ServiceManagerCppClient(  420): Permission failure: android.permission.ROTATE_SURFACE_FLINGER from uid=10194 pid=0
02-05 21:13:41.695 W/ServiceManagerCppClient(  420): Permission failure: android.permission.ROTATE_SURFACE_FLINGER from uid=10194 pid=5304
02-05 21:13:41.695 D/PermissionCache(  420): checking android.permission.ROTATE_SURFACE_FLINGER for uid=10194 => denied (729 us)
02-05 21:13:41.695 D/PermissionCache(  420): checking android.permission.ROTATE_SURFACE_FLINGER for uid=10194 => denied (294 us)
02-05 21:13:41.695 W/ServiceManagerCppClient(  420): Permission failure: android.permission.INTERNAL_SYSTEM_WINDOW from uid=10194 pid=0
02-05 21:13:41.696 D/PermissionCache(  420): checking android.permission.INTERNAL_SYSTEM_WINDOW for uid=10194 => denied (612 us)
02-05 21:13:41.696 W/ServiceManagerCppClient(  420): Permission failure: android.permission.INTERNAL_SYSTEM_WINDOW from uid=10194 pid=5304
02-05 21:13:41.697 D/PermissionCache(  420): checking android.permission.INTERNAL_SYSTEM_WINDOW for uid=10194 => denied (1505 us)
02-05 21:13:41.697 W/ServiceManagerCppClient(  420): Permission failure: android.permission.ACCESS_SURFACE_FLINGER from uid=10194 pid=0
02-05 21:13:41.697 D/PermissionCache(  420): checking android.permission.ACCESS_SURFACE_FLINGER for uid=10194 => denied (1233 us)
02-05 21:13:41.701 W/ServiceManagerCppClient(  420): Permission failure: android.permission.ACCESS_SURFACE_FLINGER from uid=10194 pid=5304
02-05 21:13:41.701 D/PermissionCache(  420): checking android.permission.ACCESS_SURFACE_FLINGER for uid=10194 => denied (4342 us)
02-05 21:13:41.714 W/OpenGLRenderer( 5304): Failed to choose config with EGL_SWAP_BEHAVIOR_PRESERVED, retrying without...
02-05 21:13:41.714 W/OpenGLRenderer( 5304): Failed to initialize 101010-2 format, error = EGL_SUCCESS
02-05 21:13:41.721 I/ndroid.systemui(  813): Background concurrent copying GC freed 377212(19MB) AllocSpace objects, 0(0B) LOS objects, 49% free, 18MB/36MB, paused 7.851ms,194us total 168.701ms
02-05 21:13:41.764 I/servicemanager(    0): Could not find android.hardware.graphics.allocator.IAllocator/default in the VINTF manifest.
02-05 21:13:41.802 I/hwservicemanager(  158): getTransport: Cannot find entry android.hardware.graphics.mapper@4.0::IMapper/default in either framework or device VINTF manifest.
02-05 21:13:41.803 I/Gralloc4( 5304): mapper 4.x is not supported
02-05 21:13:41.848 D/Capacitor( 5304): Handling local request: https://localhost/chunk-5KZKPASM.js
02-05 21:13:41.858 D/Capacitor( 5304): Handling local request: https://localhost/chunk-KSS56CNU.js
02-05 21:13:41.859 D/Capacitor( 5304): Handling local request: https://localhost/chunk-DEVTY4CT.js
02-05 21:13:41.863 D/Capacitor( 5304): Handling local request: https://localhost/chunk-W2SUZD3I.js
02-05 21:13:41.865 D/Capacitor( 5304): Handling local request: https://localhost/chunk-7VOVD5RS.js
02-05 21:13:41.868 D/Capacitor( 5304): Handling local request: https://localhost/chunk-XS4KRL2S.js
02-05 21:13:41.956 D/Capacitor( 5304): Handling local request: https://localhost/chunk-FECV7Y2Q.js
02-05 21:13:41.960 D/Capacitor( 5304): Handling local request: https://localhost/chunk-FST2MOBQ.js
02-05 21:13:41.963 D/Capacitor( 5304): Handling local request: https://localhost/main-4753V7U5.js
02-05 21:13:41.963 D/Capacitor( 5304): Handling local request: https://localhost/chunk-PJ4HFVQH.js
02-05 21:13:41.964 D/Capacitor( 5304): Handling local request: https://localhost/chunk-TMO2NVFB.js
02-05 21:13:41.965 D/Capacitor( 5304): Handling local request: https://localhost/polyfills-VUABYZRX.js
02-05 21:13:41.966 D/Capacitor( 5304): Handling local request: https://localhost/styles-JUF2IQA6.css
02-05 21:13:41.991 E/OpenGLRenderer( 5304): Unable to match the desired swap behavior.
02-05 21:13:42.043 W/ServiceManagerCppClient(  572): Permission failure: android.permission.ROTATE_SURFACE_FLINGER from uid=10194 pid=0
02-05 21:13:42.044 D/PermissionCache(  572): checking android.permission.ROTATE_SURFACE_FLINGER for uid=10194 => denied (350 us)
02-05 21:13:42.044 W/ServiceManagerCppClient(  572): Permission failure: android.permission.INTERNAL_SYSTEM_WINDOW from uid=10194 pid=0
02-05 21:13:42.044 D/PermissionCache(  572): checking android.permission.INTERNAL_SYSTEM_WINDOW for uid=10194 => denied (454 us)
02-05 21:13:42.044 W/ServiceManagerCppClient(  572): Permission failure: android.permission.ACCESS_SURFACE_FLINGER from uid=10194 pid=0
02-05 21:13:42.045 D/PermissionCache(  572): checking android.permission.ACCESS_SURFACE_FLINGER for uid=10194 => denied (269 us)
02-05 21:13:42.051 I/OpenGLRenderer( 5304): Davey! duration=2701ms; Flags=1, FrameTimelineVsyncId=84547, IntendedVsync=297330373236, Vsync=299647039810, InputEventId=0, HandleInputStart=299649655200, AnimationStart=299649686300, PerformTraversalsStart=299652668400, DrawStart=299992450200, FrameDeadline=297347039902, FrameInterval=299647180300, FrameStartTime=16666666, SyncQueued=299994279800, SyncStart=300010454700, IssueDrawCommandsStart=300011397500, SwapBuffers=300039564100, FrameCompleted=300048386000, DequeueBufferDuration=22600, QueueBufferDuration=451400, GpuCompleted=300048386000, SwapBuffersCompleted=300042691500, DisplayPresentTime=0, CommandSubmissionCompleted=300039564100, 
02-05 21:13:42.061 W/ziparchive(  572): Unable to open '/data/app/~~l0PJ1VssKnOAnD9JaDvr5w==/com.sheldrapps.epubcoverchanger-C0eMHKb4g6DS08k8EJw-JQ==/base.dm': No such file or directory
02-05 21:13:42.074 I/ActivityTaskManager(  572): Displayed com.sheldrapps.epubcoverchanger/.MainActivity for user 0: +3s715ms
02-05 21:13:42.100 I/cr_VariationsUtils( 2763): Seed download job already scheduled
02-05 21:13:42.125 D/EGL_emulation(  813): app_time_stats: avg=423.14ms min=4.04ms max=2921.38ms count=7
02-05 21:13:42.195 D/CompatibilityChangeReporter(  572): Compat change id reported: 214016041; UID 10194; state: ENABLED
02-05 21:13:42.196 I/ImeTracker(  572): com.sheldrapps.epubcoverchanger:310a6b73: onRequestHide at ORIGIN_SERVER_HIDE_INPUT reason HIDE_UNSPECIFIED_WINDOW
02-05 21:13:42.199 I/ImeTracker(  572): com.sheldrapps.epubcoverchanger:310a6b73: onCancelled at PHASE_SERVER_SHOULD_HIDE
02-05 21:13:42.235 I/GoogleInputMethodService( 1556): GoogleInputMethodService.onFinishInput():3227 
02-05 21:13:42.246 I/GoogleInputMethodService( 1556): GoogleInputMethodService.updateDeviceLockedStatus():2087 repeatCheckTimes = 0, unlocked = true
02-05 21:13:42.249 I/GoogleInputMethodService( 1556): GoogleInputMethodService.onStartInput():1877 onStartInput(EditorInfo{inputType=0x0(NULL) imeOptions=0x12000000 privateImeOptions=null actionName=UNSPECIFIED actionLabel=null actionId=0 initialSelStart=-1 initialSelEnd=-1 initialCapsMode=0x0 hintText=null label=null packageName=com.sheldrapps.epubcoverchanger fieldId=0 fieldName=null extras=null}, false)
02-05 21:13:42.249 I/GoogleInputMethodService( 1556): GoogleInputMethodService.shouldHideHeaderOnInitialState():4008 ShouldHideHeaderOnInitialState = false
02-05 21:13:42.250 I/GoogleInputMethodService( 1556): GoogleInputMethodService.updateDeviceLockedStatus():2087 repeatCheckTimes = 2, unlocked = true
02-05 21:13:42.277 I/FontLog ( 1336): Received query Noto Color Emoji Compat, URI content://com.google.android.gms.fonts [CONTEXT service_id=132 ]
02-05 21:13:42.277 I/FontLog ( 1336): Query [emojicompat-emoji-font] resolved to {Noto Color Emoji Compat, wdth 100.0, wght 400, ital 0.0, bestEffort false} [CONTEXT service_id=132 ]
02-05 21:13:42.280 I/FontLog ( 1336): Fetch {Noto Color Emoji Compat, wdth 100.0, wght 400, ital 0.0, bestEffort false} end status Status{statusCode=SUCCESS, resolution=null} [CONTEXT service_id=132 ]
02-05 21:13:42.298 I/FontLog ( 1336): Pulling font file for id = 20, cache size = 9 [CONTEXT service_id=132 ]
02-05 21:13:42.315 D/OneSearchSuggestProvider( 1094): Shut down the binder channel
02-05 21:13:42.343 I/FontLog ( 1336): Pulling font file for id = 20, cache size = 9 [CONTEXT service_id=132 ]
02-05 21:13:42.346 I/IPCThreadState( 1094): oneway function results for code 2 on binder at 0x7e392a818f00 will be dropped but finished with status UNKNOWN_TRANSACTION
02-05 21:13:42.413 I/ImeTracker( 1094): com.google.android.apps.nexuslauncher:1d6d9dfa: onRequestHide at ORIGIN_CLIENT_HIDE_SOFT_INPUT reason HIDE_SOFT_INPUT
02-05 21:13:42.430 I/ImeTracker( 1094): com.google.android.apps.nexuslauncher:1d6d9dfa: onFailed at PHASE_CLIENT_VIEW_SERVED
02-05 21:13:42.455 W/WindowOnBackDispatcher(  813): sendCancelIfRunning: isInProgress=falsecallback=android.view.ViewRootImpl$$ExternalSyntheticLambda17@f1a12b9
02-05 21:13:42.456 D/CoreBackPreview(  572): Window{3da08c2 u0 Splash Screen com.sheldrapps.epubcoverchanger EXITING}: Setting back callback null
02-05 21:13:42.461 W/InputManager-JNI(  572): Input channel object '3da08c2 Splash Screen com.sheldrapps.epubcoverchanger (client)' was disposed without first being removed with the input manager!
02-05 21:13:42.553 W/earchbox:search( 2030): Cleared Reference was only reachable from finalizer (only reported once)
02-05 21:13:42.805 D/Capacitor( 5304): Handling local request: https://localhost/chunk-HO53I5H6.js
02-05 21:13:42.819 D/Capacitor( 5304): Handling local request: https://localhost/chunk-MSK3Z2LJ.js
02-05 21:13:42.823 D/Capacitor( 5304): Handling local request: https://localhost/chunk-IKPZBII5.js
02-05 21:13:42.823 D/Capacitor( 5304): Handling local request: https://localhost/chunk-UCGIEPAF.js
02-05 21:13:42.824 D/Capacitor( 5304): Handling local request: https://localhost/chunk-FJ4Q42G7.js
02-05 21:13:42.824 D/Capacitor( 5304): Handling local request: https://localhost/chunk-FH4UWWR6.js
02-05 21:13:42.825 D/Capacitor( 5304): Handling local request: https://localhost/chunk-ZYIY7MYH.js
02-05 21:13:42.827 D/Capacitor( 5304): Handling local request: https://localhost/chunk-C724G3AP.js
02-05 21:13:42.841 D/Capacitor( 5304): Handling local request: https://localhost/chunk-W52LF4ZR.js
02-05 21:13:42.842 D/Capacitor( 5304): Handling local request: https://localhost/chunk-CXPRV6SX.js
02-05 21:13:42.843 D/Capacitor( 5304): Handling local request: https://localhost/chunk-UZRXXY6V.js
02-05 21:13:42.844 D/Capacitor( 5304): Handling local request: https://localhost/chunk-OJO2UNAX.js
02-05 21:13:42.845 D/Capacitor( 5304): Handling local request: https://localhost/chunk-B7O3QC5Z.js
02-05 21:13:42.996 I/Capacitor/Console( 5304): File: https://localhost/main-4753V7U5.js - Line 1 - Msg: [i18n-kit] USING i18n-kit v1.0.0
02-05 21:13:43.002 W/Capacitor/Console( 5304): File: https://localhost/chunk-FECV7Y2Q.js - Line 7 - Msg: The `useDefaultLang` and `defaultLanguage` options are deprecated. Please use `fallbackLang` instead.
02-05 21:13:43.003 I/Capacitor/Console( 5304): File: https://localhost/chunk-7VOVD5RS.js - Line 1 - Msg: [settings-kit] Providing settings-kit: ecc
02-05 21:13:43.008 I/Capacitor/Console( 5304): File: https://localhost/chunk-KSS56CNU.js - Line 1 - Msg: [file-kit] Providing file-kit
02-05 21:13:43.008 D/Capacitor( 5304): Handling local request: https://localhost/chunk-G5N6MLNR.js
02-05 21:13:43.061 I/Capacitor/Console( 5304): File: https://localhost/chunk-7VOVD5RS.js - Line 1 - Msg: [settings-kit] SettingsStore created: [object Object]
02-05 21:13:43.061 I/Capacitor/Console( 5304): File: https://localhost/chunk-7VOVD5RS.js - Line 1 - Msg: [settings-kit] Loading settings from: ecc.settings
02-05 21:13:43.099 D/Capacitor( 5304): Handling local request: https://localhost/chunk-JAQKNVUK.js
02-05 21:13:43.126 I/Capacitor/Console( 5304): File: https://localhost/chunk-7VOVD5RS.js - Line 1 - Msg: [settings-kit] No stored settings found
02-05 21:13:43.126 I/Capacitor/Console( 5304): File: https://localhost/chunk-7VOVD5RS.js - Line 1 - Msg: [settings-kit] Running legacy migration
02-05 21:13:43.127 I/Capacitor/Console( 5304): File: https://localhost/chunk-7VOVD5RS.js - Line 1 - Msg: [settings-kit] Running legacy migration
02-05 21:13:43.128 I/Capacitor/Console( 5304): File: https://localhost/main-4753V7U5.js - Line 1 - Msg: [ecc] Running legacy migration for language settings
02-05 21:13:43.144 D/Capacitor( 5304): Handling local request: https://localhost/chunk-II6MEWUP.js
02-05 21:13:43.145 I/Capacitor/Console( 5304): File: https://localhost/main-4753V7U5.js - Line 1 - Msg: [ecc] No valid legacy language found, using defaults
02-05 21:13:43.155 I/Capacitor/Console( 5304): File: https://localhost/chunk-7VOVD5RS.js - Line 1 - Msg: [i18n-kit] LanguageService.set() called with: es-MX
02-05 21:13:43.155 I/Capacitor/Console( 5304): File: https://localhost/chunk-7VOVD5RS.js - Line 1 - Msg: [i18n-kit] normalized language: es-MX
02-05 21:13:43.157 I/Capacitor/Console( 5304): File: https://localhost/chunk-7VOVD5RS.js - Line 1 - Msg: [i18n-kit] valid language (after fallback): es-MX
02-05 21:13:43.157 I/Capacitor/Console( 5304): File: https://localhost/chunk-7VOVD5RS.js - Line 1 - Msg: [i18n-kit] localStorage.setItem("lang", "es-MX")
02-05 21:13:43.158 I/Capacitor/Console( 5304): File: https://localhost/chunk-7VOVD5RS.js - Line 1 - Msg: [i18n-kit] calling translate.use("es-MX")
02-05 21:13:43.158 I/Capacitor/Console( 5304): File: https://localhost/main-4753V7U5.js - Line 1 - Msg: [i18n-kit] loader.getTranslation lang: es-MX
02-05 21:13:43.159 I/Capacitor/Console( 5304): File: https://localhost/main-4753V7U5.js - Line 1 - Msg: [i18n-kit] loader.getTranslation url: ./assets/i18n/es-MX.json
02-05 21:13:43.168 D/Capacitor( 5304): Handling local request: https://localhost/assets/i18n/es-MX.json
02-05 21:13:43.193 D/EGL_emulation( 5304): app_time_stats: avg=286.84ms min=74.78ms max=591.35ms count=4
02-05 21:13:43.198 I/Capacitor/Console( 5304): File: https://localhost/chunk-7VOVD5RS.js - Line 1 - Msg: [i18n-kit] translate.currentLang after use(): es-MX
02-05 21:13:43.206 I/Capacitor/Console( 5304): File:  - Line 349 - Msg: [object Object]
02-05 21:13:43.212 V/Capacitor/Plugin( 5304): To native (Capacitor plugin): callbackId: 26895500, pluginId: AdMob, methodName: requestConsentInfo
02-05 21:13:43.215 V/Capacitor( 5304): callback: 26895500, pluginId: AdMob, methodName: requestConsentInfo, methodData: {}
02-05 21:13:43.219 I/Capacitor/Console( 5304): File: https://localhost/chunk-7VOVD5RS.js - Line 1 - Msg: [settings-kit] Using Capacitor Preferences
02-05 21:13:43.226 D/Capacitor( 5304): Handling local request: https://localhost/assets/icon/favicon.png
02-05 21:13:43.227 D/Capacitor( 5304): Handling local request: https://localhost/chunk-XXSVE54S.js
02-05 21:13:43.228 D/Capacitor( 5304): Handling local request: https://localhost/chunk-UK5D54EA.js
02-05 21:13:43.228 D/Capacitor( 5304): Handling local request: https://localhost/chunk-K2MCGBJ7.js
02-05 21:13:43.230 D/Capacitor( 5304): Handling local request: https://localhost/chunk-RYPW3QQR.js
02-05 21:13:43.259 D/UserMessagingPlatform( 5304): Stored info not exists: IABTCF_TCString
02-05 21:13:43.260 D/UserMessagingPlatform( 5304): Stored info not exists: IABGPP_HDR_GppString
02-05 21:13:43.260 D/UserMessagingPlatform( 5304): Stored info not exists: IABGPP_GppSID
02-05 21:13:43.260 D/UserMessagingPlatform( 5304): Stored info not exists: IABUSPrivacy_String
02-05 21:13:43.277 I/CapacitorCookies( 5304): Getting cookies at: 'https://fundingchoicesmessages.google.com/a/consent'
02-05 21:13:43.285 I/resolv  (  353): GetAddrInfoHandler::run: {101 101 101 983141 10194 0}
02-05 21:13:43.289 I/resolv  (  353): res_nmkquery: (QUERY, IN, AAAA)
02-05 21:13:43.291 I/resolv  (  353): res_nmkquery: (QUERY, IN, A)
02-05 21:13:43.298 I/resolv  (  353): res_nsend: used send_dg 100 terrno: 0
02-05 21:13:43.298 I/resolv  (  353): doQuery: rcode=0, ancount=2, return value=100
02-05 21:13:43.304 I/resolv  (  353): res_nsend: used send_dg 88 terrno: 0
02-05 21:13:43.305 I/resolv  (  353): doQuery: rcode=0, ancount=2, return value=88
02-05 21:13:43.309 D/TrafficStats( 5304): tagSocket(217) with statsTag=0xffffffff, statsUid=-1
02-05 21:13:43.317 D/Capacitor( 5304): Handling local request: https://localhost/chunk-7WHNHXLT.js
02-05 21:13:43.329 I/Capacitor/Console( 5304): File:  - Line 349 - Msg: [object Object]
02-05 21:13:43.331 D/Capacitor( 5304): Handling local request: https://localhost/chunk-GXO2DYC2.js
02-05 21:13:43.335 D/Capacitor( 5304): Handling local request: https://localhost/chunk-Y523AZWT.js
02-05 21:13:43.337 V/Capacitor/Plugin( 5304): To native (Capacitor plugin): callbackId: 26895501, pluginId: App, methodName: addListener
02-05 21:13:43.338 V/Capacitor( 5304): callback: 26895501, pluginId: App, methodName: addListener, methodData: {"eventName":"backButton"}
02-05 21:13:43.349 D/Capacitor( 5304): Handling local request: https://localhost/chunk-5AO352VS.js
02-05 21:13:43.472 I/Capacitor/Console( 5304): File:  - Line 349 - Msg: [object Object]
02-05 21:13:43.476 V/Capacitor/Plugin( 5304): To native (Capacitor plugin): callbackId: 26895502, pluginId: Keyboard, methodName: getResizeMode
02-05 21:13:43.476 V/Capacitor( 5304): callback: 26895502, pluginId: Keyboard, methodName: getResizeMode, methodData: {}
02-05 21:13:43.479 D/Capacitor( 5304): Sending plugin error: {"save":false,"callbackId":"26895502","pluginId":"Keyboard","methodName":"getResizeMode","success":false,"error":{"message":"not implemented","code":"UNIMPLEMENTED"}}
02-05 21:13:43.498 I/Capacitor/Console( 5304): File: https://localhost/chunk-KSS56CNU.js - Line 1 - Msg: [file-kit] FileKitService initialized
02-05 21:13:43.582 W/UserMessagingPlatform( 5304): Metrics reporting URL is not set yet.
02-05 21:13:43.586 W/UserMessagingPlatform( 5304): Publisher misconfiguration: Failed to read publisher's account configuration; no form(s) configured for the input app ID. Verify that you have configured one or more forms for this application and try again. Received app ID: `ca-app-pub-1676607690625695~8691340082`.
02-05 21:13:43.587 D/Capacitor( 5304): Sending plugin error: {"save":false,"callbackId":"26895500","pluginId":"AdMob","methodName":"requestConsentInfo","success":false,"error":{"message":"Publisher misconfiguration: Failed to read publisher's account configuration; no form(s) configured for the input app ID. Verify that you have configured one or more forms for this application and try again. Received app ID: `ca-app-pub-1676607690625695~8691340082`."}}
02-05 21:13:43.641 E/Capacitor/Console( 5304): File:  - Line 330 - Msg: [object Object]
02-05 21:13:43.644 E/Capacitor/Console( 5304): File:  - Line 330 - Msg: [object Object]
02-05 21:13:43.645 D/Capacitor( 5304): Handling local request: https://localhost/assets/icon/favicon.png
