02-05 21:14:46.619 I/DropBoxManagerService(  572): add tag=system_app_strictmode isTagEnabled=true flags=0x2
02-05 21:14:46.951 D/StatusBarIconController(  813): ignoring old pipeline callbacks, because the new mobile icons are enabled
02-05 21:14:46.984 D/StatusBarIconController(  813): ignoring old pipeline callbacks, because the new mobile icons are enabled
02-05 21:14:47.984 D/StatusBarIconController(  813): ignoring old pipeline callbacks, because the new mobile icons are enabled
02-05 21:14:48.707 D/OomAdjuster(  572): Not killing cached processes
02-05 21:14:48.708 W/ProcessStats(  572): Tracking association SourceState{381bbdf com.google.android.gms/10128 BTop #4829} whose proc state 2 is better than process ProcessState{6794bc4 com.google.android.gms.persistent/10128 pkg=com.google.android.gms} proc state 4 (160 skipped)
02-05 21:14:48.984 D/StatusBarIconController(  813): ignoring old pipeline callbacks, because the new mobile icons are enabled
02-05 21:14:49.498 D/BoundBrokerSvc( 1336): onUnbind: Intent { act=com.google.android.gms.clearcut.bootcount.service.START pkg=com.google.android.gms }
02-05 21:14:49.984 D/StatusBarIconController(  813): ignoring old pipeline callbacks, because the new mobile icons are enabled
02-05 21:14:50.241 I/VoiceInputManagerWrapper( 1556): VoiceInputManagerWrapper.shutdownVoiceInternal():95 shutdownVoiceInternal()
02-05 21:14:50.684 D/BoundBrokerSvc( 1336): onUnbind: Intent { act=com.google.android.gms.semanticlocation.service.START_ODLH pkg=com.google.android.gms }
02-05 21:14:50.689 D/BoundBrokerSvc( 1905): onUnbind: Intent { act=com.google.android.gms.wallet.service.BIND pkg=com.google.android.gms }
02-05 21:14:51.244 D/BoundBrokerSvc( 1905): onUnbind: Intent { act=com.google.android.gms.pay.service.BIND dat=chimera-action:/... cmp=com.google.android.gms/.chimera.GmsApiService }
02-05 21:14:54.000 D/StatusBarIconController(  813): ignoring old pipeline callbacks, because the new mobile icons are enabled
02-05 21:14:56.007 D/StatusBarIconController(  813): ignoring old pipeline callbacks, because the new mobile icons are enabled
02-05 21:14:56.174 D/OomAdjuster(  572): Not killing cached processes
02-05 21:14:56.975 D/StatusBarIconController(  813): ignoring old pipeline callbacks, because the new mobile icons are enabled
02-05 21:14:59.018 D/StatusBarIconController(  813): ignoring old pipeline callbacks, because the new mobile icons are enabled
02-05 21:15:00.018 D/StatusBarIconController(  813): ignoring old pipeline callbacks, because the new mobile icons are enabled
02-05 21:15:00.056 D/EGL_emulation(  813): app_time_stats: avg=3430.78ms min=2.23ms max=34220.08ms count=10
02-05 21:15:00.058 I/AiAiEcho( 1604): Predicting[0]: 
02-05 21:15:00.058 I/AiAiEcho( 1604): EchoTargets: 
02-05 21:15:00.058 I/AiAiEcho( 1604): Filtered by AiAi flag check: 
02-05 21:15:00.063 I/AiAiEcho( 1604): Ranked targets strategy: SORT, count: 0, ranking metadata: 
02-05 21:15:00.074 I/AiAiEcho( 1604): #postPredictionTargets: Sending updates to UISurface lockscreen with targets# 0 (types=[])
02-05 21:15:00.091 W/PageIndicator(  813): Total number of pages invalid: 0. Assuming 1 page.
02-05 21:15:01.018 D/StatusBarIconController(  813): ignoring old pipeline callbacks, because the new mobile icons are enabled
02-05 21:15:02.018 D/StatusBarIconController(  813): ignoring old pipeline callbacks, because the new mobile icons are enabled
02-05 21:15:02.171 W/CpuMonitorService(  572): Current CPU frequency (3902620) is greater than maximum CPU frequency (2) for policy ID (0). Skipping CPU frequency policy
02-05 21:15:02.171 W/CpuMonitorService(  572): Current CPU frequency (3774461) is greater than maximum CPU frequency (2) for policy ID (2). Skipping CPU frequency policy
02-05 21:15:04.034 D/StatusBarIconController(  813): ignoring old pipeline callbacks, because the new mobile icons are enabled
02-05 21:15:04.195 D/OomAdjuster(  572): Not killing cached processes
02-05 21:15:04.195 W/ProcessStats(  572): Tracking association SourceState{e081239 com.google.android.gms/10128 BTop #4865} whose proc state 2 is better than process ProcessState{6794bc4 com.google.android.gms.persistent/10128 pkg=com.google.android.gms} proc state 4 (111 skipped)
02-05 21:15:05.034 D/StatusBarIconController(  813): ignoring old pipeline callbacks, because the new mobile icons are enabled
02-05 21:15:06.951 D/StatusBarIconController(  813): ignoring old pipeline callbacks, because the new mobile icons are enabled
02-05 21:15:07.034 D/StatusBarIconController(  813): ignoring old pipeline callbacks, because the new mobile icons are enabled
02-05 21:15:08.034 D/StatusBarIconController(  813): ignoring old pipeline callbacks, because the new mobile icons are enabled
02-05 21:15:10.050 D/StatusBarIconController(  813): ignoring old pipeline callbacks, because the new mobile icons are enabled
02-05 21:15:12.050 D/StatusBarIconController(  813): ignoring old pipeline callbacks, because the new mobile icons are enabled
02-05 21:15:14.643 D/TaplEvents( 1094): TIS / TouchInteractionService.onInputEvent: MotionEvent { action=ACTION_DOWN, actionButton=0, id[0]=0, x[0]=238.98535, y[0]=44.970703, toolType[0]=TOOL_TYPE_FINGER, buttonState=0, classification=NONE, metaState=0, flags=0x0, edgeFlags=0x0, pointerCount=1, historySize=0, eventTime=392642, downTime=392642, deviceId=4, source=0x5002, displayId=0, eventId=674884684 }
02-05 21:15:14.799 W/WindowOnBackDispatcher(  813): OnBackInvokedCallback is not enabled for the application.
02-05 21:15:14.799 W/WindowOnBackDispatcher(  813): Set 'android:enableOnBackInvokedCallback="true"' in the application manifest.
02-05 21:15:14.801 D/CentralSurfaces(  813): Received new disable state: enaihbcrso.qingr (unchanged)
02-05 21:15:14.840 W/RingtonePlayer(  813): STOP command without a player
02-05 21:15:14.889 D/EGL_emulation( 2575): app_time_stats: avg=38403.95ms min=38403.95ms max=38403.95ms count=1
02-05 21:15:14.964 E/OpenGLRenderer(  813): Unable to match the desired swap behavior.
02-05 21:15:15.027 D/TaplEvents( 1094): TIS / TouchInteractionService.onInputEvent: MotionEvent { action=ACTION_UP, actionButton=0, id[0]=0, x[0]=194.98535, y[0]=954.93164, toolType[0]=TOOL_TYPE_FINGER, buttonState=0, classification=NONE, metaState=0, flags=0x0, edgeFlags=0x0, pointerCount=1, historySize=0, eventTime=393026, downTime=392642, deviceId=4, source=0x5002, displayId=0, eventId=537627200 }
02-05 21:15:15.070 D/CentralSurfaces(  813): Received new disable state: enaihbcrso.qingr (unchanged)
02-05 21:15:15.208 D/EGL_emulation(  813): app_time_stats: avg=15150.74ms min=15150.74ms max=15150.74ms count=1
02-05 21:15:15.215 D/StatusBarIconController(  813): ignoring old pipeline callbacks, because the new mobile icons are enabled
02-05 21:15:15.323 D/SystemServerTiming(  572): getUserSwitchability-0
02-05 21:15:15.324 D/SystemServerTiming(  572): TM.isInCall
02-05 21:15:15.324 D/SystemServerTiming(  572): getUserSwitchability-0
02-05 21:15:15.324 D/SystemServerTiming(  572): TM.isInCall
02-05 21:15:15.326 D/EGL_emulation(  813): app_time_stats: avg=1609.97ms min=1.77ms max=47822.77ms count=30
02-05 21:15:15.340 V/SystemServerTiming(  572): TM.isInCall took to complete: 16ms
02-05 21:15:15.340 D/SystemServerTiming(  572): hasUserRestriction-DISALLOW_USER_SWITCH
02-05 21:15:15.341 V/SystemServerTiming(  572): hasUserRestriction-DISALLOW_USER_SWITCH took to complete: 0ms
02-05 21:15:15.341 D/SystemServerTiming(  572): getInt-ALLOW_USER_SWITCHING_WHEN_SYSTEM_USER_LOCKED
02-05 21:15:15.342 V/SystemServerTiming(  572): TM.isInCall took to complete: 15ms
02-05 21:15:15.342 D/SystemServerTiming(  572): hasUserRestriction-DISALLOW_USER_SWITCH
02-05 21:15:15.342 V/SystemServerTiming(  572): getInt-ALLOW_USER_SWITCHING_WHEN_SYSTEM_USER_LOCKED took to complete: 0ms
02-05 21:15:15.342 D/SystemServerTiming(  572): isUserUnlocked-USER_SYSTEM
02-05 21:15:15.343 V/SystemServerTiming(  572): isUserUnlocked-USER_SYSTEM took to complete: 0ms
02-05 21:15:15.344 V/SystemServerTiming(  572): getUserSwitchability-0 took to complete: 20ms
02-05 21:15:15.344 V/SystemServerTiming(  572): hasUserRestriction-DISALLOW_USER_SWITCH took to complete: 0ms
02-05 21:15:15.345 D/SystemServerTiming(  572): getInt-ALLOW_USER_SWITCHING_WHEN_SYSTEM_USER_LOCKED
02-05 21:15:15.345 V/SystemServerTiming(  572): getInt-ALLOW_USER_SWITCHING_WHEN_SYSTEM_USER_LOCKED took to complete: 0ms
02-05 21:15:15.346 D/SystemServerTiming(  572): isUserUnlocked-USER_SYSTEM
02-05 21:15:15.347 V/SystemServerTiming(  572): isUserUnlocked-USER_SYSTEM took to complete: 0ms
02-05 21:15:15.347 V/SystemServerTiming(  572): getUserSwitchability-0 took to complete: 23ms
02-05 21:15:15.359 D/DLObserver(  813): add listener: com.android.systemui.dock.DockManagerExtensionsKt$retrieveIsDocked$1$callback$1@a4f9415
02-05 21:15:15.388 D/BiometricsRepositoryImpl(  813): currentUser authFlags changed, new value: AuthenticationFlags(userId=0, flag=0)
02-05 21:15:15.390 D/DLObserver(  813): onDockEvent mDockState = 0
02-05 21:15:15.393 D/DLObserver(  813): add listener: com.android.systemui.dock.DockManagerExtensionsKt$retrieveIsDocked$1$callback$1@c7bc7f6
02-05 21:15:15.403 D/BiometricsRepositoryImpl(  813): currentUser authFlags changed, new value: AuthenticationFlags(userId=0, flag=0)
02-05 21:15:15.403 D/DLObserver(  813): onDockEvent mDockState = 0
02-05 21:15:15.406 D/DLObserver(  813): add listener: com.android.systemui.dock.DockManagerExtensionsKt$retrieveIsDocked$1$callback$1@5e547f7
02-05 21:15:15.408 D/DLObserver(  813): add listener: com.android.systemui.dock.DockManagerExtensionsKt$retrieveIsDocked$1$callback$1@e971664
02-05 21:15:15.412 D/DLObserver(  813): add listener: com.android.systemui.dock.DockManagerExtensionsKt$retrieveIsDocked$1$callback$1@47f30cd
02-05 21:15:15.427 D/DLObserver(  813): add listener: com.android.systemui.dock.DockManagerExtensionsKt$retrieveIsDocked$1$callback$1@6946d82
02-05 21:15:15.427 D/BiometricsRepositoryImpl(  813): currentUser authFlags changed, new value: AuthenticationFlags(userId=0, flag=0)
02-05 21:15:15.428 D/DLObserver(  813): onDockEvent mDockState = 0
02-05 21:15:15.429 D/BiometricsRepositoryImpl(  813): currentUser authFlags changed, new value: AuthenticationFlags(userId=0, flag=0)
02-05 21:15:15.430 D/DLObserver(  813): onDockEvent mDockState = 0
02-05 21:15:15.431 D/BiometricsRepositoryImpl(  813): currentUser authFlags changed, new value: AuthenticationFlags(userId=0, flag=0)
02-05 21:15:15.431 D/DLObserver(  813): onDockEvent mDockState = 0
02-05 21:15:15.447 D/BiometricsRepositoryImpl(  813): currentUser authFlags changed, new value: AuthenticationFlags(userId=0, flag=0)
02-05 21:15:15.447 D/DLObserver(  813): onDockEvent mDockState = 0
02-05 21:15:15.451 D/ControlsListingControllerImpl(  813): Subscribing callback, service count: 0
02-05 21:15:15.468 E/QuickAccessWalletKeyguardQuickAffordanceConfig(  813): Wallet card retrieval error, message: "null"
02-05 21:15:15.491 E/QuickAccessWalletKeyguardQuickAffordanceConfig(  813): Wallet card retrieval error, message: "null"
02-05 21:15:15.505 E/QuickAccessWalletKeyguardQuickAffordanceConfig(  813): Wallet card retrieval error, message: "null"
02-05 21:15:15.522 D/ControlsListingControllerImpl(  813): Subscribing callback, service count: 0
02-05 21:15:15.523 D/ControlsListingControllerImpl(  813): Subscribing callback, service count: 0
02-05 21:15:15.632 W/NotificationHistory(  572): Attempted to add notif for locked/gone/disabled user 0
02-05 21:15:16.069 D/StatusBarIconController(  813): ignoring old pipeline callbacks, because the new mobile icons are enabled
02-05 21:15:16.350 D/EGL_emulation(  813): app_time_stats: avg=20.99ms min=2.57ms max=52.25ms count=47
02-05 21:15:16.505 D/TaplEvents( 1094): TIS / TouchInteractionService.onInputEvent: MotionEvent { action=ACTION_DOWN, actionButton=0, id[0]=0, x[0]=334.9619, y[0]=701.9531, toolType[0]=TOOL_TYPE_FINGER, buttonState=0, classification=NONE, metaState=0, flags=0x0, edgeFlags=0x0, pointerCount=1, historySize=0, eventTime=394503, downTime=394503, deviceId=4, source=0x5002, displayId=0, eventId=90416901 }
02-05 21:15:16.533 D/EGL_emulation(  813): app_time_stats: avg=39.03ms min=3.02ms max=445.43ms count=34
02-05 21:15:16.692 D/TaplEvents( 1094): TIS / TouchInteractionService.onInputEvent: MotionEvent { action=ACTION_UP, actionButton=0, id[0]=0, x[0]=807.95703, y[0]=675.95215, toolType[0]=TOOL_TYPE_FINGER, buttonState=0, classification=NONE, metaState=0, flags=0x0, edgeFlags=0x0, pointerCount=1, historySize=0, eventTime=394690, downTime=394503, deviceId=4, source=0x5002, displayId=0, eventId=818217866 }
02-05 21:15:16.719 D/SafetyCenterNR(  572): Received broadcast with action com.android.safetycenter.action.NOTIFICATION_DISMISSED
02-05 21:15:16.738 D/CompatibilityChangeReporter(  572): Compat change id reported: 175319604; UID 1000; state: ENABLED
02-05 21:15:16.738 D/CompatibilityChangeReporter(  572): Compat change id reported: 195579280; UID 1000; state: ENABLED
02-05 21:15:16.739 D/CompatibilityChangeReporter(  572): Compat change id reported: 175319604; UID 10168; state: ENABLED
02-05 21:15:16.739 D/CompatibilityChangeReporter(  572): Compat change id reported: 195579280; UID 10168; state: ENABLED
02-05 21:15:16.740 D/CompatibilityChangeReporter(  572): Compat change id reported: 175319604; UID 10169; state: ENABLED
02-05 21:15:16.740 D/CompatibilityChangeReporter(  572): Compat change id reported: 195579280; UID 10169; state: ENABLED
02-05 21:15:16.741 D/CompatibilityChangeReporter(  572): Compat change id reported: 175319604; UID 10126; state: ENABLED
02-05 21:15:16.742 D/EGL_emulation(  813): app_time_stats: avg=1533.16ms min=1533.16ms max=1533.16ms count=1
02-05 21:15:16.742 D/CompatibilityChangeReporter(  572): Compat change id reported: 195579280; UID 10126; state: ENABLED
02-05 21:15:16.953 D/StatusBarIconController(  813): ignoring old pipeline callbacks, because the new mobile icons are enabled
02-05 21:15:17.072 D/StatusBarIconController(  813): ignoring old pipeline callbacks, because the new mobile icons are enabled
02-05 21:15:17.425 D/TaplEvents( 1094): TIS / TouchInteractionService.onInputEvent: MotionEvent { action=ACTION_DOWN, actionButton=0, id[0]=0, x[0]=251.97168, y[0]=812.91504, toolType[0]=TOOL_TYPE_FINGER, buttonState=0, classification=NONE, metaState=0, flags=0x0, edgeFlags=0x0, pointerCount=1, historySize=0, eventTime=395425, downTime=395425, deviceId=4, source=0x5002, displayId=0, eventId=590699584 }
02-05 21:15:17.538 D/EGL_emulation(  813): app_time_stats: avg=18.59ms min=2.63ms max=266.90ms count=40
02-05 21:15:17.583 D/TaplEvents( 1094): TIS / TouchInteractionService.onInputEvent: MotionEvent { action=ACTION_UP, actionButton=0, id[0]=0, x[0]=928.9492, y[0]=850.92773, toolType[0]=TOOL_TYPE_FINGER, buttonState=0, classification=NONE, metaState=0, flags=0x0, edgeFlags=0x0, pointerCount=1, historySize=0, eventTime=395582, downTime=395425, deviceId=4, source=0x5002, displayId=0, eventId=129960829 }
02-05 21:15:17.737 W/FrameTracker(  813): Missing HWUI jank callback for vsyncId: 156663, CUJ=J<NOTIFICATION_SHADE_ROW_SWIPE>
02-05 21:15:17.738 W/FrameTracker(  813): Missed App frame:UNKNOWN: 24, 156707, 68872794, CUJ=J<NOTIFICATION_SHADE_ROW_SWIPE>
02-05 21:15:17.738 W/FrameTracker(  813): Missed SF frame:UNKNOWN: 24, 156707, 68872794, CUJ=J<NOTIFICATION_SHADE_ROW_SWIPE>
02-05 21:15:17.738 W/FrameTracker(  813): Missed SF frame:UNKNOWN: 80, 156728, 0, CUJ=J<NOTIFICATION_SHADE_ROW_SWIPE>
02-05 21:15:17.738 W/FrameTracker(  813): Missing HWUI jank callback for vsyncId: 156728, CUJ=J<NOTIFICATION_SHADE_ROW_SWIPE>
02-05 21:15:17.741 W/FrameTracker(  813): Missed SF frame:UNKNOWN: 80, 156765, 31856630, CUJ=J<NOTIFICATION_SHADE_ROW_SWIPE>
02-05 21:15:17.741 W/FrameTracker(  813): Missed SF frame:UNKNOWN: 80, 156780, 33739864, CUJ=J<NOTIFICATION_SHADE_ROW_SWIPE>
02-05 21:15:17.741 W/FrameTracker(  813): Missed SF frame:UNKNOWN: 80, 156795, 29172398, CUJ=J<NOTIFICATION_SHADE_ROW_SWIPE>
02-05 21:15:18.026 D/TaplEvents( 1094): TIS / TouchInteractionService.onInputEvent: MotionEvent { action=ACTION_DOWN, actionButton=0, id[0]=0, x[0]=353.9795, y[0]=1240.9424, toolType[0]=TOOL_TYPE_FINGER, buttonState=0, classification=NONE, metaState=0, flags=0x0, edgeFlags=0x0, pointerCount=1, historySize=0, eventTime=396025, downTime=396025, deviceId=4, source=0x5002, displayId=0, eventId=109588782 }
02-05 21:15:18.078 D/StatusBarIconController(  813): ignoring old pipeline callbacks, because the new mobile icons are enabled
02-05 21:15:18.099 D/CentralSurfaces(  813): Received new disable state: enaihbcrso.qingr (unchanged)
02-05 21:15:18.128 D/EGL_emulation(  813): app_time_stats: avg=461.47ms min=46.70ms max=900.49ms count=3
02-05 21:15:18.190 I/BpBinder(  420): onLastStrongRef automatically unlinking death recipients: 
02-05 21:15:18.198 I/BpBinder(  420): onLastStrongRef automatically unlinking death recipients: 
02-05 21:15:18.206 D/TaplEvents( 1094): TIS / TouchInteractionService.onInputEvent: MotionEvent { action=ACTION_UP, actionButton=0, id[0]=0, x[0]=553.9746, y[0]=628.93066, toolType[0]=TOOL_TYPE_FINGER, buttonState=0, classification=NONE, metaState=0, flags=0x0, edgeFlags=0x0, pointerCount=1, historySize=0, eventTime=396205, downTime=396025, deviceId=4, source=0x5002, displayId=0, eventId=914163991 }
02-05 21:15:18.291 I/ImeTracker(  572): com.android.chrome:9ff34477: onRequestHide at ORIGIN_SERVER_HIDE_INPUT reason HIDE_SAME_WINDOW_FOCUSED_WITHOUT_EDITOR
02-05 21:15:18.291 I/ImeTracker(  572): com.android.chrome:9ff34477: onCancelled at PHASE_SERVER_SHOULD_HIDE
02-05 21:15:18.294 I/GoogleInputMethodService( 1556): GoogleInputMethodService.onFinishInput():3227 
02-05 21:15:18.297 I/GoogleInputMethodService( 1556): GoogleInputMethodService.updateDeviceLockedStatus():2087 repeatCheckTimes = 0, unlocked = true
02-05 21:15:18.298 I/GoogleInputMethodService( 1556): GoogleInputMethodService.onStartInput():1877 onStartInput(EditorInfo{inputType=0x0(NULL) imeOptions=0x12000000 privateImeOptions=null actionName=UNSPECIFIED actionLabel=null actionId=0 initialSelStart=-1 initialSelEnd=-1 initialCapsMode=0x0 hintText=null label=null packageName=com.android.chrome fieldId=0 fieldName=null extras=null}, false)
02-05 21:15:18.298 I/GoogleInputMethodService( 1556): GoogleInputMethodService.shouldHideHeaderOnInitialState():4008 ShouldHideHeaderOnInitialState = false
02-05 21:15:18.299 I/GoogleInputMethodService( 1556): GoogleInputMethodService.updateDeviceLockedStatus():2087 repeatCheckTimes = 2, unlocked = true
02-05 21:15:18.307 D/EGL_emulation( 2575): app_time_stats: avg=563.37ms min=5.49ms max=3249.21ms count=6
02-05 21:15:18.311 D/CentralSurfaces(  813): Received new disable state: enaihbcrso.qingr (unchanged)
02-05 21:15:18.376 D/DLObserver(  813): remove listener: com.android.systemui.dock.DockManagerExtensionsKt$retrieveIsDocked$1$callback$1@a4f9415
02-05 21:15:18.377 D/ControlsListingControllerImpl(  813): Unsubscribing callback
02-05 21:15:18.378 D/DLObserver(  813): remove listener: com.android.systemui.dock.DockManagerExtensionsKt$retrieveIsDocked$1$callback$1@c7bc7f6
02-05 21:15:18.379 D/ControlsListingControllerImpl(  813): Unsubscribing callback
02-05 21:15:18.380 D/DLObserver(  813): remove listener: com.android.systemui.dock.DockManagerExtensionsKt$retrieveIsDocked$1$callback$1@e971664
02-05 21:15:18.384 D/DLObserver(  813): remove listener: com.android.systemui.dock.DockManagerExtensionsKt$retrieveIsDocked$1$callback$1@47f30cd
02-05 21:15:18.387 D/DLObserver(  813): remove listener: com.android.systemui.dock.DockManagerExtensionsKt$retrieveIsDocked$1$callback$1@6946d82
02-05 21:15:18.388 D/ControlsListingControllerImpl(  813): Unsubscribing callback
02-05 21:15:18.391 D/DLObserver(  813): remove listener: com.android.systemui.dock.DockManagerExtensionsKt$retrieveIsDocked$1$callback$1@5e547f7
02-05 21:15:19.079 D/StatusBarIconController(  813): ignoring old pipeline callbacks, because the new mobile icons are enabled
02-05 21:15:19.608 D/TaplEvents( 1094): TIS / TouchInteractionService.onInputEvent: MotionEvent { action=ACTION_DOWN, actionButton=0, id[0]=0, x[0]=578.958, y[0]=1963.916, toolType[0]=TOOL_TYPE_FINGER, buttonState=0, classification=NONE, metaState=0, flags=0x0, edgeFlags=0x0, pointerCount=1, historySize=0, eventTime=397607, downTime=397607, deviceId=4, source=0x5002, displayId=0, eventId=955524904 }
02-05 21:15:19.698 D/TaplEvents( 1094): TIS / TouchInteractionService.onInputEvent: MotionEvent { action=ACTION_UP, actionButton=0, id[0]=0, x[0]=578.958, y[0]=1963.916, toolType[0]=TOOL_TYPE_FINGER, buttonState=0, classification=NONE, metaState=0, flags=0x0, edgeFlags=0x0, pointerCount=1, historySize=0, eventTime=397696, downTime=397607, deviceId=4, source=0x5002, displayId=0, eventId=18597549 }
02-05 21:15:19.769 D/OomAdjuster(  572): Not killing cached processes
02-05 21:15:19.770 W/ProcessStats(  572): Tracking association SourceState{24d1078 com.google.android.gms/10128 BTop #4870} whose proc state 2 is better than process ProcessState{1cc6d37 com.google.android.adservices.api/10185 pkg=com.google.android.adservices.api} proc state 14 (8 skipped)
02-05 21:15:19.802 D/EGL_emulation( 2575): app_time_stats: avg=207.10ms min=3.84ms max=1381.26ms count=7
02-05 21:15:20.807 W/Icing   ( 1336): isOptedInForAppHistory: empty Account Name encountered
02-05 21:15:20.934 D/EGL_emulation( 2575): app_time_stats: avg=94.11ms min=13.58ms max=418.47ms count=12
02-05 21:15:20.935 W/ContentCaptureEvent( 1604): Text is not a SpannableString.
02-05 21:15:21.009 D/ContentCaptureSession( 2575): createContentCaptureSession(Context[id=LocusId[47_chars], hasExtras]: parent=1024888073, child=622263874
02-05 21:15:21.085 D/TelephonyManager( 1022): requestModemActivityInfo: Sending result to app: ModemActivityInfo{ mTimestamp=399084 mSleepTimeMs=0 mIdleTimeMs=399063 mActivityStatsTechSpecificInfo=[{mRat=UNKNOWN,mFrequencyRange=UNKNOWN,mTxTimeMs[]=[0, 0, 0, 0, 0],mRxTimeMs=0}]}
02-05 21:15:23.089 D/StatusBarIconController(  813): ignoring old pipeline callbacks, because the new mobile icons are enabled
02-05 21:15:24.096 D/StatusBarIconController(  813): ignoring old pipeline callbacks, because the new mobile icons are enabled
02-05 21:15:24.776 D/TaplEvents( 1094): TIS / TouchInteractionService.onInputEvent: MotionEvent { action=ACTION_DOWN, actionButton=0, id[0]=0, x[0]=540.95605, y[0]=1779.9316, toolType[0]=TOOL_TYPE_FINGER, buttonState=0, classification=NONE, metaState=0, flags=0x0, edgeFlags=0x0, pointerCount=1, historySize=0, eventTime=402774, downTime=402774, deviceId=4, source=0x5002, displayId=0, eventId=1034477038 }
02-05 21:15:24.836 D/EGL_emulation( 2575): app_time_stats: avg=3901.62ms min=3901.62ms max=3901.62ms count=1
02-05 21:15:25.098 D/StatusBarIconController(  813): ignoring old pipeline callbacks, because the new mobile icons are enabled
02-05 21:15:25.309 D/TaplEvents( 1094): TIS / TouchInteractionService.onInputEvent: MotionEvent { action=ACTION_UP, actionButton=0, id[0]=0, x[0]=674.9668, y[0]=929.95605, toolType[0]=TOOL_TYPE_FINGER, buttonState=0, classification=NONE, metaState=0, flags=0x0, edgeFlags=0x0, pointerCount=1, historySize=0, eventTime=403308, downTime=402774, deviceId=4, source=0x5002, displayId=0, eventId=56508501 }
02-05 21:15:25.459 D/CompatibilityChangeReporter( 2575): Compat change id reported: 258825825; UID 10150; state: ENABLED
02-05 21:15:25.629 D/OomAdjuster(  572): Not killing cached processes
02-05 21:15:25.654 D/TaplEvents( 1094): TIS / TouchInteractionService.onInputEvent: MotionEvent { action=ACTION_DOWN, actionButton=0, id[0]=0, x[0]=562.97266, y[0]=1699.8779, toolType[0]=TOOL_TYPE_FINGER, buttonState=0, classification=NONE, metaState=0, flags=0x0, edgeFlags=0x0, pointerCount=1, historySize=0, eventTime=403653, downTime=403653, deviceId=4, source=0x5002, displayId=0, eventId=896928688 }
02-05 21:15:26.005 D/TaplEvents( 1094): TIS / TouchInteractionService.onInputEvent: MotionEvent { action=ACTION_UP, actionButton=0, id[0]=0, x[0]=626.9785, y[0]=843.9697, toolType[0]=TOOL_TYPE_FINGER, buttonState=0, classification=NONE, metaState=0, flags=0x0, edgeFlags=0x0, pointerCount=1, historySize=0, eventTime=404005, downTime=403653, deviceId=4, source=0x5002, displayId=0, eventId=643914535 }
02-05 21:15:26.102 D/StatusBarIconController(  813): ignoring old pipeline callbacks, because the new mobile icons are enabled
02-05 21:15:26.320 D/TaplEvents( 1094): TIS / TouchInteractionService.onInputEvent: MotionEvent { action=ACTION_DOWN, actionButton=0, id[0]=0, x[0]=527.9697, y[0]=1804.9072, toolType[0]=TOOL_TYPE_FINGER, buttonState=0, classification=NONE, metaState=0, flags=0x0, edgeFlags=0x0, pointerCount=1, historySize=0, eventTime=404319, downTime=404319, deviceId=4, source=0x5002, displayId=0, eventId=400230665 }
02-05 21:15:26.590 D/TaplEvents( 1094): TIS / TouchInteractionService.onInputEvent: MotionEvent { action=ACTION_UP, actionButton=0, id[0]=0, x[0]=610.96094, y[0]=1088.9648, toolType[0]=TOOL_TYPE_FINGER, buttonState=0, classification=NONE, metaState=0, flags=0x0, edgeFlags=0x0, pointerCount=1, historySize=0, eventTime=404589, downTime=404319, deviceId=4, source=0x5002, displayId=0, eventId=75808050 }
02-05 21:15:26.937 D/StatusBarIconController(  813): ignoring old pipeline callbacks, because the new mobile icons are enabled
02-05 21:15:26.957 D/EGL_emulation(  813): app_time_stats: avg=8828.75ms min=8828.75ms max=8828.75ms count=1
02-05 21:15:27.104 D/StatusBarIconController(  813): ignoring old pipeline callbacks, because the new mobile icons are enabled
02-05 21:15:27.408 D/TaplEvents( 1094): TIS / TouchInteractionService.onInputEvent: MotionEvent { action=ACTION_DOWN, actionButton=0, id[0]=0, x[0]=276.9873, y[0]=1503.8818, toolType[0]=TOOL_TYPE_FINGER, buttonState=0, classification=NONE, metaState=0, flags=0x0, edgeFlags=0x0, pointerCount=1, historySize=0, eventTime=405407, downTime=405407, deviceId=4, source=0x5002, displayId=0, eventId=512525212 }
02-05 21:15:27.565 D/TaplEvents( 1094): TIS / TouchInteractionService.onInputEvent: MotionEvent { action=ACTION_UP, actionButton=0, id[0]=0, x[0]=273.98828, y[0]=1503.8818, toolType[0]=TOOL_TYPE_FINGER, buttonState=0, classification=NONE, metaState=0, flags=0x0, edgeFlags=0x0, pointerCount=1, historySize=0, eventTime=405565, downTime=405407, deviceId=4, source=0x5002, displayId=0, eventId=918514296 }
02-05 21:15:28.106 D/StatusBarIconController(  813): ignoring old pipeline callbacks, because the new mobile icons are enabled
02-05 21:15:28.854 D/EGL_emulation( 2575): app_time_stats: avg=4017.38ms min=4017.38ms max=4017.38ms count=1
02-05 21:15:29.191 V/MediaStore( 2575): Examining volume emulated;0 with name external_primary and state mounted
02-05 21:15:29.192 V/MediaStore( 2575): Examining volume public:253,80 with name 0000-0000 and state mounted
02-05 21:15:29.200 V/MediaStore( 2575): Examining volume emulated;0 with name external_primary and state mounted
02-05 21:15:29.200 V/MediaStore( 2575): Examining volume public:253,80 with name 0000-0000 and state mounted
02-05 21:15:29.205 V/MediaStore( 2575): Examining volume emulated;0 with name external_primary and state mounted
02-05 21:15:29.205 V/MediaStore( 2575): Examining volume public:253,80 with name 0000-0000 and state mounted
02-05 21:15:29.225 V/MediaStore( 2575): Examining volume emulated;0 with name external_primary and state mounted
02-05 21:15:29.225 V/MediaStore( 2575): Examining volume public:253,80 with name 0000-0000 and state mounted
02-05 21:15:29.270 W/MediaProvider( 1602): isAppCloneUserPair for user 0: false
02-05 21:15:29.330 I/MediaProvider( 1602): Open with lower FS for /storage/emulated/0/Download/.pending-1770930929-el-principito.epub. Uid: 10150
02-05 21:15:29.339 I/MediaProvider( 1602): Open with lower FS for /storage/emulated/0/Download/.pending-1770930929-el-principito.epub. Uid: 10150
02-05 21:15:29.370 I/MediaProvider( 1602): Open with lower FS for /storage/emulated/0/Download/.pending-1770930929-el-principito.epub. Uid: 10150
02-05 21:15:29.374 W/cr_MessageQueueManager( 2575): MessageStateHandler#shouldShow for message with ID 16 and key org.chromium.ui.modelutil.PropertyModel@cd2df18 in MessageQueueManager#getNextMessage returned true.
02-05 21:15:29.374 I/NetworkScheduler.Stats( 1336): Task com.google.android.gms/com.google.android.gms.ipa.base.IpaGcmTaskService started execution. cause:9 exec_start_elapsed_seconds: 407 [CONTEXT service_id=218 ]
02-05 21:15:29.378 W/cr_MessageQueueManager( 2575): MessageStateHandler#shouldShow for message with ID 16 and key org.chromium.ui.modelutil.PropertyModel@cd2df18 in MessageQueueManager#updateCurrentDisplayedMessage returned true.
02-05 21:15:29.391 W/cr_MessageQueueManager( 2575): Currently displaying message with ID 16 and key org.chromium.ui.modelutil.PropertyModel@cd2df18.
02-05 21:15:29.395 D/CompatibilityChangeReporter(  572): Compat change id reported: 135634846; UID 90006; state: DISABLED
02-05 21:15:29.397 W/View    ( 2575): requestLayout() improperly called by android.view.SurfaceView{f63588e V.ED..... ......ID 0,0-1080,2209} during layout: running second layout pass
02-05 21:15:29.404 D/CompatibilityChangeReporter(  572): Compat change id reported: 143937733; UID 10150; state: ENABLED
02-05 21:15:29.412 D/Zygote  ( 4169): Forked child process 5800
02-05 21:15:29.415 V/MediaStore( 2575): Examining volume emulated;0 with name external_primary and state mounted
02-05 21:15:29.415 V/MediaStore( 2575): Examining volume public:253,80 with name 0000-0000 and state mounted
02-05 21:15:29.416 I/NetworkScheduler.Stats( 1336): Task com.google.android.gms/com.google.android.gms.ipa.base.IpaGcmTaskService finished executing. cause:9 result: 1 elapsed_millis: 52 uptime_millis: 52 exec_start_elapsed_seconds: 407 [CONTEXT service_id=218 ]
02-05 21:15:29.424 I/ocessService0:6( 5800): Using CollectorTypeCC GC.
02-05 21:15:29.427 W/ocessService0:6( 5800): Unexpected CPU variant for x86: x86_64.
02-05 21:15:29.427 W/ocessService0:6( 5800): Known variants: atom, sandybridge, silvermont, goldmont, goldmont-plus, tremont, kabylake, default
02-05 21:15:29.434 E/ocessService0:6( 5800): Not starting debugger since process cannot load the jdwp agent.
02-05 21:15:29.453 W/ActivityManager(  572): Slow operation: 58ms so far, now at startProcess: returned from zygote!
02-05 21:15:29.453 W/ActivityManager(  572): Slow operation: 58ms so far, now at startProcess: done updating battery stats
02-05 21:15:29.454 W/ActivityManager(  572): Slow operation: 59ms so far, now at startProcess: building log message
02-05 21:15:29.455 I/ActivityManager(  572): Start proc 5800:com.android.chrome:sandboxed_process0:org.chromium.content.app.SandboxedProcessService0:6/u0ai6 for  {com.android.chrome/org.chromium.content.app.SandboxedProcessService0:6}
02-05 21:15:29.455 W/ActivityManager(  572): Slow operation: 60ms so far, now at startProcess: starting to update pids map
02-05 21:15:29.456 W/ActivityManager(  572): Slow operation: 61ms so far, now at startProcess: done updating pids map
02-05 21:15:29.471 D/CompatibilityChangeReporter( 5800): Compat change id reported: 171979766; UID 90006; state: ENABLED
02-05 21:15:29.473 D/CompatibilityChangeReporter( 5800): Compat change id reported: 242716250; UID 90006; state: ENABLED
02-05 21:15:29.494 I/LoadedApk( 5800): No resource references to update in package com.google.android.trichromelibrary
02-05 21:15:29.504 I/cr_SplitCompatApp( 5800): Launched version=113.0.5672.136 minSdkVersion=29 isBundle=true processName=com.android.chrome:sandboxed_process0:org.chromium.content.app.SandboxedProcessService0:6 isIsolated=true
02-05 21:15:29.509 W/SystemServiceRegistry( 5800): No service published for: uimode
02-05 21:15:29.513 I/ActivityManager(  572): Flag disabled. Ignoring finishAttachApplication from uid: 90006. pid: 5800
02-05 21:15:29.515 W/SystemServiceRegistry( 5800): No service published for: virtualdevice
02-05 21:15:29.517 I/cr_ChildProcessService( 5800): Creating new ChildProcessService pid=5800
02-05 21:15:29.529 I/cr_LibraryLoader( 5800): Successfully loaded native library
02-05 21:15:29.530 I/cr_CachingUmaRecorder( 5800): Flushed 10 samples from 10 histograms.
02-05 21:15:29.550 E/chromium( 2575): [ERROR:image_thumbnail_request.cc(97)] Failed to decode image.
02-05 21:15:29.554 I/chromium( 5800): [INFO:child_process_service.cc(69)] ChildProcessService: Exiting child process.
02-05 21:15:29.558 I/ActivityManager(  572): Killing 5800:com.android.chrome:sandboxed_process0:org.chromium.content.app.SandboxedProcessService0:6/u0a150i-8994 (adj 0): isolated not needed
02-05 21:15:29.559 I/libprocessgroup(  572): Successfully killed process cgroup uid 90006 pid 5800 in 0ms
02-05 21:15:29.573 D/CompatibilityChangeReporter( 2575): Compat change id reported: 160794467; UID 10150; state: ENABLED
02-05 21:15:29.579 I/Zygote  ( 4169): Process 5800 exited cleanly (0)
02-05 21:15:29.559 I/binder  (    0): undelivered transaction 305482, process died.
02-05 21:15:29.559 I/binder  (    0): undelivered transaction 305484, process died.
02-05 21:15:29.560 I/binder  (    0): undelivered transaction 305481, process died.
02-05 21:15:29.582 D/DisplayManagerService(  572): Drop pending events for gone uid 90006
02-05 21:15:29.594 E/system_server(  572): Cannot read thread CPU times for PID 572
02-05 21:15:29.611 W/cr_DownloadFg( 2575): startAndBindService
02-05 21:15:29.626 I/ActivityManager(  572): Background started FGS: Allowed [callingPackage: com.android.chrome; callingUid: 10150; uidState: TOP ; uidBFSL: [BFSL]; intent: Intent { cmp=com.android.chrome/org.chromium.chrome.browser.download.DownloadForegroundService }; code:PROC_STATE_TOP; tempAllowListReason:<null>; targetSdkVersion:34; callerTargetSdkVersion:34; startForegroundCount:0; bindFromPackage:null: isBindService:false]
02-05 21:15:29.641 W/chromium( 2575): [WARNING:compositor_view.cc(341)] Child process died (type=6) pid=5800)
02-05 21:15:29.656 W/cr_DownloadFg( 2575): onServiceConnected
02-05 21:15:29.657 W/cr_DownloadFg( 2575): Starting service with type 0
02-05 21:15:29.657 W/cr_DownloadFg( 2575): startOrUpdateForegroundService id: 1000001, startForeground() Called: false
02-05 21:15:29.657 W/cr_DownloadFg( 2575): startOrUpdateForegroundService new: 1000001, old: -1, kill old: false
02-05 21:15:29.658 W/cr_DownloadFg( 2575): startForegroundInternal id: 1000001
02-05 21:15:29.665 D/CompatibilityChangeReporter(  572): Compat change id reported: 170668199; UID 10150; state: ENABLED
02-05 21:15:29.665 D/CompatibilityChangeReporter(  572): Compat change id reported: 255659651; UID 10150; state: DISABLED
02-05 21:15:29.666 D/CompatibilityChangeReporter(  572): Compat change id reported: 255039210; UID 10150; state: DISABLED
02-05 21:15:29.808 W/MediaProvider( 1602): Ignoring mutation of date_expires from com.android.chrome
02-05 21:15:29.811 D/MediaProvider( 1602): Moving /storage/emulated/0/Download/.pending-1770930929-el-principito.epub to /storage/emulated/0/Download/el-principito.epub
02-05 21:15:29.818 D/CompatibilityChangeReporter(  572): Compat change id reported: 180326732; UID 10150; state: ENABLED
02-05 21:15:29.856 D/EGL_emulation( 2575): app_time_stats: avg=34.44ms min=9.79ms max=317.01ms count=29
02-05 21:15:29.877 D/MediaProvider( 1602): Identical paths /storage/emulated/0/Download/el-principito.epub; not moving
02-05 21:15:29.894 W/cr_DownloadFg( 2575): Checking if delayed stopAndUnbindService needs to be resolved.
02-05 21:15:29.895 W/cr_DownloadFg( 2575): Done checking if delayed stopAndUnbindService needs to be resolved.
02-05 21:15:29.917 W/ProcessStats(  572): Tracking association SourceState{24d1078 com.google.android.gms/10128 BTop #4923} whose proc state 2 is better than process ProcessState{1cc6d37 com.google.android.adservices.api/10185 pkg=com.google.android.adservices.api} proc state 14 (127 skipped)
02-05 21:15:29.923 V/MediaStore( 2575): Examining volume emulated;0 with name external_primary and state mounted
02-05 21:15:29.923 V/MediaStore( 2575): Examining volume public:253,80 with name 0000-0000 and state mounted
02-05 21:15:29.939 I/NetworkScheduler.Stats( 1336): Task com.google.android.gms/com.google.android.gms.ipa.base.IpaGcmTaskService started execution. cause:9 exec_start_elapsed_seconds: 407 [CONTEXT service_id=218 ]
02-05 21:15:29.970 I/NetworkScheduler.Stats( 1336): Task com.google.android.gms/com.google.android.gms.ipa.base.IpaGcmTaskService finished executing. cause:9 result: 1 elapsed_millis: 67 uptime_millis: 67 exec_start_elapsed_seconds: 407 [CONTEXT service_id=218 ]
02-05 21:15:30.098 W/cr_MessageQueueManager( 2575): MessageStateHandler#shouldShow for message with ID 16 and key org.chromium.ui.modelutil.PropertyModel@cd2df18 in MessageQueueManager#getNextMessage returned true.
02-05 21:15:30.121 D/TelephonyManager( 1022): requestModemActivityInfo: Sending result to app: ModemActivityInfo{ mTimestamp=408118 mSleepTimeMs=0 mIdleTimeMs=408096 mActivityStatsTechSpecificInfo=[{mRat=UNKNOWN,mFrequencyRange=UNKNOWN,mTxTimeMs[]=[0, 0, 0, 0, 0],mRxTimeMs=0}]}
02-05 21:15:30.374 W/cr_DownloadFg( 2575): updateDownloadStatus status: 2, id: 1000001
02-05 21:15:30.374 W/cr_DownloadFg( 2575): stopAndUnbindService status: 2
02-05 21:15:30.374 W/cr_DownloadFg( 2575): stopDownloadForegroundService status: 1, id: 1000001
02-05 21:15:30.375 W/cr_DownloadFg( 2575): stopForegroundInternal flags: 2
02-05 21:15:30.595 D/CompatibilityChangeReporter(  572): Compat change id reported: 135634846; UID 1002; state: DISABLED
02-05 21:15:30.602 D/Zygote  (  354): Forked child process 5821
02-05 21:15:30.603 I/ActivityManager(  572): Start proc 5821:com.google.android.bluetooth/1002 for service {com.google.android.bluetooth/com.android.bluetooth.btservice.AdapterService}
02-05 21:15:30.631 D/OomAdjuster(  572): Not killing cached processes
02-05 21:15:30.635 I/droid.bluetooth( 5821): Using CollectorTypeCC GC.
02-05 21:15:30.638 W/droid.bluetooth( 5821): Unexpected CPU variant for x86: x86_64.
02-05 21:15:30.638 W/droid.bluetooth( 5821): Known variants: atom, sandybridge, silvermont, goldmont, goldmont-plus, tremont, kabylake, default
02-05 21:15:30.644 E/droid.bluetooth( 5821): Not starting debugger since process cannot load the jdwp agent.
02-05 21:15:30.652 D/CompatibilityChangeReporter(  572): Compat change id reported: 168419799; UID 1002; state: DISABLED
02-05 21:15:30.653 D/CompatibilityChangeReporter(  572): Compat change id reported: 273564678; UID 1002; state: DISABLED
02-05 21:15:30.659 D/CompatibilityChangeReporter(  572): Compat change id reported: 265195908; UID 1002; state: ENABLED
02-05 21:15:30.675 D/CompatibilityChangeReporter( 5821): Compat change id reported: 171979766; UID 1002; state: ENABLED
02-05 21:15:30.676 D/CompatibilityChangeReporter( 5821): Compat change id reported: 242716250; UID 1002; state: ENABLED
02-05 21:15:30.677 W/BatteryExternalStatsWorker(  572): error reading Bluetooth stats: 9
02-05 21:15:30.690 D/TelephonyManager(  572): requestModemActivityInfo: Sending result to app: ModemActivityInfo{ mTimestamp=408690 mSleepTimeMs=0 mIdleTimeMs=408666 mActivityStatsTechSpecificInfo=[{mRat=UNKNOWN,mFrequencyRange=UNKNOWN,mTxTimeMs[]=[0, 0, 0, 0, 0],mRxTimeMs=0}]}
02-05 21:15:30.696 E/system_server(  572): Cannot read thread CPU times for PID 572
02-05 21:15:30.728 D/nativeloader( 5821): Configuring clns-shared-6 for other apk /apex/com.android.btservices/app/BluetoothGoogle@340815010/BluetoothGoogle.apk. target_sdk_version=34, uses_libraries=, library_path=/apex/com.android.btservices/app/BluetoothGoogle@340815010/lib/x86_64:/system/lib64:/system_ext/lib64, permitted_path=/data:/mnt/expand:/data/user_de/0/com.google.android.bluetooth:/apex/com.android.btservices/app/BluetoothGoogle@340815010:/system/lib64:/system_ext/lib64
02-05 21:15:30.729 D/nativeloader( 5821): InitApexLibraries:
02-05 21:15:30.729 D/nativeloader( 5821):   com_android_adservices: libhpke_jni.so:libtflite_support_classifiers_native.so
02-05 21:15:30.729 D/nativeloader( 5821):   com_android_appsearch: libicing.so
02-05 21:15:30.729 D/nativeloader( 5821):   com_android_art: libartservice.so
02-05 21:15:30.729 D/nativeloader( 5821):   com_android_btservices: libbluetooth_jni.so
02-05 21:15:30.729 D/nativeloader( 5821):   com_android_conscrypt: libjavacrypto.so
02-05 21:15:30.729 D/nativeloader( 5821):   com_android_extservices: libtflite_support_classifiers_native.so
02-05 21:15:30.729 D/nativeloader( 5821):   com_android_os_statsd: libstats_jni.so
02-05 21:15:30.729 D/nativeloader( 5821):   com_android_tethering: libandroid_net_connectivity_com_android_net_module_util_jni.so:libcronet.114.0.5735.84.so:libframework-connectivity-jni.so:libframework-connectivity-tiramisu-jni.so:libservice-connectivity.so
02-05 21:15:30.729 D/nativeloader( 5821):   com_android_uwb: libuwb_uci_jni_rust.so
02-05 21:15:30.729 D/nativeloader( 5821):   com_android_virt: libvirtualizationservice_jni.so:libvirtualmachine_jni.so
02-05 21:15:30.753 V/GraphicsEnvironment( 5821): Currently set values for:
02-05 21:15:30.753 V/GraphicsEnvironment( 5821):   angle_gl_driver_selection_pkgs=[]
02-05 21:15:30.753 V/GraphicsEnvironment( 5821):   angle_gl_driver_selection_values=[]
02-05 21:15:30.754 V/GraphicsEnvironment( 5821): ANGLE GameManagerService for com.google.android.bluetooth: false
02-05 21:15:30.754 V/GraphicsEnvironment( 5821): com.google.android.bluetooth is not listed in per-application setting
02-05 21:15:30.754 V/GraphicsEnvironment( 5821): Neither updatable production driver nor prerelease driver is supported.
02-05 21:15:30.762 I/netd    (  353): tetherGetStats() -> {[]} <11.76ms>
02-05 21:15:30.768 D/KernelCpuUidUserSysTimeReader(  572): Removing uids 90001-90001
02-05 21:15:30.769 D/KernelCpuUidUserSysTimeReader(  572): Removing uids 90002-90002
02-05 21:15:30.952 I/bt_stack_config( 5821): packages/modules/Bluetooth/system/main/stack_config.cc:199 get_pts_broadcast_audio_config_options: Config isn't ready, use default option
02-05 21:15:30.974 I/droid.bluetooth( 5821): [0205/211530.970688:INFO:btif_config_cache.cc(67)] BtifConfigCache, capacity: 10000
02-05 21:15:31.027 D/EGL_emulation( 2575): app_time_stats: avg=27.03ms min=11.60ms max=271.08ms count=43
02-05 21:15:31.034 D/DataMigration( 5821): Legacy migration skiped: already completed
02-05 21:15:31.042 I/BluetoothAvrcpControllerJni( 5821): classInitNative: succeeds
02-05 21:15:31.045 D/CompatibilityChangeReporter( 5821): Compat change id reported: 263076149; UID 1002; state: ENABLED
02-05 21:15:31.046 I/BluetoothHidHostServiceJni( 5821): classInitNative: succeeds
02-05 21:15:31.046 I/BluetoothPanServiceJni( 5821): classInitNative(L108): succeeds
02-05 21:15:31.049 I/AdapterServiceConfig( 5821): init: profile=A2dpService, enabled=true
02-05 21:15:31.049 I/AdapterServiceConfig( 5821): init: profile=A2dpSinkService, enabled=false
02-05 21:15:31.050 I/AdapterServiceConfig( 5821): init: profile=AvrcpTargetService, enabled=true
02-05 21:15:31.050 I/AdapterServiceConfig( 5821): init: profile=AvrcpControllerService, enabled=false
02-05 21:15:31.050 I/AdapterServiceConfig( 5821): init: profile=BassClientService, enabled=false
02-05 21:15:31.050 I/AdapterServiceConfig( 5821): init: profile=BatteryService, enabled=false
02-05 21:15:31.051 I/AdapterServiceConfig( 5821): init: profile=CsipSetCoordinatorService, enabled=false
02-05 21:15:31.051 I/AdapterServiceConfig( 5821): init: profile=HapClientService, enabled=false
02-05 21:15:31.051 I/AdapterServiceConfig( 5821): init: profile=HeadsetService, enabled=true
02-05 21:15:31.051 I/AdapterServiceConfig( 5821): init: profile=HeadsetClientService, enabled=false
02-05 21:15:31.051 I/AdapterServiceConfig( 5821): init: profile=HearingAidService, enabled=true
02-05 21:15:31.051 I/AdapterServiceConfig( 5821): init: profile=HidDeviceService, enabled=true
02-05 21:15:31.052 I/AdapterServiceConfig( 5821): init: profile=HidHostService, enabled=true
02-05 21:15:31.052 I/AdapterServiceConfig( 5821): init: profile=GattService, enabled=true
02-05 21:15:31.052 I/AdapterServiceConfig( 5821): init: profile=LeAudioService, enabled=false
02-05 21:15:31.052 I/AdapterServiceConfig( 5821): init: profile=TbsService, enabled=false
02-05 21:15:31.052 I/AdapterServiceConfig( 5821): init: profile=BluetoothMapService, enabled=true
02-05 21:15:31.052 I/AdapterServiceConfig( 5821): init: profile=MapClientService, enabled=false
02-05 21:15:31.053 I/AdapterServiceConfig( 5821): init: profile=McpService, enabled=true
02-05 21:15:31.053 I/AdapterServiceConfig( 5821): init: profile=BluetoothOppService, enabled=true
02-05 21:15:31.054 I/AdapterServiceConfig( 5821): init: profile=PanService, enabled=true
02-05 21:15:31.055 I/AdapterServiceConfig( 5821): init: profile=BluetoothPbapService, enabled=true
02-05 21:15:31.056 I/AdapterServiceConfig( 5821): init: profile=PbapClientService, enabled=false
02-05 21:15:31.058 I/AdapterServiceConfig( 5821): init: profile=SapService, enabled=false
02-05 21:15:31.058 I/AdapterServiceConfig( 5821): init: profile=VolumeControlService, enabled=false
02-05 21:15:31.060 I/ActivityManager(  572): Flag disabled. Ignoring finishAttachApplication from uid: 1002. pid: 5821
02-05 21:15:31.062 I/BluetoothMetricsLogger( 5821): setCounterMetricsAlarm()
02-05 21:15:31.069 D/BluetoothAdapterService( 5821): onCreate()
02-05 21:15:31.087 D/CompatibilityChangeReporter(  572): Compat change id reported: 161145287; UID 1002; state: ENABLED
02-05 21:15:31.094 D/AdapterState( 5821): make() - Creating AdapterState
02-05 21:15:31.096 I/AdapterState( 5821): OFF : entered 
02-05 21:15:31.096 D/AdapterProperties( 5821): Setting state to OFF
02-05 21:15:31.097 D/BluetoothKeystoreService( 5821): new BluetoothKeystoreService isCommonCriteriaMode: false
02-05 21:15:31.098 D/BluetoothKeystoreService( 5821): start
02-05 21:15:31.099 I/droid.bluetooth( 5821): [0205/211531.099658:INFO:com_android_bluetooth_btservice_BluetoothKeystore.cpp(97)] classInitNative: succeeds
02-05 21:15:31.100 D/BluetoothKeystoreService( 5821): setBluetoothKeystoreService(): set to: com.android.bluetooth.btservice.bluetoothkeystore.BluetoothKeystoreService@ee22cfe
02-05 21:15:31.123 D/BluetoothKeystoreService( 5821): loadConfigData
02-05 21:15:31.127 D/BluetoothKeystoreService( 5821): getCompareResult: 0
02-05 21:15:31.131 D/CompatibilityChangeReporter( 5821): Compat change id reported: 183155436; UID 1002; state: ENABLED
02-05 21:15:31.132 I/bt_btif ( 5821): packages/modules/Bluetooth/system/btif/src/bluetooth.cc:386 init: init: start restricted = 0 ; common criteria mode = 0, config compare result = 0
02-05 21:15:31.132 I/bt      ( 5821): bt_common::init_flags: Flags loaded: asha_packet_drop_frequency_threshold=60asha_phy_update_retry_limit=5always_send_services_if_gatt_disc_done=truealways_use_private_gatt_for_debugging=falseasynchronously_start_l2cap_coc=truebtaa_hci=truebta_dm_clear_conn_id_on_client_close=truebtm_dm_flush_discovery_queue_on_search_cancel=falseclassic_discovery_only=falseclear_hidd_interrupt_cid_on_disconnect=truedelay_hidh_cleanup_until_hidh_ready_start=truedevice_iot_config_logging=falsedynamic_avrcp_version_enhancement=truefinite_att_timeout=truegatt_robust_caching_client=truegatt_robust_caching_server=falsegd_core=falsegd_hal_snoop_logger_socket=truegd_hal_snoop_logger_filtering=truegd_l2cap=falsegd_link_policy=falsegd_remote_name_request=falsegd_rust=falsehci_adapter=0hfp_dynamic_version=trueirk_rotation=falseleaudio_targeted_announcement_reconnection_mode=truepass_phy_update_callback=truepbap_pse_dynamic_version_upgrade=falseperiodic_advertising_adi=trueprivate_gatt=truequeue_l2cap_coc_while_encrypting=trueread_encryption_key_size=trueredact_log=truerust_event_loop=truesco_codec_select_lc3=falsesco_codec_timeout_clear=falsesdp_serialization=truesdp_skip_rnr_if_known=truebluetooth_quality_report_callback=trueset_min_encryption=truesubrating=truetrigger_advertising_callbacks_on_first_resume_after_pause=trueuse_unified_connection_manager=falsesdp_return_classic_services_when_le_discovery_fails=truedefault_log_level=4logging_explicit_tag_settings={}
02-05 21:15:31.133 I/droid.bluetooth( 5821): [0205/211531.133894:INFO:message_loop_thread.cc(184)] Run: message loop starting for thread bt_stack_manager_thread
02-05 21:15:31.137 I/bt_stack_manager( 5821): packages/modules/Bluetooth/system/btif/src/stack_manager.cc:277 event_init_stack: is initializing the stack
02-05 21:15:31.138 I/droid.bluetooth( 5821): [0205/211531.138845:INFO:message_loop_thread.cc(184)] Run: message loop starting for thread bt_main_thread
02-05 21:15:31.139 I/device_iot_config( 5821): packages/modules/Bluetooth/system/device/src/device_iot_config_int.cc:68 device_iot_config_module_init: 
02-05 21:15:31.139 E/droid.bluetooth( 5821): [0205/211531.139760:ERROR:config.cc(106)] config_new: unable to open file '/data/misc/bluedroid/bt_remote_dev_info.conf': No such file or directory
02-05 21:15:31.140 W/device_iot_config( 5821): packages/modules/Bluetooth/system/device/src/device_iot_config_int.cc:83 device_iot_config_module_init: Unable to load config file: /data/misc/bluedroid/bt_remote_dev_info.conf; using backup.
02-05 21:15:31.140 E/droid.bluetooth( 5821): [0205/211531.140581:ERROR:config.cc(106)] config_new: unable to open file '/data/misc/bluedroid/bt_remote_dev_info.bak': No such file or directory
02-05 21:15:31.140 E/device_iot_config( 5821): packages/modules/Bluetooth/system/device/src/device_iot_config_int.cc:89 device_iot_config_module_init: Unable to load bak file; creating empty config.
02-05 21:15:31.140 I/device_iot_config( 5821): packages/modules/Bluetooth/system/device/src/device_iot_config_int.cc:130 device_iot_config_module_init: Devices loaded 0
02-05 21:15:31.142 I/bt_osi_thread( 5821): packages/modules/Bluetooth/system/osi/src/thread.cc:210 run_thread: run_thread: thread id 5850, thread name alarm_default_ca started
